ARM GAS  C:\Users\Reza\AppData\Local\Temp\cciHt4c7.s 			page 1


   1              		.syntax unified
   2              		.cpu cortex-m3
   3              		.fpu softvfp
   4              		.eabi_attribute 20, 1
   5              		.eabi_attribute 21, 1
   6              		.eabi_attribute 23, 3
   7              		.eabi_attribute 24, 1
   8              		.eabi_attribute 25, 1
   9              		.eabi_attribute 26, 1
  10              		.eabi_attribute 30, 1
  11              		.eabi_attribute 34, 1
  12              		.eabi_attribute 18, 4
  13              		.thumb
  14              		.syntax unified
  15              		.file	"CAN_Rx_INT.c"
  16              		.text
  17              	.Ltext0:
  18              		.cfi_sections	.debug_frame
  19              		.section	.text.CAN_Rx_BusOffIsr,"ax",%progbits
  20              		.align	2
  21              		.global	CAN_Rx_BusOffIsr
  22              		.thumb
  23              		.thumb_func
  24              		.type	CAN_Rx_BusOffIsr, %function
  25              	CAN_Rx_BusOffIsr:
  26              	.LFB68:
  27              		.file 1 "Generated_Source\\PSoC5\\CAN_Rx_INT.c"
   1:Generated_Source\PSoC5/CAN_Rx_INT.c **** /*******************************************************************************
   2:Generated_Source\PSoC5/CAN_Rx_INT.c **** * File Name: CAN_Rx_INT.c
   3:Generated_Source\PSoC5/CAN_Rx_INT.c **** * Version 3.0
   4:Generated_Source\PSoC5/CAN_Rx_INT.c **** *
   5:Generated_Source\PSoC5/CAN_Rx_INT.c **** * Description:
   6:Generated_Source\PSoC5/CAN_Rx_INT.c **** *  This file contains Interrupt Service Routine (ISR) for CAN Component.
   7:Generated_Source\PSoC5/CAN_Rx_INT.c **** *  The Interrupt handlers functions are generated accordingly to the PSoC
   8:Generated_Source\PSoC5/CAN_Rx_INT.c **** *  Creator Customizer inputs.
   9:Generated_Source\PSoC5/CAN_Rx_INT.c **** *
  10:Generated_Source\PSoC5/CAN_Rx_INT.c **** * Note:
  11:Generated_Source\PSoC5/CAN_Rx_INT.c **** *  None
  12:Generated_Source\PSoC5/CAN_Rx_INT.c **** *
  13:Generated_Source\PSoC5/CAN_Rx_INT.c **** ********************************************************************************
  14:Generated_Source\PSoC5/CAN_Rx_INT.c **** * Copyright 2008-2015, Cypress Semiconductor Corporation.  All rights reserved.
  15:Generated_Source\PSoC5/CAN_Rx_INT.c **** * You may use this file only in accordance with the license, terms, conditions,
  16:Generated_Source\PSoC5/CAN_Rx_INT.c **** * disclaimers, and limitations in the end user license agreement accompanying
  17:Generated_Source\PSoC5/CAN_Rx_INT.c **** * the software package with which this file was provided.
  18:Generated_Source\PSoC5/CAN_Rx_INT.c **** *******************************************************************************/
  19:Generated_Source\PSoC5/CAN_Rx_INT.c **** 
  20:Generated_Source\PSoC5/CAN_Rx_INT.c **** #include "CAN_Rx.h"
  21:Generated_Source\PSoC5/CAN_Rx_INT.c **** #include "FreeRTOS.h"
  22:Generated_Source\PSoC5/CAN_Rx_INT.c **** #include "semphr.h"
  23:Generated_Source\PSoC5/CAN_Rx_INT.c **** #include "portmacro.h"
  24:Generated_Source\PSoC5/CAN_Rx_INT.c **** #include "UART_LOG.h"
  25:Generated_Source\PSoC5/CAN_Rx_INT.c **** #include "global.h"
  26:Generated_Source\PSoC5/CAN_Rx_INT.c **** 
  27:Generated_Source\PSoC5/CAN_Rx_INT.c **** 
  28:Generated_Source\PSoC5/CAN_Rx_INT.c **** /* `#START CAN_INT_C_CODE_DEFINITION` */
  29:Generated_Source\PSoC5/CAN_Rx_INT.c **** extern xSemaphoreHandle RxGiver;
  30:Generated_Source\PSoC5/CAN_Rx_INT.c **** extern boolean_t startpacket;
ARM GAS  C:\Users\Reza\AppData\Local\Temp\cciHt4c7.s 			page 2


  31:Generated_Source\PSoC5/CAN_Rx_INT.c **** extern boolean_t endpacket;
  32:Generated_Source\PSoC5/CAN_Rx_INT.c **** /* `#END` */
  33:Generated_Source\PSoC5/CAN_Rx_INT.c **** 
  34:Generated_Source\PSoC5/CAN_Rx_INT.c **** #if (CAN_Rx_ARB_LOST)
  35:Generated_Source\PSoC5/CAN_Rx_INT.c ****     /*******************************************************************************
  36:Generated_Source\PSoC5/CAN_Rx_INT.c ****     * FUNCTION NAME:   CAN_Rx_ArbLostIsr
  37:Generated_Source\PSoC5/CAN_Rx_INT.c ****     ********************************************************************************
  38:Generated_Source\PSoC5/CAN_Rx_INT.c ****     *
  39:Generated_Source\PSoC5/CAN_Rx_INT.c ****     * Summary:
  40:Generated_Source\PSoC5/CAN_Rx_INT.c ****     *  This function is entry point to Arbitration Lost Interrupt. Clears
  41:Generated_Source\PSoC5/CAN_Rx_INT.c ****     *  Arbitration Lost interrupt flag. Only generated if Arbitration Lost
  42:Generated_Source\PSoC5/CAN_Rx_INT.c ****     *  Interrupt enable in Customizer.
  43:Generated_Source\PSoC5/CAN_Rx_INT.c ****     *
  44:Generated_Source\PSoC5/CAN_Rx_INT.c ****     * Parameters:
  45:Generated_Source\PSoC5/CAN_Rx_INT.c ****     *  None.
  46:Generated_Source\PSoC5/CAN_Rx_INT.c ****     *
  47:Generated_Source\PSoC5/CAN_Rx_INT.c ****     * Return:
  48:Generated_Source\PSoC5/CAN_Rx_INT.c ****     *  None.
  49:Generated_Source\PSoC5/CAN_Rx_INT.c ****     *
  50:Generated_Source\PSoC5/CAN_Rx_INT.c ****     * Reentrant:
  51:Generated_Source\PSoC5/CAN_Rx_INT.c ****     *  Depends on Customer code.
  52:Generated_Source\PSoC5/CAN_Rx_INT.c ****     *
  53:Generated_Source\PSoC5/CAN_Rx_INT.c ****     *******************************************************************************/
  54:Generated_Source\PSoC5/CAN_Rx_INT.c ****     void CAN_Rx_ArbLostIsr(void) 
  55:Generated_Source\PSoC5/CAN_Rx_INT.c ****     {
  56:Generated_Source\PSoC5/CAN_Rx_INT.c ****         /* Clear Arbitration Lost flag */
  57:Generated_Source\PSoC5/CAN_Rx_INT.c ****         CAN_Rx_INT_SR_REG.byte[0u] = CAN_Rx_ARBITRATION_LOST_MASK;
  58:Generated_Source\PSoC5/CAN_Rx_INT.c **** 
  59:Generated_Source\PSoC5/CAN_Rx_INT.c ****         /* `#START ARBITRATION_LOST_ISR` */
  60:Generated_Source\PSoC5/CAN_Rx_INT.c **** 
  61:Generated_Source\PSoC5/CAN_Rx_INT.c ****         /* `#END` */
  62:Generated_Source\PSoC5/CAN_Rx_INT.c **** 
  63:Generated_Source\PSoC5/CAN_Rx_INT.c ****         #ifdef CAN_Rx_ARB_LOST_ISR_CALLBACK
  64:Generated_Source\PSoC5/CAN_Rx_INT.c ****             CAN_Rx_ArbLostIsr_Callback();
  65:Generated_Source\PSoC5/CAN_Rx_INT.c ****         #endif /* CAN_Rx_ARB_LOST_ISR_CALLBACK */
  66:Generated_Source\PSoC5/CAN_Rx_INT.c ****     }
  67:Generated_Source\PSoC5/CAN_Rx_INT.c **** #endif /* CAN_Rx_ARB_LOST */
  68:Generated_Source\PSoC5/CAN_Rx_INT.c **** 
  69:Generated_Source\PSoC5/CAN_Rx_INT.c **** 
  70:Generated_Source\PSoC5/CAN_Rx_INT.c **** #if (CAN_Rx_OVERLOAD)
  71:Generated_Source\PSoC5/CAN_Rx_INT.c ****     /*******************************************************************************
  72:Generated_Source\PSoC5/CAN_Rx_INT.c ****     * FUNCTION NAME:   CAN_Rx_OvrLdErrorIsr
  73:Generated_Source\PSoC5/CAN_Rx_INT.c ****     ********************************************************************************
  74:Generated_Source\PSoC5/CAN_Rx_INT.c ****     *
  75:Generated_Source\PSoC5/CAN_Rx_INT.c ****     * Summary:
  76:Generated_Source\PSoC5/CAN_Rx_INT.c ****     *  This function is entry point to Overload Error Interrupt. Clears Overload
  77:Generated_Source\PSoC5/CAN_Rx_INT.c ****     *  Error interrupt flag. Only generated if Overload Error Interrupt enable
  78:Generated_Source\PSoC5/CAN_Rx_INT.c ****     *  in Customizer.
  79:Generated_Source\PSoC5/CAN_Rx_INT.c ****     *
  80:Generated_Source\PSoC5/CAN_Rx_INT.c ****     * Parameters:
  81:Generated_Source\PSoC5/CAN_Rx_INT.c ****     *  None.
  82:Generated_Source\PSoC5/CAN_Rx_INT.c ****     *
  83:Generated_Source\PSoC5/CAN_Rx_INT.c ****     * Return:
  84:Generated_Source\PSoC5/CAN_Rx_INT.c ****     *  None.
  85:Generated_Source\PSoC5/CAN_Rx_INT.c ****     *
  86:Generated_Source\PSoC5/CAN_Rx_INT.c ****     * Reentrant:
  87:Generated_Source\PSoC5/CAN_Rx_INT.c ****     *  Depends on Customer code.
ARM GAS  C:\Users\Reza\AppData\Local\Temp\cciHt4c7.s 			page 3


  88:Generated_Source\PSoC5/CAN_Rx_INT.c ****     *
  89:Generated_Source\PSoC5/CAN_Rx_INT.c ****     *******************************************************************************/
  90:Generated_Source\PSoC5/CAN_Rx_INT.c ****     void CAN_Rx_OvrLdErrorIsr(void) 
  91:Generated_Source\PSoC5/CAN_Rx_INT.c ****     {
  92:Generated_Source\PSoC5/CAN_Rx_INT.c ****         /* Clear Overload Error flag */
  93:Generated_Source\PSoC5/CAN_Rx_INT.c ****         CAN_Rx_INT_SR_REG.byte[0u] = CAN_Rx_OVERLOAD_ERROR_MASK;
  94:Generated_Source\PSoC5/CAN_Rx_INT.c **** 
  95:Generated_Source\PSoC5/CAN_Rx_INT.c ****         /* `#START OVER_LOAD_ERROR_ISR` */
  96:Generated_Source\PSoC5/CAN_Rx_INT.c **** 
  97:Generated_Source\PSoC5/CAN_Rx_INT.c ****         /* `#END` */
  98:Generated_Source\PSoC5/CAN_Rx_INT.c **** 
  99:Generated_Source\PSoC5/CAN_Rx_INT.c ****         #ifdef CAN_Rx_OVR_LD_ERROR_ISR_CALLBACK
 100:Generated_Source\PSoC5/CAN_Rx_INT.c ****             CAN_Rx_OvrLdErrorIsr_Callback();
 101:Generated_Source\PSoC5/CAN_Rx_INT.c ****         #endif /* CAN_Rx_OVR_LD_ERROR_ISR_CALLBACK */
 102:Generated_Source\PSoC5/CAN_Rx_INT.c ****     }
 103:Generated_Source\PSoC5/CAN_Rx_INT.c **** #endif /* CAN_Rx_OVERLOAD */
 104:Generated_Source\PSoC5/CAN_Rx_INT.c **** 
 105:Generated_Source\PSoC5/CAN_Rx_INT.c **** 
 106:Generated_Source\PSoC5/CAN_Rx_INT.c **** #if (CAN_Rx_BIT_ERR)
 107:Generated_Source\PSoC5/CAN_Rx_INT.c ****     /*******************************************************************************
 108:Generated_Source\PSoC5/CAN_Rx_INT.c ****     * FUNCTION NAME:   CAN_Rx_BitErrorIsr
 109:Generated_Source\PSoC5/CAN_Rx_INT.c ****     ********************************************************************************
 110:Generated_Source\PSoC5/CAN_Rx_INT.c ****     *
 111:Generated_Source\PSoC5/CAN_Rx_INT.c ****     * Summary:
 112:Generated_Source\PSoC5/CAN_Rx_INT.c ****     *  This function is entry point to Bit Error Interrupt. Clears Bit Error
 113:Generated_Source\PSoC5/CAN_Rx_INT.c ****     *  interrupt flag. Only generated if Bit Error Interrupt enable in Customizer.
 114:Generated_Source\PSoC5/CAN_Rx_INT.c ****     *
 115:Generated_Source\PSoC5/CAN_Rx_INT.c ****     * Parameters:
 116:Generated_Source\PSoC5/CAN_Rx_INT.c ****     *  None.
 117:Generated_Source\PSoC5/CAN_Rx_INT.c ****     *
 118:Generated_Source\PSoC5/CAN_Rx_INT.c ****     * Return:
 119:Generated_Source\PSoC5/CAN_Rx_INT.c ****     *  None.
 120:Generated_Source\PSoC5/CAN_Rx_INT.c ****     *
 121:Generated_Source\PSoC5/CAN_Rx_INT.c ****     * Reentrant:
 122:Generated_Source\PSoC5/CAN_Rx_INT.c ****     *  Depends on Customer code.
 123:Generated_Source\PSoC5/CAN_Rx_INT.c ****     *
 124:Generated_Source\PSoC5/CAN_Rx_INT.c ****     *******************************************************************************/
 125:Generated_Source\PSoC5/CAN_Rx_INT.c ****     void CAN_Rx_BitErrorIsr(void) 
 126:Generated_Source\PSoC5/CAN_Rx_INT.c ****     {
 127:Generated_Source\PSoC5/CAN_Rx_INT.c ****         /* Clear Bit Error flag */
 128:Generated_Source\PSoC5/CAN_Rx_INT.c ****         CAN_Rx_INT_SR_REG.byte[0u] = CAN_Rx_BIT_ERROR_MASK;
 129:Generated_Source\PSoC5/CAN_Rx_INT.c **** 
 130:Generated_Source\PSoC5/CAN_Rx_INT.c ****         /* `#START BIT_ERROR_ISR` */
 131:Generated_Source\PSoC5/CAN_Rx_INT.c **** 
 132:Generated_Source\PSoC5/CAN_Rx_INT.c ****         /* `#END` */
 133:Generated_Source\PSoC5/CAN_Rx_INT.c **** 
 134:Generated_Source\PSoC5/CAN_Rx_INT.c ****         #ifdef CAN_Rx_BIT_ERROR_ISR_CALLBACK
 135:Generated_Source\PSoC5/CAN_Rx_INT.c ****             CAN_Rx_BitErrorIsr_Callback();
 136:Generated_Source\PSoC5/CAN_Rx_INT.c ****         #endif /* CAN_Rx_BIT_ERROR_ISR_CALLBACK */
 137:Generated_Source\PSoC5/CAN_Rx_INT.c ****     }
 138:Generated_Source\PSoC5/CAN_Rx_INT.c **** #endif /* CAN_Rx_BIT_ERR */
 139:Generated_Source\PSoC5/CAN_Rx_INT.c **** 
 140:Generated_Source\PSoC5/CAN_Rx_INT.c **** 
 141:Generated_Source\PSoC5/CAN_Rx_INT.c **** #if (CAN_Rx_STUFF_ERR)
 142:Generated_Source\PSoC5/CAN_Rx_INT.c ****     /*******************************************************************************
 143:Generated_Source\PSoC5/CAN_Rx_INT.c ****     * FUNCTION NAME:   CAN_Rx_BitStuffErrorIsr
 144:Generated_Source\PSoC5/CAN_Rx_INT.c ****     ********************************************************************************
ARM GAS  C:\Users\Reza\AppData\Local\Temp\cciHt4c7.s 			page 4


 145:Generated_Source\PSoC5/CAN_Rx_INT.c ****     *
 146:Generated_Source\PSoC5/CAN_Rx_INT.c ****     * Summary:
 147:Generated_Source\PSoC5/CAN_Rx_INT.c ****     *  This function is entry point to Bit Stuff Error Interrupt. Clears Bit Stuff
 148:Generated_Source\PSoC5/CAN_Rx_INT.c ****     *  Error interrupt flag. Only generated if Bit Stuff Error Interrupt enable
 149:Generated_Source\PSoC5/CAN_Rx_INT.c ****     *  in Customizer.
 150:Generated_Source\PSoC5/CAN_Rx_INT.c ****     *
 151:Generated_Source\PSoC5/CAN_Rx_INT.c ****     * Parameters:
 152:Generated_Source\PSoC5/CAN_Rx_INT.c ****     *  None.
 153:Generated_Source\PSoC5/CAN_Rx_INT.c ****     *
 154:Generated_Source\PSoC5/CAN_Rx_INT.c ****     * Return:
 155:Generated_Source\PSoC5/CAN_Rx_INT.c ****     *  None.
 156:Generated_Source\PSoC5/CAN_Rx_INT.c ****     *
 157:Generated_Source\PSoC5/CAN_Rx_INT.c ****     * Reentrant:
 158:Generated_Source\PSoC5/CAN_Rx_INT.c ****     *  Depends on Customer code.
 159:Generated_Source\PSoC5/CAN_Rx_INT.c ****     *
 160:Generated_Source\PSoC5/CAN_Rx_INT.c ****     *******************************************************************************/
 161:Generated_Source\PSoC5/CAN_Rx_INT.c ****     void CAN_Rx_BitStuffErrorIsr(void) 
 162:Generated_Source\PSoC5/CAN_Rx_INT.c ****     {
 163:Generated_Source\PSoC5/CAN_Rx_INT.c ****         /* Clear Stuff Error flag */
 164:Generated_Source\PSoC5/CAN_Rx_INT.c ****         CAN_Rx_INT_SR_REG.byte[0u] = CAN_Rx_STUFF_ERROR_MASK;
 165:Generated_Source\PSoC5/CAN_Rx_INT.c **** 
 166:Generated_Source\PSoC5/CAN_Rx_INT.c ****         /* `#START BIT_STUFF_ERROR_ISR` */
 167:Generated_Source\PSoC5/CAN_Rx_INT.c **** 
 168:Generated_Source\PSoC5/CAN_Rx_INT.c ****         /* `#END` */
 169:Generated_Source\PSoC5/CAN_Rx_INT.c **** 
 170:Generated_Source\PSoC5/CAN_Rx_INT.c ****         #ifdef CAN_Rx_BIT_STUFF_ERROR_ISR_CALLBACK
 171:Generated_Source\PSoC5/CAN_Rx_INT.c ****             CAN_Rx_BitStuffErrorIsr_Callback();
 172:Generated_Source\PSoC5/CAN_Rx_INT.c ****         #endif /* CAN_Rx_BIT_STUFF_ERROR_ISR_CALLBACK */
 173:Generated_Source\PSoC5/CAN_Rx_INT.c ****     }
 174:Generated_Source\PSoC5/CAN_Rx_INT.c **** #endif /* CAN_Rx_STUFF_ERR */
 175:Generated_Source\PSoC5/CAN_Rx_INT.c **** 
 176:Generated_Source\PSoC5/CAN_Rx_INT.c **** 
 177:Generated_Source\PSoC5/CAN_Rx_INT.c **** #if (CAN_Rx_ACK_ERR)
 178:Generated_Source\PSoC5/CAN_Rx_INT.c ****     /*******************************************************************************
 179:Generated_Source\PSoC5/CAN_Rx_INT.c ****     * FUNCTION NAME:   CAN_Rx_AckErrorIsr
 180:Generated_Source\PSoC5/CAN_Rx_INT.c ****     ********************************************************************************
 181:Generated_Source\PSoC5/CAN_Rx_INT.c ****     *
 182:Generated_Source\PSoC5/CAN_Rx_INT.c ****     * Summary:
 183:Generated_Source\PSoC5/CAN_Rx_INT.c ****     *  This function is entry point to Acknowledge Error Interrupt. Clears
 184:Generated_Source\PSoC5/CAN_Rx_INT.c ****     *  Acknowledge Error interrupt flag. Only generated if Acknowledge Error
 185:Generated_Source\PSoC5/CAN_Rx_INT.c ****     *  Interrupt enable in Customizer.
 186:Generated_Source\PSoC5/CAN_Rx_INT.c ****     *
 187:Generated_Source\PSoC5/CAN_Rx_INT.c ****     * Parameters:
 188:Generated_Source\PSoC5/CAN_Rx_INT.c ****     *  None.
 189:Generated_Source\PSoC5/CAN_Rx_INT.c ****     *
 190:Generated_Source\PSoC5/CAN_Rx_INT.c ****     * Return:
 191:Generated_Source\PSoC5/CAN_Rx_INT.c ****     *  None.
 192:Generated_Source\PSoC5/CAN_Rx_INT.c ****     *
 193:Generated_Source\PSoC5/CAN_Rx_INT.c ****     * Reentrant:
 194:Generated_Source\PSoC5/CAN_Rx_INT.c ****     *  Depends on Customer code.
 195:Generated_Source\PSoC5/CAN_Rx_INT.c ****     *
 196:Generated_Source\PSoC5/CAN_Rx_INT.c ****     *******************************************************************************/
 197:Generated_Source\PSoC5/CAN_Rx_INT.c ****     void CAN_Rx_AckErrorIsr(void) 
 198:Generated_Source\PSoC5/CAN_Rx_INT.c ****     {
 199:Generated_Source\PSoC5/CAN_Rx_INT.c ****         /* Clear Acknoledge Error flag */
 200:Generated_Source\PSoC5/CAN_Rx_INT.c ****         CAN_Rx_INT_SR_REG.byte[0u] = CAN_Rx_ACK_ERROR_MASK;
 201:Generated_Source\PSoC5/CAN_Rx_INT.c **** 
ARM GAS  C:\Users\Reza\AppData\Local\Temp\cciHt4c7.s 			page 5


 202:Generated_Source\PSoC5/CAN_Rx_INT.c ****         /* `#START ACKNOWLEDGE_ERROR_ISR` */
 203:Generated_Source\PSoC5/CAN_Rx_INT.c **** 
 204:Generated_Source\PSoC5/CAN_Rx_INT.c ****         /* `#END` */
 205:Generated_Source\PSoC5/CAN_Rx_INT.c **** 
 206:Generated_Source\PSoC5/CAN_Rx_INT.c ****         #ifdef CAN_Rx_ACK_ERROR_ISR_CALLBACK
 207:Generated_Source\PSoC5/CAN_Rx_INT.c ****             CAN_Rx_AckErrorIsr_Callback();
 208:Generated_Source\PSoC5/CAN_Rx_INT.c ****         #endif /* CAN_Rx_ACK_ERROR_ISR_CALLBACK */
 209:Generated_Source\PSoC5/CAN_Rx_INT.c ****     }
 210:Generated_Source\PSoC5/CAN_Rx_INT.c **** #endif /* CAN_Rx_ACK_ERR */
 211:Generated_Source\PSoC5/CAN_Rx_INT.c **** 
 212:Generated_Source\PSoC5/CAN_Rx_INT.c **** 
 213:Generated_Source\PSoC5/CAN_Rx_INT.c **** #if (CAN_Rx_FORM_ERR)
 214:Generated_Source\PSoC5/CAN_Rx_INT.c ****     /*******************************************************************************
 215:Generated_Source\PSoC5/CAN_Rx_INT.c ****     * FUNCTION NAME:   CAN_Rx_MsgErrorIsr
 216:Generated_Source\PSoC5/CAN_Rx_INT.c ****     ********************************************************************************
 217:Generated_Source\PSoC5/CAN_Rx_INT.c ****     *
 218:Generated_Source\PSoC5/CAN_Rx_INT.c ****     * Summary:
 219:Generated_Source\PSoC5/CAN_Rx_INT.c ****     *  This function is entry point to Form Error Interrupt. Clears Form Error
 220:Generated_Source\PSoC5/CAN_Rx_INT.c ****     *  interrupt flag. Only generated if Form Error Interrupt enable in Customizer.
 221:Generated_Source\PSoC5/CAN_Rx_INT.c ****     *
 222:Generated_Source\PSoC5/CAN_Rx_INT.c ****     * Parameters:
 223:Generated_Source\PSoC5/CAN_Rx_INT.c ****     *  None.
 224:Generated_Source\PSoC5/CAN_Rx_INT.c ****     *
 225:Generated_Source\PSoC5/CAN_Rx_INT.c ****     * Return:
 226:Generated_Source\PSoC5/CAN_Rx_INT.c ****     *  None.
 227:Generated_Source\PSoC5/CAN_Rx_INT.c ****     *
 228:Generated_Source\PSoC5/CAN_Rx_INT.c ****     * Reentrant:
 229:Generated_Source\PSoC5/CAN_Rx_INT.c ****     *  Depends on Customer code.
 230:Generated_Source\PSoC5/CAN_Rx_INT.c ****     *
 231:Generated_Source\PSoC5/CAN_Rx_INT.c ****     *******************************************************************************/
 232:Generated_Source\PSoC5/CAN_Rx_INT.c ****     void CAN_Rx_MsgErrorIsr(void) 
 233:Generated_Source\PSoC5/CAN_Rx_INT.c ****     {
 234:Generated_Source\PSoC5/CAN_Rx_INT.c ****         /* Clear Form Error flag */
 235:Generated_Source\PSoC5/CAN_Rx_INT.c ****         CAN_Rx_INT_SR_REG.byte[0u] = CAN_Rx_FORM_ERROR_MASK;
 236:Generated_Source\PSoC5/CAN_Rx_INT.c **** 
 237:Generated_Source\PSoC5/CAN_Rx_INT.c ****         /* `#START MESSAGE_ERROR_ISR` */
 238:Generated_Source\PSoC5/CAN_Rx_INT.c **** 
 239:Generated_Source\PSoC5/CAN_Rx_INT.c ****         /* `#END` */
 240:Generated_Source\PSoC5/CAN_Rx_INT.c **** 
 241:Generated_Source\PSoC5/CAN_Rx_INT.c ****         #ifdef CAN_Rx_MSG_ERROR_ISR_CALLBACK
 242:Generated_Source\PSoC5/CAN_Rx_INT.c ****             CAN_Rx_MsgErrorIsr_Callback();
 243:Generated_Source\PSoC5/CAN_Rx_INT.c ****         #endif /* CAN_Rx_MSG_ERROR_ISR_CALLBACK */
 244:Generated_Source\PSoC5/CAN_Rx_INT.c ****     }
 245:Generated_Source\PSoC5/CAN_Rx_INT.c **** #endif /* CAN_Rx_FORM_ERR */
 246:Generated_Source\PSoC5/CAN_Rx_INT.c **** 
 247:Generated_Source\PSoC5/CAN_Rx_INT.c **** 
 248:Generated_Source\PSoC5/CAN_Rx_INT.c **** #if (CAN_Rx_CRC_ERR)
 249:Generated_Source\PSoC5/CAN_Rx_INT.c ****     /*******************************************************************************
 250:Generated_Source\PSoC5/CAN_Rx_INT.c ****     * FUNCTION NAME:   CAN_Rx_CrcErrorIsr
 251:Generated_Source\PSoC5/CAN_Rx_INT.c ****     ********************************************************************************
 252:Generated_Source\PSoC5/CAN_Rx_INT.c ****     *
 253:Generated_Source\PSoC5/CAN_Rx_INT.c ****     * Summary:
 254:Generated_Source\PSoC5/CAN_Rx_INT.c ****     *  This function is entry point to CRC Error Interrupt. Clears CRC Error
 255:Generated_Source\PSoC5/CAN_Rx_INT.c ****     *  interrupt flag. Only generated if CRC Error Interrupt enable in Customizer.
 256:Generated_Source\PSoC5/CAN_Rx_INT.c ****     *
 257:Generated_Source\PSoC5/CAN_Rx_INT.c ****     * Parameters:
 258:Generated_Source\PSoC5/CAN_Rx_INT.c ****     *  None.
ARM GAS  C:\Users\Reza\AppData\Local\Temp\cciHt4c7.s 			page 6


 259:Generated_Source\PSoC5/CAN_Rx_INT.c ****     *
 260:Generated_Source\PSoC5/CAN_Rx_INT.c ****     * Return:
 261:Generated_Source\PSoC5/CAN_Rx_INT.c ****     *  None.
 262:Generated_Source\PSoC5/CAN_Rx_INT.c ****     *
 263:Generated_Source\PSoC5/CAN_Rx_INT.c ****     * Reentrant:
 264:Generated_Source\PSoC5/CAN_Rx_INT.c ****     *  Depends on Customer code.
 265:Generated_Source\PSoC5/CAN_Rx_INT.c ****     *
 266:Generated_Source\PSoC5/CAN_Rx_INT.c ****     *******************************************************************************/
 267:Generated_Source\PSoC5/CAN_Rx_INT.c ****     void CAN_Rx_CrcErrorIsr(void) 
 268:Generated_Source\PSoC5/CAN_Rx_INT.c ****     {
 269:Generated_Source\PSoC5/CAN_Rx_INT.c ****         /* Clear CRC Error flag */
 270:Generated_Source\PSoC5/CAN_Rx_INT.c ****         CAN_Rx_INT_SR_REG.byte[1u] = CAN_Rx_CRC_ERROR_MASK;
 271:Generated_Source\PSoC5/CAN_Rx_INT.c **** 
 272:Generated_Source\PSoC5/CAN_Rx_INT.c ****         /* `#START CRC_ERROR_ISR` */
 273:Generated_Source\PSoC5/CAN_Rx_INT.c **** 
 274:Generated_Source\PSoC5/CAN_Rx_INT.c ****         /* `#END` */
 275:Generated_Source\PSoC5/CAN_Rx_INT.c **** 
 276:Generated_Source\PSoC5/CAN_Rx_INT.c ****         #ifdef CAN_Rx_CRC_ERROR_ISR_CALLBACK
 277:Generated_Source\PSoC5/CAN_Rx_INT.c ****             CAN_Rx_CrcErrorIsr_Callback();
 278:Generated_Source\PSoC5/CAN_Rx_INT.c ****         #endif /* CAN_Rx_CRC_ERROR_ISR_CALLBACK */
 279:Generated_Source\PSoC5/CAN_Rx_INT.c ****     }
 280:Generated_Source\PSoC5/CAN_Rx_INT.c **** #endif /* CAN_Rx_CRC_ERR */
 281:Generated_Source\PSoC5/CAN_Rx_INT.c **** 
 282:Generated_Source\PSoC5/CAN_Rx_INT.c **** 
 283:Generated_Source\PSoC5/CAN_Rx_INT.c **** #if (CAN_Rx_BUS_OFF)
 284:Generated_Source\PSoC5/CAN_Rx_INT.c ****     /*******************************************************************************
 285:Generated_Source\PSoC5/CAN_Rx_INT.c ****     * FUNCTION NAME:   CAN_Rx_BusOffIsr
 286:Generated_Source\PSoC5/CAN_Rx_INT.c ****     ********************************************************************************
 287:Generated_Source\PSoC5/CAN_Rx_INT.c ****     *
 288:Generated_Source\PSoC5/CAN_Rx_INT.c ****     * Summary:
 289:Generated_Source\PSoC5/CAN_Rx_INT.c ****     *  This function is entry point to Bus Off Interrupt. Places CAN Component
 290:Generated_Source\PSoC5/CAN_Rx_INT.c ****     *  to Stop mode. Only generated if Bus Off Interrupt enable in Customizer.
 291:Generated_Source\PSoC5/CAN_Rx_INT.c ****     *  Recommended setting to enable this interrupt.
 292:Generated_Source\PSoC5/CAN_Rx_INT.c ****     *
 293:Generated_Source\PSoC5/CAN_Rx_INT.c ****     * Parameters:
 294:Generated_Source\PSoC5/CAN_Rx_INT.c ****     *  None.
 295:Generated_Source\PSoC5/CAN_Rx_INT.c ****     *
 296:Generated_Source\PSoC5/CAN_Rx_INT.c ****     * Return:
 297:Generated_Source\PSoC5/CAN_Rx_INT.c ****     *  None.
 298:Generated_Source\PSoC5/CAN_Rx_INT.c ****     *
 299:Generated_Source\PSoC5/CAN_Rx_INT.c ****     * Side Effects:
 300:Generated_Source\PSoC5/CAN_Rx_INT.c ****     *  Stops CAN component operation.
 301:Generated_Source\PSoC5/CAN_Rx_INT.c ****     *
 302:Generated_Source\PSoC5/CAN_Rx_INT.c ****     *******************************************************************************/
 303:Generated_Source\PSoC5/CAN_Rx_INT.c ****     void CAN_Rx_BusOffIsr(void) 
 304:Generated_Source\PSoC5/CAN_Rx_INT.c ****     {
  28              		.loc 1 304 0
  29              		.cfi_startproc
  30              		@ args = 0, pretend = 0, frame = 0
  31              		@ frame_needed = 0, uses_anonymous_args = 0
  32 0000 08B5     		push	{r3, lr}
  33              		.cfi_def_cfa_offset 8
  34              		.cfi_offset 3, -8
  35              		.cfi_offset 14, -4
 305:Generated_Source\PSoC5/CAN_Rx_INT.c ****         /* Clear Bus Off flag */
 306:Generated_Source\PSoC5/CAN_Rx_INT.c ****         CAN_Rx_INT_SR_REG.byte[1u] = CAN_Rx_BUS_OFF_MASK;
  36              		.loc 1 306 0
ARM GAS  C:\Users\Reza\AppData\Local\Temp\cciHt4c7.s 			page 7


  37 0002 0222     		movs	r2, #2
  38 0004 034B     		ldr	r3, .L3
  39 0006 5A70     		strb	r2, [r3, #1]
 307:Generated_Source\PSoC5/CAN_Rx_INT.c ****         (void) CAN_Rx_GlobalIntDisable();
  40              		.loc 1 307 0
  41 0008 FFF7FEFF 		bl	CAN_Rx_GlobalIntDisable
  42              	.LVL0:
 308:Generated_Source\PSoC5/CAN_Rx_INT.c **** 
 309:Generated_Source\PSoC5/CAN_Rx_INT.c ****         /* `#START BUS_OFF_ISR` */
 310:Generated_Source\PSoC5/CAN_Rx_INT.c **** 
 311:Generated_Source\PSoC5/CAN_Rx_INT.c ****         /* `#END` */
 312:Generated_Source\PSoC5/CAN_Rx_INT.c **** 
 313:Generated_Source\PSoC5/CAN_Rx_INT.c ****         #ifdef CAN_Rx_BUS_OFF_ISR_CALLBACK
 314:Generated_Source\PSoC5/CAN_Rx_INT.c ****             CAN_Rx_BusOffIsr_Callback();
 315:Generated_Source\PSoC5/CAN_Rx_INT.c ****         #endif /* CAN_Rx_BUS_OFF_ISR_CALLBACK */
 316:Generated_Source\PSoC5/CAN_Rx_INT.c **** 
 317:Generated_Source\PSoC5/CAN_Rx_INT.c ****         (void) CAN_Rx_Stop();
  43              		.loc 1 317 0
  44 000c FFF7FEFF 		bl	CAN_Rx_Stop
  45              	.LVL1:
  46 0010 08BD     		pop	{r3, pc}
  47              	.L4:
  48 0012 00BF     		.align	2
  49              	.L3:
  50 0014 00A00040 		.word	1073782784
  51              		.cfi_endproc
  52              	.LFE68:
  53              		.size	CAN_Rx_BusOffIsr, .-CAN_Rx_BusOffIsr
  54              		.section	.text.CAN_Rx_MsgTXIsr,"ax",%progbits
  55              		.align	2
  56              		.global	CAN_Rx_MsgTXIsr
  57              		.thumb
  58              		.thumb_func
  59              		.type	CAN_Rx_MsgTXIsr, %function
  60              	CAN_Rx_MsgTXIsr:
  61              	.LFB69:
 318:Generated_Source\PSoC5/CAN_Rx_INT.c ****     }
 319:Generated_Source\PSoC5/CAN_Rx_INT.c **** #endif /* CAN_Rx_BUS_OFF */
 320:Generated_Source\PSoC5/CAN_Rx_INT.c **** 
 321:Generated_Source\PSoC5/CAN_Rx_INT.c **** 
 322:Generated_Source\PSoC5/CAN_Rx_INT.c **** #if (CAN_Rx_RX_MSG_LOST)
 323:Generated_Source\PSoC5/CAN_Rx_INT.c ****     /*******************************************************************************
 324:Generated_Source\PSoC5/CAN_Rx_INT.c ****     * FUNCTION NAME:   CAN_Rx_MsgLostIsr
 325:Generated_Source\PSoC5/CAN_Rx_INT.c ****     ********************************************************************************
 326:Generated_Source\PSoC5/CAN_Rx_INT.c ****     *
 327:Generated_Source\PSoC5/CAN_Rx_INT.c ****     * Summary:
 328:Generated_Source\PSoC5/CAN_Rx_INT.c ****     *  This function is entry point to Message Lost Interrupt. Clears Message Lost
 329:Generated_Source\PSoC5/CAN_Rx_INT.c ****     *  interrupt flag. Only generated if Message Lost Interrupt enable in Customizer
 330:Generated_Source\PSoC5/CAN_Rx_INT.c ****     *
 331:Generated_Source\PSoC5/CAN_Rx_INT.c ****     * Parameters:
 332:Generated_Source\PSoC5/CAN_Rx_INT.c ****     *  None.
 333:Generated_Source\PSoC5/CAN_Rx_INT.c ****     *
 334:Generated_Source\PSoC5/CAN_Rx_INT.c ****     * Return:
 335:Generated_Source\PSoC5/CAN_Rx_INT.c ****     *  None.
 336:Generated_Source\PSoC5/CAN_Rx_INT.c ****     *
 337:Generated_Source\PSoC5/CAN_Rx_INT.c ****     * Reentrant:
 338:Generated_Source\PSoC5/CAN_Rx_INT.c ****     *  Depends on Customer code.
ARM GAS  C:\Users\Reza\AppData\Local\Temp\cciHt4c7.s 			page 8


 339:Generated_Source\PSoC5/CAN_Rx_INT.c ****     *
 340:Generated_Source\PSoC5/CAN_Rx_INT.c ****     *******************************************************************************/
 341:Generated_Source\PSoC5/CAN_Rx_INT.c ****     void CAN_Rx_MsgLostIsr(void) 
 342:Generated_Source\PSoC5/CAN_Rx_INT.c ****     {
 343:Generated_Source\PSoC5/CAN_Rx_INT.c ****         /* Clear Receive Message Lost flag */
 344:Generated_Source\PSoC5/CAN_Rx_INT.c ****         CAN_Rx_INT_SR_REG.byte[1u] = CAN_Rx_RX_MSG_LOST_MASK;
 345:Generated_Source\PSoC5/CAN_Rx_INT.c **** 
 346:Generated_Source\PSoC5/CAN_Rx_INT.c ****         /* `#START MESSAGE_LOST_ISR` */
 347:Generated_Source\PSoC5/CAN_Rx_INT.c **** 
 348:Generated_Source\PSoC5/CAN_Rx_INT.c ****         /* `#END` */
 349:Generated_Source\PSoC5/CAN_Rx_INT.c **** 
 350:Generated_Source\PSoC5/CAN_Rx_INT.c ****         #ifdef CAN_Rx_MSG_LOST_ISR_CALLBACK
 351:Generated_Source\PSoC5/CAN_Rx_INT.c ****             CAN_Rx_MsgLostIsr_Callback();
 352:Generated_Source\PSoC5/CAN_Rx_INT.c ****         #endif /* CAN_Rx_MSG_LOST_ISR_CALLBACK */
 353:Generated_Source\PSoC5/CAN_Rx_INT.c ****     }
 354:Generated_Source\PSoC5/CAN_Rx_INT.c **** #endif /* CAN_Rx_RX_MSG_LOST */
 355:Generated_Source\PSoC5/CAN_Rx_INT.c **** 
 356:Generated_Source\PSoC5/CAN_Rx_INT.c **** 
 357:Generated_Source\PSoC5/CAN_Rx_INT.c **** #if (CAN_Rx_TX_MESSAGE)
 358:Generated_Source\PSoC5/CAN_Rx_INT.c ****     /*******************************************************************************
 359:Generated_Source\PSoC5/CAN_Rx_INT.c ****     * FUNCTION NAME:   CAN_Rx_MsgTXIsr
 360:Generated_Source\PSoC5/CAN_Rx_INT.c ****     ********************************************************************************
 361:Generated_Source\PSoC5/CAN_Rx_INT.c ****     *
 362:Generated_Source\PSoC5/CAN_Rx_INT.c ****     * Summary:
 363:Generated_Source\PSoC5/CAN_Rx_INT.c ****     *  This function is entry point to Transmit Message Interrupt. Clears Transmit
 364:Generated_Source\PSoC5/CAN_Rx_INT.c ****     *  Message interrupt flag. Only generated if Transmit Message Interrupt enable
 365:Generated_Source\PSoC5/CAN_Rx_INT.c ****     *  in Customizer.
 366:Generated_Source\PSoC5/CAN_Rx_INT.c ****     *
 367:Generated_Source\PSoC5/CAN_Rx_INT.c ****     * Parameters:
 368:Generated_Source\PSoC5/CAN_Rx_INT.c ****     *  None.
 369:Generated_Source\PSoC5/CAN_Rx_INT.c ****     *
 370:Generated_Source\PSoC5/CAN_Rx_INT.c ****     * Return:
 371:Generated_Source\PSoC5/CAN_Rx_INT.c ****     *  None.
 372:Generated_Source\PSoC5/CAN_Rx_INT.c ****     *
 373:Generated_Source\PSoC5/CAN_Rx_INT.c ****     * Reentrant:
 374:Generated_Source\PSoC5/CAN_Rx_INT.c ****     *  Depends on Customer code.
 375:Generated_Source\PSoC5/CAN_Rx_INT.c ****     *
 376:Generated_Source\PSoC5/CAN_Rx_INT.c ****     *******************************************************************************/
 377:Generated_Source\PSoC5/CAN_Rx_INT.c ****     void CAN_Rx_MsgTXIsr(void) 
 378:Generated_Source\PSoC5/CAN_Rx_INT.c ****     {
  62              		.loc 1 378 0
  63              		.cfi_startproc
  64              		@ args = 0, pretend = 0, frame = 0
  65              		@ frame_needed = 0, uses_anonymous_args = 0
  66              		@ link register save eliminated.
 379:Generated_Source\PSoC5/CAN_Rx_INT.c ****         /* Clear Transmit Message flag */
 380:Generated_Source\PSoC5/CAN_Rx_INT.c ****         CAN_Rx_INT_SR_REG.byte[1u] = CAN_Rx_TX_MESSAGE_MASK;
  67              		.loc 1 380 0
  68 0000 0822     		movs	r2, #8
  69 0002 014B     		ldr	r3, .L6
  70 0004 5A70     		strb	r2, [r3, #1]
  71 0006 7047     		bx	lr
  72              	.L7:
  73              		.align	2
  74              	.L6:
  75 0008 00A00040 		.word	1073782784
  76              		.cfi_endproc
ARM GAS  C:\Users\Reza\AppData\Local\Temp\cciHt4c7.s 			page 9


  77              	.LFE69:
  78              		.size	CAN_Rx_MsgTXIsr, .-CAN_Rx_MsgTXIsr
  79              		.section	.text.CAN_Rx_MsgRXIsr,"ax",%progbits
  80              		.align	2
  81              		.global	CAN_Rx_MsgRXIsr
  82              		.thumb
  83              		.thumb_func
  84              		.type	CAN_Rx_MsgRXIsr, %function
  85              	CAN_Rx_MsgRXIsr:
  86              	.LFB70:
 381:Generated_Source\PSoC5/CAN_Rx_INT.c **** 
 382:Generated_Source\PSoC5/CAN_Rx_INT.c ****         /* `#START MESSAGE_TRANSMITTED_ISR` */
 383:Generated_Source\PSoC5/CAN_Rx_INT.c **** 
 384:Generated_Source\PSoC5/CAN_Rx_INT.c ****         /* `#END` */
 385:Generated_Source\PSoC5/CAN_Rx_INT.c **** 
 386:Generated_Source\PSoC5/CAN_Rx_INT.c ****         #ifdef CAN_Rx_MSG_TX_ISR_CALLBACK
 387:Generated_Source\PSoC5/CAN_Rx_INT.c ****             CAN_Rx_MsgTXIsr_Callback();
 388:Generated_Source\PSoC5/CAN_Rx_INT.c ****         #endif /* CAN_Rx_MSG_TX_ISR_CALLBACK */
 389:Generated_Source\PSoC5/CAN_Rx_INT.c ****     }
 390:Generated_Source\PSoC5/CAN_Rx_INT.c **** #endif /* CAN_Rx_TX_MESSAGE */
 391:Generated_Source\PSoC5/CAN_Rx_INT.c **** 
 392:Generated_Source\PSoC5/CAN_Rx_INT.c **** 
 393:Generated_Source\PSoC5/CAN_Rx_INT.c **** #if (CAN_Rx_RX_MESSAGE)
 394:Generated_Source\PSoC5/CAN_Rx_INT.c ****     /*******************************************************************************
 395:Generated_Source\PSoC5/CAN_Rx_INT.c ****     * FUNCTION NAME:   CAN_Rx_MsgRXIsr
 396:Generated_Source\PSoC5/CAN_Rx_INT.c ****     ********************************************************************************
 397:Generated_Source\PSoC5/CAN_Rx_INT.c ****     *
 398:Generated_Source\PSoC5/CAN_Rx_INT.c ****     * Summary:
 399:Generated_Source\PSoC5/CAN_Rx_INT.c ****     *  This function is entry point to Receive Message Interrupt. Clears Receive
 400:Generated_Source\PSoC5/CAN_Rx_INT.c ****     *  Message interrupt flag and call appropriate handlers for Basic and Full
 401:Generated_Source\PSoC5/CAN_Rx_INT.c ****     *  interrupt based mailboxes. Only generated if Receive Message Interrupt
 402:Generated_Source\PSoC5/CAN_Rx_INT.c ****     *  enable in Customizer. Recommended setting to enable this interrupt.
 403:Generated_Source\PSoC5/CAN_Rx_INT.c ****     *
 404:Generated_Source\PSoC5/CAN_Rx_INT.c ****     * Parameters:
 405:Generated_Source\PSoC5/CAN_Rx_INT.c ****     *  None.
 406:Generated_Source\PSoC5/CAN_Rx_INT.c ****     *
 407:Generated_Source\PSoC5/CAN_Rx_INT.c ****     * Return:
 408:Generated_Source\PSoC5/CAN_Rx_INT.c ****     *  None.
 409:Generated_Source\PSoC5/CAN_Rx_INT.c ****     *
 410:Generated_Source\PSoC5/CAN_Rx_INT.c ****     *******************************************************************************/
 411:Generated_Source\PSoC5/CAN_Rx_INT.c ****     void CAN_Rx_MsgRXIsr(void) 
 412:Generated_Source\PSoC5/CAN_Rx_INT.c ****     {
  87              		.loc 1 412 0
  88              		.cfi_startproc
  89              		@ args = 0, pretend = 0, frame = 0
  90              		@ frame_needed = 0, uses_anonymous_args = 0
  91 0000 38B5     		push	{r3, r4, r5, lr}
  92              		.cfi_def_cfa_offset 16
  93              		.cfi_offset 3, -16
  94              		.cfi_offset 4, -12
  95              		.cfi_offset 5, -8
  96              		.cfi_offset 14, -4
  97              	.LVL2:
 413:Generated_Source\PSoC5/CAN_Rx_INT.c ****         uint8 mailboxNumber;
 414:Generated_Source\PSoC5/CAN_Rx_INT.c ****         uint16 shift = 0x01u;
 415:Generated_Source\PSoC5/CAN_Rx_INT.c **** 
 416:Generated_Source\PSoC5/CAN_Rx_INT.c ****         /* Clear Receive Message flag */
ARM GAS  C:\Users\Reza\AppData\Local\Temp\cciHt4c7.s 			page 10


 417:Generated_Source\PSoC5/CAN_Rx_INT.c ****         CAN_Rx_INT_SR_REG.byte[1u] = CAN_Rx_RX_MESSAGE_MASK;
  98              		.loc 1 417 0
  99 0002 1022     		movs	r2, #16
 100 0004 0C4B     		ldr	r3, .L13
 101 0006 5A70     		strb	r2, [r3, #1]
 102              	.LVL3:
 414:Generated_Source\PSoC5/CAN_Rx_INT.c **** 
 103              		.loc 1 414 0
 104 0008 0125     		movs	r5, #1
 418:Generated_Source\PSoC5/CAN_Rx_INT.c **** 
 419:Generated_Source\PSoC5/CAN_Rx_INT.c ****         /* `#START MESSAGE_RECEIVE_ISR` */
 420:Generated_Source\PSoC5/CAN_Rx_INT.c **** 
 421:Generated_Source\PSoC5/CAN_Rx_INT.c ****         /* `#END` */
 422:Generated_Source\PSoC5/CAN_Rx_INT.c **** 
 423:Generated_Source\PSoC5/CAN_Rx_INT.c ****         #ifdef CAN_Rx_MSG_RX_ISR_CALLBACK
 424:Generated_Source\PSoC5/CAN_Rx_INT.c ****             CAN_Rx_MsgRXIsr_Callback();
 425:Generated_Source\PSoC5/CAN_Rx_INT.c ****         #endif /* CAN_Rx_MSG_RX_ISR_CALLBACK */
 426:Generated_Source\PSoC5/CAN_Rx_INT.c **** 
 427:Generated_Source\PSoC5/CAN_Rx_INT.c ****         for (mailboxNumber = 0u; mailboxNumber < CAN_Rx_NUMBER_OF_RX_MAILBOXES; mailboxNumber++)
 105              		.loc 1 427 0
 106 000a 0024     		movs	r4, #0
 107 000c 10E0     		b	.L9
 108              	.LVL4:
 109              	.L11:
 428:Generated_Source\PSoC5/CAN_Rx_INT.c ****         {
 429:Generated_Source\PSoC5/CAN_Rx_INT.c ****             if ((CY_GET_REG16((reg16 *) &CAN_Rx_BUF_SR_REG.byte[0u]) & shift) != 0u)
 110              		.loc 1 429 0
 111 000e 0B4B     		ldr	r3, .L13+4
 112 0010 1B88     		ldrh	r3, [r3]
 113 0012 1D42     		tst	r5, r3
 114 0014 08D0     		beq	.L10
 430:Generated_Source\PSoC5/CAN_Rx_INT.c ****             {
 431:Generated_Source\PSoC5/CAN_Rx_INT.c ****                 if ((CAN_Rx_RX[mailboxNumber].rxcmd.byte[0u] & CAN_Rx_RX_INT_ENABLE_MASK) != 0u)
 115              		.loc 1 431 0
 116 0016 6301     		lsls	r3, r4, #5
 117 0018 094A     		ldr	r2, .L13+8
 118 001a 9B5C     		ldrb	r3, [r3, r2]	@ zero_extendqisi2
 119 001c 13F0200F 		tst	r3, #32
 120 0020 02D0     		beq	.L10
 432:Generated_Source\PSoC5/CAN_Rx_INT.c ****                 {
 433:Generated_Source\PSoC5/CAN_Rx_INT.c ****                     if ((CAN_Rx_RX_MAILBOX_TYPE & shift) != 0u)
 434:Generated_Source\PSoC5/CAN_Rx_INT.c ****                     {
 435:Generated_Source\PSoC5/CAN_Rx_INT.c ****                         /* RX Full mailboxes handler */
 436:Generated_Source\PSoC5/CAN_Rx_INT.c ****                     }
 437:Generated_Source\PSoC5/CAN_Rx_INT.c ****                     else
 438:Generated_Source\PSoC5/CAN_Rx_INT.c ****                     {
 439:Generated_Source\PSoC5/CAN_Rx_INT.c ****                         /* RX Basic mailbox handler */
 440:Generated_Source\PSoC5/CAN_Rx_INT.c ****                         CAN_Rx_ReceiveMsg(mailboxNumber);
 121              		.loc 1 440 0
 122 0022 2046     		mov	r0, r4
 123 0024 FFF7FEFF 		bl	CAN_Rx_ReceiveMsg
 124              	.LVL5:
 125              	.L10:
 441:Generated_Source\PSoC5/CAN_Rx_INT.c ****                     }
 442:Generated_Source\PSoC5/CAN_Rx_INT.c ****                 }
 443:Generated_Source\PSoC5/CAN_Rx_INT.c ****             }
 444:Generated_Source\PSoC5/CAN_Rx_INT.c ****             shift <<= 1u;
ARM GAS  C:\Users\Reza\AppData\Local\Temp\cciHt4c7.s 			page 11


 126              		.loc 1 444 0 discriminator 2
 127 0028 6D00     		lsls	r5, r5, #1
 128              	.LVL6:
 129 002a ADB2     		uxth	r5, r5
 130              	.LVL7:
 427:Generated_Source\PSoC5/CAN_Rx_INT.c ****         {
 131              		.loc 1 427 0 discriminator 2
 132 002c 0134     		adds	r4, r4, #1
 133              	.LVL8:
 134 002e E4B2     		uxtb	r4, r4
 135              	.LVL9:
 136              	.L9:
 427:Generated_Source\PSoC5/CAN_Rx_INT.c ****         {
 137              		.loc 1 427 0 is_stmt 0 discriminator 1
 138 0030 0F2C     		cmp	r4, #15
 139 0032 ECD9     		bls	.L11
 445:Generated_Source\PSoC5/CAN_Rx_INT.c ****         }
 446:Generated_Source\PSoC5/CAN_Rx_INT.c ****     }
 140              		.loc 1 446 0 is_stmt 1
 141 0034 38BD     		pop	{r3, r4, r5, pc}
 142              	.LVL10:
 143              	.L14:
 144 0036 00BF     		.align	2
 145              	.L13:
 146 0038 00A00040 		.word	1073782784
 147 003c 08A00040 		.word	1073782792
 148 0040 A0A00040 		.word	1073782944
 149              		.cfi_endproc
 150              	.LFE70:
 151              		.size	CAN_Rx_MsgRXIsr, .-CAN_Rx_MsgRXIsr
 152              		.section	.text.CAN_Rx_ISR,"ax",%progbits
 153              		.align	2
 154              		.global	CAN_Rx_ISR
 155              		.thumb
 156              		.thumb_func
 157              		.type	CAN_Rx_ISR, %function
 158              	CAN_Rx_ISR:
 159              	.LFB71:
 447:Generated_Source\PSoC5/CAN_Rx_INT.c **** #endif /* CAN_Rx_RX_MESSAGE */
 448:Generated_Source\PSoC5/CAN_Rx_INT.c **** 
 449:Generated_Source\PSoC5/CAN_Rx_INT.c **** 
 450:Generated_Source\PSoC5/CAN_Rx_INT.c **** /*******************************************************************************
 451:Generated_Source\PSoC5/CAN_Rx_INT.c **** * Function Name: CAN_Rx_ISR
 452:Generated_Source\PSoC5/CAN_Rx_INT.c **** ********************************************************************************
 453:Generated_Source\PSoC5/CAN_Rx_INT.c **** *
 454:Generated_Source\PSoC5/CAN_Rx_INT.c **** * Summary:
 455:Generated_Source\PSoC5/CAN_Rx_INT.c **** *  This ISR is executed when CAN Core generates and interrupt on one of events:
 456:Generated_Source\PSoC5/CAN_Rx_INT.c **** *  Arb_lost, Overload, Bit_err, Stuff_err, Ack_err, Form_err, Crc_err,
 457:Generated_Source\PSoC5/CAN_Rx_INT.c **** *  Buss_off, Rx_msg_lost, Tx_msg or Rx_msg. The interrupt sources depends
 458:Generated_Source\PSoC5/CAN_Rx_INT.c **** *  on the Customizer inputs.
 459:Generated_Source\PSoC5/CAN_Rx_INT.c **** *
 460:Generated_Source\PSoC5/CAN_Rx_INT.c **** * Parameters:
 461:Generated_Source\PSoC5/CAN_Rx_INT.c **** *  None.
 462:Generated_Source\PSoC5/CAN_Rx_INT.c **** *
 463:Generated_Source\PSoC5/CAN_Rx_INT.c **** * Return:
 464:Generated_Source\PSoC5/CAN_Rx_INT.c **** *  None.
 465:Generated_Source\PSoC5/CAN_Rx_INT.c **** *
ARM GAS  C:\Users\Reza\AppData\Local\Temp\cciHt4c7.s 			page 12


 466:Generated_Source\PSoC5/CAN_Rx_INT.c **** *******************************************************************************/
 467:Generated_Source\PSoC5/CAN_Rx_INT.c **** CY_ISR(CAN_Rx_ISR)
 468:Generated_Source\PSoC5/CAN_Rx_INT.c **** {
 160              		.loc 1 468 0
 161              		.cfi_startproc
 162              		@ args = 0, pretend = 0, frame = 0
 163              		@ frame_needed = 0, uses_anonymous_args = 0
 164 0000 08B5     		push	{r3, lr}
 165              		.cfi_def_cfa_offset 8
 166              		.cfi_offset 3, -8
 167              		.cfi_offset 14, -4
 469:Generated_Source\PSoC5/CAN_Rx_INT.c ****     #ifdef CAN_Rx_ISR_INTERRUPT_CALLBACK
 470:Generated_Source\PSoC5/CAN_Rx_INT.c ****         CAN_Rx_ISR_InterruptCallback();
 471:Generated_Source\PSoC5/CAN_Rx_INT.c ****     #endif /* CAN_Rx_ISR_INTERRUPT_CALLBACK */
 472:Generated_Source\PSoC5/CAN_Rx_INT.c ****     
 473:Generated_Source\PSoC5/CAN_Rx_INT.c ****     /* Place your Interrupt code here. */
 474:Generated_Source\PSoC5/CAN_Rx_INT.c ****     /* `#START CAN_ISR` */
 475:Generated_Source\PSoC5/CAN_Rx_INT.c **** 
 476:Generated_Source\PSoC5/CAN_Rx_INT.c ****     /* `#END` */
 477:Generated_Source\PSoC5/CAN_Rx_INT.c ****     
 478:Generated_Source\PSoC5/CAN_Rx_INT.c ****     /* Arbitration */
 479:Generated_Source\PSoC5/CAN_Rx_INT.c ****     #if (CAN_Rx_ARB_LOST && (CAN_Rx_ARB_LOST_USE_HELPER || \
 480:Generated_Source\PSoC5/CAN_Rx_INT.c ****         (!CAN_Rx_ADVANCED_INTERRUPT_CFG)))
 481:Generated_Source\PSoC5/CAN_Rx_INT.c ****         if ((CAN_Rx_INT_SR_REG.byte[0u] & CAN_Rx_ARBITRATION_LOST_MASK) != 0u)
 482:Generated_Source\PSoC5/CAN_Rx_INT.c ****         {
 483:Generated_Source\PSoC5/CAN_Rx_INT.c ****             CAN_Rx_ArbLostIsr();
 484:Generated_Source\PSoC5/CAN_Rx_INT.c ****         }
 485:Generated_Source\PSoC5/CAN_Rx_INT.c ****     #endif /* CAN_Rx_ARB_LOST && CAN_Rx_ARB_LOST_USE_HELPER */
 486:Generated_Source\PSoC5/CAN_Rx_INT.c **** 
 487:Generated_Source\PSoC5/CAN_Rx_INT.c ****     /* Overload Error */
 488:Generated_Source\PSoC5/CAN_Rx_INT.c ****     #if (CAN_Rx_OVERLOAD && (CAN_Rx_OVERLOAD_USE_HELPER || \
 489:Generated_Source\PSoC5/CAN_Rx_INT.c ****         (!CAN_Rx_ADVANCED_INTERRUPT_CFG)))
 490:Generated_Source\PSoC5/CAN_Rx_INT.c ****         if ((CAN_Rx_INT_SR_REG.byte[0u] & CAN_Rx_OVERLOAD_ERROR_MASK) != 0u)
 491:Generated_Source\PSoC5/CAN_Rx_INT.c ****         {
 492:Generated_Source\PSoC5/CAN_Rx_INT.c ****             CAN_Rx_OvrLdErrorIsr();
 493:Generated_Source\PSoC5/CAN_Rx_INT.c ****         }
 494:Generated_Source\PSoC5/CAN_Rx_INT.c ****     #endif /* CAN_Rx_OVERLOAD && CAN_Rx_OVERLOAD_USE_HELPER */
 495:Generated_Source\PSoC5/CAN_Rx_INT.c **** 
 496:Generated_Source\PSoC5/CAN_Rx_INT.c ****     /* Bit Error */
 497:Generated_Source\PSoC5/CAN_Rx_INT.c ****     #if (CAN_Rx_BIT_ERR && (CAN_Rx_BIT_ERR_USE_HELPER || \
 498:Generated_Source\PSoC5/CAN_Rx_INT.c ****         (!CAN_Rx_ADVANCED_INTERRUPT_CFG)))
 499:Generated_Source\PSoC5/CAN_Rx_INT.c ****         if ((CAN_Rx_INT_SR_REG.byte[0u] & CAN_Rx_BIT_ERROR_MASK) != 0u)
 500:Generated_Source\PSoC5/CAN_Rx_INT.c ****         {
 501:Generated_Source\PSoC5/CAN_Rx_INT.c ****             CAN_Rx_BitErrorIsr();
 502:Generated_Source\PSoC5/CAN_Rx_INT.c ****         }
 503:Generated_Source\PSoC5/CAN_Rx_INT.c ****     #endif /* CAN_Rx_BIT_ERR && CAN_Rx_BIT_ERR_USE_HELPER */
 504:Generated_Source\PSoC5/CAN_Rx_INT.c **** 
 505:Generated_Source\PSoC5/CAN_Rx_INT.c ****     /* Bit Staff Error */
 506:Generated_Source\PSoC5/CAN_Rx_INT.c ****     #if (CAN_Rx_STUFF_ERR && (CAN_Rx_STUFF_ERR_USE_HELPER || \
 507:Generated_Source\PSoC5/CAN_Rx_INT.c ****         (!CAN_Rx_ADVANCED_INTERRUPT_CFG)))
 508:Generated_Source\PSoC5/CAN_Rx_INT.c ****         if ((CAN_Rx_INT_SR_REG.byte[0u] & CAN_Rx_STUFF_ERROR_MASK) != 0u)
 509:Generated_Source\PSoC5/CAN_Rx_INT.c ****         {
 510:Generated_Source\PSoC5/CAN_Rx_INT.c ****             CAN_Rx_BitStuffErrorIsr();
 511:Generated_Source\PSoC5/CAN_Rx_INT.c ****         }
 512:Generated_Source\PSoC5/CAN_Rx_INT.c ****     #endif /* CAN_Rx_STUFF_ERR && CAN_Rx_STUFF_ERR_USE_HELPER */
 513:Generated_Source\PSoC5/CAN_Rx_INT.c **** 
 514:Generated_Source\PSoC5/CAN_Rx_INT.c ****     /* ACK Error */
ARM GAS  C:\Users\Reza\AppData\Local\Temp\cciHt4c7.s 			page 13


 515:Generated_Source\PSoC5/CAN_Rx_INT.c ****     #if (CAN_Rx_ACK_ERR && (CAN_Rx_ACK_ERR_USE_HELPER || \
 516:Generated_Source\PSoC5/CAN_Rx_INT.c ****         (!CAN_Rx_ADVANCED_INTERRUPT_CFG)))
 517:Generated_Source\PSoC5/CAN_Rx_INT.c ****         if ((CAN_Rx_INT_SR_REG.byte[0u] & CAN_Rx_ACK_ERROR_MASK) != 0u)
 518:Generated_Source\PSoC5/CAN_Rx_INT.c ****         {
 519:Generated_Source\PSoC5/CAN_Rx_INT.c ****             CAN_Rx_AckErrorIsr();
 520:Generated_Source\PSoC5/CAN_Rx_INT.c ****         }
 521:Generated_Source\PSoC5/CAN_Rx_INT.c ****     #endif /* CAN_Rx_ACK_ERR && CAN_Rx_ACK_ERR_USE_HELPER */
 522:Generated_Source\PSoC5/CAN_Rx_INT.c **** 
 523:Generated_Source\PSoC5/CAN_Rx_INT.c ****     /* Form(msg) Error */
 524:Generated_Source\PSoC5/CAN_Rx_INT.c ****     #if (CAN_Rx_FORM_ERR && (CAN_Rx_FORM_ERR_USE_HELPER || \
 525:Generated_Source\PSoC5/CAN_Rx_INT.c ****         (!CAN_Rx_ADVANCED_INTERRUPT_CFG)))
 526:Generated_Source\PSoC5/CAN_Rx_INT.c ****         if ((CAN_Rx_INT_SR_REG.byte[0u] & CAN_Rx_FORM_ERROR_MASK) != 0u)
 527:Generated_Source\PSoC5/CAN_Rx_INT.c ****         {
 528:Generated_Source\PSoC5/CAN_Rx_INT.c ****             CAN_Rx_MsgErrorIsr();
 529:Generated_Source\PSoC5/CAN_Rx_INT.c ****         }
 530:Generated_Source\PSoC5/CAN_Rx_INT.c ****     #endif /* CAN_Rx_FORM_ERR && CAN_Rx_FORM_ERR_USE_HELPER */
 531:Generated_Source\PSoC5/CAN_Rx_INT.c **** 
 532:Generated_Source\PSoC5/CAN_Rx_INT.c ****     /* CRC Error */
 533:Generated_Source\PSoC5/CAN_Rx_INT.c ****     #if (CAN_Rx_CRC_ERR && (CAN_Rx_CRC_ERR_USE_HELPER || \
 534:Generated_Source\PSoC5/CAN_Rx_INT.c ****         (!CAN_Rx_ADVANCED_INTERRUPT_CFG)))
 535:Generated_Source\PSoC5/CAN_Rx_INT.c ****         if ((CAN_Rx_INT_SR_REG.byte[1u] & CAN_Rx_CRC_ERROR_MASK) != 0u)
 536:Generated_Source\PSoC5/CAN_Rx_INT.c ****         {
 537:Generated_Source\PSoC5/CAN_Rx_INT.c ****             CAN_Rx_CrcErrorIsr();
 538:Generated_Source\PSoC5/CAN_Rx_INT.c ****         }
 539:Generated_Source\PSoC5/CAN_Rx_INT.c ****     #endif /* CAN_Rx_CRC_ERR && CAN_Rx_CRC_ERR_USE_HELPER */
 540:Generated_Source\PSoC5/CAN_Rx_INT.c **** 
 541:Generated_Source\PSoC5/CAN_Rx_INT.c ****     /* Bus Off state */
 542:Generated_Source\PSoC5/CAN_Rx_INT.c ****     #if (CAN_Rx_BUS_OFF && (CAN_Rx_BUS_OFF_USE_HELPER || \
 543:Generated_Source\PSoC5/CAN_Rx_INT.c ****         (!CAN_Rx_ADVANCED_INTERRUPT_CFG)))
 544:Generated_Source\PSoC5/CAN_Rx_INT.c ****         if ((CAN_Rx_INT_SR_REG.byte[1u] & CAN_Rx_BUS_OFF_MASK) != 0u)
 168              		.loc 1 544 0
 169 0002 144B     		ldr	r3, .L21
 170 0004 5B78     		ldrb	r3, [r3, #1]	@ zero_extendqisi2
 171 0006 13F0020F 		tst	r3, #2
 172 000a 01D0     		beq	.L16
 545:Generated_Source\PSoC5/CAN_Rx_INT.c ****         {
 546:Generated_Source\PSoC5/CAN_Rx_INT.c ****             CAN_Rx_BusOffIsr();
 173              		.loc 1 546 0
 174 000c FFF7FEFF 		bl	CAN_Rx_BusOffIsr
 175              	.LVL11:
 176              	.L16:
 547:Generated_Source\PSoC5/CAN_Rx_INT.c ****         }
 548:Generated_Source\PSoC5/CAN_Rx_INT.c ****     #endif /* CAN_Rx_BUS_OFF && CAN_Rx_BUS_OFF_USE_HELPER */
 549:Generated_Source\PSoC5/CAN_Rx_INT.c **** 
 550:Generated_Source\PSoC5/CAN_Rx_INT.c ****     /* Message Lost */
 551:Generated_Source\PSoC5/CAN_Rx_INT.c ****     #if (CAN_Rx_RX_MSG_LOST && (CAN_Rx_RX_MSG_LOST_USE_HELPER || \
 552:Generated_Source\PSoC5/CAN_Rx_INT.c ****         (!CAN_Rx_ADVANCED_INTERRUPT_CFG)))
 553:Generated_Source\PSoC5/CAN_Rx_INT.c ****         if ((CAN_Rx_INT_SR_REG.byte[1u] & CAN_Rx_RX_MSG_LOST_MASK) != 0u)
 554:Generated_Source\PSoC5/CAN_Rx_INT.c ****         {
 555:Generated_Source\PSoC5/CAN_Rx_INT.c ****             CAN_Rx_MsgLostIsr();
 556:Generated_Source\PSoC5/CAN_Rx_INT.c ****         }
 557:Generated_Source\PSoC5/CAN_Rx_INT.c ****     #endif /* CAN_Rx_RX_MSG_LOST && CAN_Rx_RX_MSG_LOST_USE_HELPER */
 558:Generated_Source\PSoC5/CAN_Rx_INT.c **** 
 559:Generated_Source\PSoC5/CAN_Rx_INT.c ****     /* TX Message Send */
 560:Generated_Source\PSoC5/CAN_Rx_INT.c ****     #if (CAN_Rx_TX_MESSAGE && (CAN_Rx_TX_MESSAGE_USE_HELPER || \
 561:Generated_Source\PSoC5/CAN_Rx_INT.c ****         (!CAN_Rx_ADVANCED_INTERRUPT_CFG)))
 562:Generated_Source\PSoC5/CAN_Rx_INT.c ****         if ((CAN_Rx_INT_SR_REG.byte[1u] & CAN_Rx_TX_MESSAGE_MASK) != 0u)
ARM GAS  C:\Users\Reza\AppData\Local\Temp\cciHt4c7.s 			page 14


 177              		.loc 1 562 0
 178 0010 104B     		ldr	r3, .L21
 179 0012 5B78     		ldrb	r3, [r3, #1]	@ zero_extendqisi2
 180 0014 13F0080F 		tst	r3, #8
 181 0018 01D0     		beq	.L17
 563:Generated_Source\PSoC5/CAN_Rx_INT.c ****         {
 564:Generated_Source\PSoC5/CAN_Rx_INT.c ****             CAN_Rx_MsgTXIsr();
 182              		.loc 1 564 0
 183 001a FFF7FEFF 		bl	CAN_Rx_MsgTXIsr
 184              	.LVL12:
 185              	.L17:
 565:Generated_Source\PSoC5/CAN_Rx_INT.c ****         }
 566:Generated_Source\PSoC5/CAN_Rx_INT.c ****     #endif /* CAN_Rx_TX_MESSAGE && CAN_Rx_TX_MESSAGE_USE_HELPER */
 567:Generated_Source\PSoC5/CAN_Rx_INT.c **** 
 568:Generated_Source\PSoC5/CAN_Rx_INT.c ****     /* RX Message Available */
 569:Generated_Source\PSoC5/CAN_Rx_INT.c ****     #if (CAN_Rx_RX_MESSAGE && (CAN_Rx_RX_MESSAGE_USE_HELPER || \
 570:Generated_Source\PSoC5/CAN_Rx_INT.c ****         (!CAN_Rx_ADVANCED_INTERRUPT_CFG)))
 571:Generated_Source\PSoC5/CAN_Rx_INT.c ****         static signed long xHigherPriorityTaskWoken;
 572:Generated_Source\PSoC5/CAN_Rx_INT.c ****         xHigherPriorityTaskWoken = pdFALSE;
 186              		.loc 1 572 0
 187 001e 0022     		movs	r2, #0
 188 0020 0D4B     		ldr	r3, .L21+4
 189 0022 1A60     		str	r2, [r3]
 573:Generated_Source\PSoC5/CAN_Rx_INT.c ****         if ((CAN_Rx_INT_SR_REG.byte[1u] & CAN_Rx_RX_MESSAGE_MASK) != 0u)
 190              		.loc 1 573 0
 191 0024 0B4B     		ldr	r3, .L21
 192 0026 5B78     		ldrb	r3, [r3, #1]	@ zero_extendqisi2
 193 0028 13F0100F 		tst	r3, #16
 194 002c 06D0     		beq	.L18
 574:Generated_Source\PSoC5/CAN_Rx_INT.c ****         {
 575:Generated_Source\PSoC5/CAN_Rx_INT.c ****                 CAN_Rx_MsgRXIsr();
 195              		.loc 1 575 0
 196 002e FFF7FEFF 		bl	CAN_Rx_MsgRXIsr
 197              	.LVL13:
 576:Generated_Source\PSoC5/CAN_Rx_INT.c ****                 xSemaphoreGiveFromISR( RxGiver, &xHigherPriorityTaskWoken );
 198              		.loc 1 576 0
 199 0032 0949     		ldr	r1, .L21+4
 200 0034 094B     		ldr	r3, .L21+8
 201 0036 1868     		ldr	r0, [r3]
 202 0038 FFF7FEFF 		bl	xQueueGiveFromISR
 203              	.LVL14:
 204              	.L18:
 577:Generated_Source\PSoC5/CAN_Rx_INT.c ****         }
 578:Generated_Source\PSoC5/CAN_Rx_INT.c ****         portYIELD_FROM_ISR( xHigherPriorityTaskWoken );
 205              		.loc 1 578 0
 206 003c 064B     		ldr	r3, .L21+4
 207 003e 1B68     		ldr	r3, [r3]
 208 0040 3BB1     		cbz	r3, .L15
 209              		.loc 1 578 0 is_stmt 0 discriminator 1
 210 0042 4FF08052 		mov	r2, #268435456
 211 0046 064B     		ldr	r3, .L21+12
 212 0048 1A60     		str	r2, [r3]
 213              		.syntax unified
 214              	@ 578 "Generated_Source\PSoC5\CAN_Rx_INT.c" 1
 215 004a BFF34F8F 		dsb
 216              	@ 0 "" 2
 217              	@ 578 "Generated_Source\PSoC5\CAN_Rx_INT.c" 1
ARM GAS  C:\Users\Reza\AppData\Local\Temp\cciHt4c7.s 			page 15


 218 004e BFF36F8F 		isb
 219              	@ 0 "" 2
 220              		.thumb
 221              		.syntax unified
 222              	.L15:
 223 0052 08BD     		pop	{r3, pc}
 224              	.L22:
 225              		.align	2
 226              	.L21:
 227 0054 00A00040 		.word	1073782784
 228 0058 00000000 		.word	.LANCHOR0
 229 005c 00000000 		.word	RxGiver
 230 0060 04ED00E0 		.word	-536810236
 231              		.cfi_endproc
 232              	.LFE71:
 233              		.size	CAN_Rx_ISR, .-CAN_Rx_ISR
 234              		.bss
 235              		.align	2
 236              		.set	.LANCHOR0,. + 0
 237              		.type	xHigherPriorityTaskWoken.6659, %object
 238              		.size	xHigherPriorityTaskWoken.6659, 4
 239              	xHigherPriorityTaskWoken.6659:
 240 0000 00000000 		.space	4
 241              		.text
 242              	.Letext0:
 243              		.file 2 "c:\\program files (x86)\\cypress\\psoc creator\\4.2\\psoc creator\\import\\gnu\\arm\\5.4.
 244              		.file 3 "c:\\program files (x86)\\cypress\\psoc creator\\4.2\\psoc creator\\import\\gnu\\arm\\5.4.
 245              		.file 4 "Generated_Source\\PSoC5\\cytypes.h"
 246              		.file 5 "Generated_Source\\PSoC5\\CAN_Rx.h"
 247              		.file 6 ".\\Source\\bsw\\FreeRTOS\\include/portmacro.h"
 248              		.file 7 ".\\Source\\bsw\\FreeRTOS\\include/queue.h"
 249              		.file 8 ".\\Source\\bsw\\FreeRTOS\\include/semphr.h"
 250              		.file 9 "Generated_Source\\PSoC5/core_cm3.h"
 251              		.section	.debug_info,"",%progbits
 252              	.Ldebug_info0:
 253 0000 12030000 		.4byte	0x312
 254 0004 0400     		.2byte	0x4
 255 0006 00000000 		.4byte	.Ldebug_abbrev0
 256 000a 04       		.byte	0x4
 257 000b 01       		.uleb128 0x1
 258 000c 2B010000 		.4byte	.LASF48
 259 0010 0C       		.byte	0xc
 260 0011 07010000 		.4byte	.LASF49
 261 0015 BD000000 		.4byte	.LASF50
 262 0019 00000000 		.4byte	.Ldebug_ranges0+0
 263 001d 00000000 		.4byte	0
 264 0021 00000000 		.4byte	.Ldebug_line0
 265 0025 02       		.uleb128 0x2
 266 0026 01       		.byte	0x1
 267 0027 06       		.byte	0x6
 268 0028 31030000 		.4byte	.LASF0
 269 002c 02       		.uleb128 0x2
 270 002d 01       		.byte	0x1
 271 002e 08       		.byte	0x8
 272 002f 06020000 		.4byte	.LASF1
 273 0033 02       		.uleb128 0x2
 274 0034 02       		.byte	0x2
ARM GAS  C:\Users\Reza\AppData\Local\Temp\cciHt4c7.s 			page 16


 275 0035 05       		.byte	0x5
 276 0036 ED020000 		.4byte	.LASF2
 277 003a 02       		.uleb128 0x2
 278 003b 02       		.byte	0x2
 279 003c 07       		.byte	0x7
 280 003d D0010000 		.4byte	.LASF3
 281 0041 03       		.uleb128 0x3
 282 0042 4D000000 		.4byte	.LASF5
 283 0046 02       		.byte	0x2
 284 0047 3F       		.byte	0x3f
 285 0048 4C000000 		.4byte	0x4c
 286 004c 02       		.uleb128 0x2
 287 004d 04       		.byte	0x4
 288 004e 05       		.byte	0x5
 289 004f 0C030000 		.4byte	.LASF4
 290 0053 03       		.uleb128 0x3
 291 0054 3F020000 		.4byte	.LASF6
 292 0058 02       		.byte	0x2
 293 0059 41       		.byte	0x41
 294 005a 5E000000 		.4byte	0x5e
 295 005e 02       		.uleb128 0x2
 296 005f 04       		.byte	0x4
 297 0060 07       		.byte	0x7
 298 0061 BE010000 		.4byte	.LASF7
 299 0065 02       		.uleb128 0x2
 300 0066 08       		.byte	0x8
 301 0067 05       		.byte	0x5
 302 0068 C1020000 		.4byte	.LASF8
 303 006c 02       		.uleb128 0x2
 304 006d 08       		.byte	0x8
 305 006e 07       		.byte	0x7
 306 006f 7A020000 		.4byte	.LASF9
 307 0073 04       		.uleb128 0x4
 308 0074 04       		.byte	0x4
 309 0075 05       		.byte	0x5
 310 0076 696E7400 		.ascii	"int\000"
 311 007a 02       		.uleb128 0x2
 312 007b 04       		.byte	0x4
 313 007c 07       		.byte	0x7
 314 007d 6D020000 		.4byte	.LASF10
 315 0081 03       		.uleb128 0x3
 316 0082 97020000 		.4byte	.LASF11
 317 0086 03       		.byte	0x3
 318 0087 2C       		.byte	0x2c
 319 0088 41000000 		.4byte	0x41
 320 008c 03       		.uleb128 0x3
 321 008d 03030000 		.4byte	.LASF12
 322 0091 03       		.byte	0x3
 323 0092 30       		.byte	0x30
 324 0093 53000000 		.4byte	0x53
 325 0097 05       		.uleb128 0x5
 326 0098 FD020000 		.4byte	.LASF13
 327 009c 04       		.byte	0x4
 328 009d E401     		.2byte	0x1e4
 329 009f 2C000000 		.4byte	0x2c
 330 00a3 05       		.uleb128 0x5
 331 00a4 56020000 		.4byte	.LASF14
ARM GAS  C:\Users\Reza\AppData\Local\Temp\cciHt4c7.s 			page 17


 332 00a8 04       		.byte	0x4
 333 00a9 E501     		.2byte	0x1e5
 334 00ab 3A000000 		.4byte	0x3a
 335 00af 02       		.uleb128 0x2
 336 00b0 04       		.byte	0x4
 337 00b1 04       		.byte	0x4
 338 00b2 B7000000 		.4byte	.LASF15
 339 00b6 02       		.uleb128 0x2
 340 00b7 08       		.byte	0x8
 341 00b8 04       		.byte	0x4
 342 00b9 26020000 		.4byte	.LASF16
 343 00bd 02       		.uleb128 0x2
 344 00be 01       		.byte	0x1
 345 00bf 08       		.byte	0x8
 346 00c0 CF020000 		.4byte	.LASF17
 347 00c4 05       		.uleb128 0x5
 348 00c5 B9010000 		.4byte	.LASF18
 349 00c9 04       		.byte	0x4
 350 00ca 8E02     		.2byte	0x28e
 351 00cc D0000000 		.4byte	0xd0
 352 00d0 06       		.uleb128 0x6
 353 00d1 97000000 		.4byte	0x97
 354 00d5 05       		.uleb128 0x5
 355 00d6 00000000 		.4byte	.LASF19
 356 00da 04       		.byte	0x4
 357 00db 8F02     		.2byte	0x28f
 358 00dd E1000000 		.4byte	0xe1
 359 00e1 06       		.uleb128 0x6
 360 00e2 A3000000 		.4byte	0xa3
 361 00e6 02       		.uleb128 0x2
 362 00e7 08       		.byte	0x8
 363 00e8 04       		.byte	0x4
 364 00e9 15030000 		.4byte	.LASF20
 365 00ed 02       		.uleb128 0x2
 366 00ee 04       		.byte	0x4
 367 00ef 07       		.byte	0x7
 368 00f0 B8020000 		.4byte	.LASF21
 369 00f4 07       		.uleb128 0x7
 370 00f5 08       		.byte	0x8
 371 00f6 05       		.byte	0x5
 372 00f7 75       		.byte	0x75
 373 00f8 09010000 		.4byte	0x109
 374 00fc 08       		.uleb128 0x8
 375 00fd 81000000 		.4byte	.LASF23
 376 0101 05       		.byte	0x5
 377 0102 77       		.byte	0x77
 378 0103 19010000 		.4byte	0x119
 379 0107 00       		.byte	0
 380 0108 00       		.byte	0
 381 0109 09       		.uleb128 0x9
 382 010a C4000000 		.4byte	0xc4
 383 010e 19010000 		.4byte	0x119
 384 0112 0A       		.uleb128 0xa
 385 0113 ED000000 		.4byte	0xed
 386 0117 07       		.byte	0x7
 387 0118 00       		.byte	0
 388 0119 06       		.uleb128 0x6
ARM GAS  C:\Users\Reza\AppData\Local\Temp\cciHt4c7.s 			page 18


 389 011a 09010000 		.4byte	0x109
 390 011e 03       		.uleb128 0x3
 391 011f 14020000 		.4byte	.LASF22
 392 0123 05       		.byte	0x5
 393 0124 78       		.byte	0x78
 394 0125 F4000000 		.4byte	0xf4
 395 0129 07       		.uleb128 0x7
 396 012a 04       		.byte	0x4
 397 012b 05       		.byte	0x5
 398 012c 7B       		.byte	0x7b
 399 012d 3E010000 		.4byte	0x13e
 400 0131 08       		.uleb128 0x8
 401 0132 81000000 		.4byte	.LASF23
 402 0136 05       		.byte	0x5
 403 0137 7D       		.byte	0x7d
 404 0138 4E010000 		.4byte	0x14e
 405 013c 00       		.byte	0
 406 013d 00       		.byte	0
 407 013e 09       		.uleb128 0x9
 408 013f C4000000 		.4byte	0xc4
 409 0143 4E010000 		.4byte	0x14e
 410 0147 0A       		.uleb128 0xa
 411 0148 ED000000 		.4byte	0xed
 412 014c 03       		.byte	0x3
 413 014d 00       		.byte	0
 414 014e 06       		.uleb128 0x6
 415 014f 3E010000 		.4byte	0x13e
 416 0153 03       		.uleb128 0x3
 417 0154 65000000 		.4byte	.LASF24
 418 0158 05       		.byte	0x5
 419 0159 7E       		.byte	0x7e
 420 015a 29010000 		.4byte	0x129
 421 015e 07       		.uleb128 0x7
 422 015f 20       		.byte	0x20
 423 0160 05       		.byte	0x5
 424 0161 A0       		.byte	0xa0
 425 0162 BB010000 		.4byte	0x1bb
 426 0166 08       		.uleb128 0x8
 427 0167 91020000 		.4byte	.LASF25
 428 016b 05       		.byte	0x5
 429 016c A2       		.byte	0xa2
 430 016d 53010000 		.4byte	0x153
 431 0171 00       		.byte	0
 432 0172 08       		.uleb128 0x8
 433 0173 01020000 		.4byte	.LASF26
 434 0177 05       		.byte	0x5
 435 0178 A3       		.byte	0xa3
 436 0179 53010000 		.4byte	0x153
 437 017d 04       		.byte	0x4
 438 017e 08       		.uleb128 0x8
 439 017f 91000000 		.4byte	.LASF27
 440 0183 05       		.byte	0x5
 441 0184 A4       		.byte	0xa4
 442 0185 1E010000 		.4byte	0x11e
 443 0189 08       		.byte	0x8
 444 018a 08       		.uleb128 0x8
 445 018b 37000000 		.4byte	.LASF28
ARM GAS  C:\Users\Reza\AppData\Local\Temp\cciHt4c7.s 			page 19


 446 018f 05       		.byte	0x5
 447 0190 A5       		.byte	0xa5
 448 0191 53010000 		.4byte	0x153
 449 0195 10       		.byte	0x10
 450 0196 08       		.uleb128 0x8
 451 0197 F7020000 		.4byte	.LASF29
 452 019b 05       		.byte	0x5
 453 019c A6       		.byte	0xa6
 454 019d 53010000 		.4byte	0x153
 455 01a1 14       		.byte	0x14
 456 01a2 08       		.uleb128 0x8
 457 01a3 B1020000 		.4byte	.LASF30
 458 01a7 05       		.byte	0x5
 459 01a8 A7       		.byte	0xa7
 460 01a9 53010000 		.4byte	0x153
 461 01ad 18       		.byte	0x18
 462 01ae 08       		.uleb128 0x8
 463 01af B0000000 		.4byte	.LASF31
 464 01b3 05       		.byte	0x5
 465 01b4 A8       		.byte	0xa8
 466 01b5 53010000 		.4byte	0x153
 467 01b9 1C       		.byte	0x1c
 468 01ba 00       		.byte	0
 469 01bb 03       		.uleb128 0x3
 470 01bc 14000000 		.4byte	.LASF32
 471 01c0 05       		.byte	0x5
 472 01c1 A9       		.byte	0xa9
 473 01c2 5E010000 		.4byte	0x15e
 474 01c6 03       		.uleb128 0x3
 475 01c7 3D030000 		.4byte	.LASF33
 476 01cb 06       		.byte	0x6
 477 01cc 38       		.byte	0x38
 478 01cd 4C000000 		.4byte	0x4c
 479 01d1 03       		.uleb128 0x3
 480 01d2 73000000 		.4byte	.LASF34
 481 01d6 07       		.byte	0x7
 482 01d7 30       		.byte	0x30
 483 01d8 DC010000 		.4byte	0x1dc
 484 01dc 0B       		.uleb128 0xb
 485 01dd 04       		.byte	0x4
 486 01de E2010000 		.4byte	0x1e2
 487 01e2 0C       		.uleb128 0xc
 488 01e3 5D020000 		.4byte	.LASF51
 489 01e7 03       		.uleb128 0x3
 490 01e8 2D020000 		.4byte	.LASF35
 491 01ec 08       		.byte	0x8
 492 01ed 25       		.byte	0x25
 493 01ee D1010000 		.4byte	0x1d1
 494 01f2 0D       		.uleb128 0xd
 495 01f3 E3010000 		.4byte	.LASF36
 496 01f7 01       		.byte	0x1
 497 01f8 2F01     		.2byte	0x12f
 498 01fa 00000000 		.4byte	.LFB68
 499 01fe 18000000 		.4byte	.LFE68-.LFB68
 500 0202 01       		.uleb128 0x1
 501 0203 9C       		.byte	0x9c
 502 0204 1B020000 		.4byte	0x21b
ARM GAS  C:\Users\Reza\AppData\Local\Temp\cciHt4c7.s 			page 20


 503 0208 0E       		.uleb128 0xe
 504 0209 0C000000 		.4byte	.LVL0
 505 020d E7020000 		.4byte	0x2e7
 506 0211 0E       		.uleb128 0xe
 507 0212 10000000 		.4byte	.LVL1
 508 0216 F2020000 		.4byte	0x2f2
 509 021a 00       		.byte	0
 510 021b 0F       		.uleb128 0xf
 511 021c 3D000000 		.4byte	.LASF52
 512 0220 01       		.byte	0x1
 513 0221 7901     		.2byte	0x179
 514 0223 00000000 		.4byte	.LFB69
 515 0227 0C000000 		.4byte	.LFE69-.LFB69
 516 022b 01       		.uleb128 0x1
 517 022c 9C       		.byte	0x9c
 518 022d 0D       		.uleb128 0xd
 519 022e 21030000 		.4byte	.LASF37
 520 0232 01       		.byte	0x1
 521 0233 9B01     		.2byte	0x19b
 522 0235 00000000 		.4byte	.LFB70
 523 0239 44000000 		.4byte	.LFE70-.LFB70
 524 023d 01       		.uleb128 0x1
 525 023e 9C       		.byte	0x9c
 526 023f 74020000 		.4byte	0x274
 527 0243 10       		.uleb128 0x10
 528 0244 57000000 		.4byte	.LASF38
 529 0248 01       		.byte	0x1
 530 0249 9D01     		.2byte	0x19d
 531 024b 97000000 		.4byte	0x97
 532 024f 00000000 		.4byte	.LLST0
 533 0253 10       		.uleb128 0x10
 534 0254 0E000000 		.4byte	.LASF39
 535 0258 01       		.byte	0x1
 536 0259 9E01     		.2byte	0x19e
 537 025b A3000000 		.4byte	0xa3
 538 025f 2A000000 		.4byte	.LLST1
 539 0263 11       		.uleb128 0x11
 540 0264 28000000 		.4byte	.LVL5
 541 0268 FD020000 		.4byte	0x2fd
 542 026c 12       		.uleb128 0x12
 543 026d 01       		.uleb128 0x1
 544 026e 50       		.byte	0x50
 545 026f 02       		.uleb128 0x2
 546 0270 74       		.byte	0x74
 547 0271 00       		.sleb128 0
 548 0272 00       		.byte	0
 549 0273 00       		.byte	0
 550 0274 0D       		.uleb128 0xd
 551 0275 86000000 		.4byte	.LASF40
 552 0279 01       		.byte	0x1
 553 027a D301     		.2byte	0x1d3
 554 027c 00000000 		.4byte	.LFB71
 555 0280 64000000 		.4byte	.LFE71-.LFB71
 556 0284 01       		.uleb128 0x1
 557 0285 9C       		.byte	0x9c
 558 0286 CB020000 		.4byte	0x2cb
 559 028a 13       		.uleb128 0x13
ARM GAS  C:\Users\Reza\AppData\Local\Temp\cciHt4c7.s 			page 21


 560 028b D4020000 		.4byte	.LASF41
 561 028f 01       		.byte	0x1
 562 0290 3B02     		.2byte	0x23b
 563 0292 4C000000 		.4byte	0x4c
 564 0296 05       		.uleb128 0x5
 565 0297 03       		.byte	0x3
 566 0298 00000000 		.4byte	xHigherPriorityTaskWoken.6659
 567 029c 0E       		.uleb128 0xe
 568 029d 10000000 		.4byte	.LVL11
 569 02a1 F2010000 		.4byte	0x1f2
 570 02a5 0E       		.uleb128 0xe
 571 02a6 1E000000 		.4byte	.LVL12
 572 02aa 1B020000 		.4byte	0x21b
 573 02ae 0E       		.uleb128 0xe
 574 02af 32000000 		.4byte	.LVL13
 575 02b3 2D020000 		.4byte	0x22d
 576 02b7 11       		.uleb128 0x11
 577 02b8 3C000000 		.4byte	.LVL14
 578 02bc 09030000 		.4byte	0x309
 579 02c0 12       		.uleb128 0x12
 580 02c1 01       		.uleb128 0x1
 581 02c2 51       		.byte	0x51
 582 02c3 05       		.uleb128 0x5
 583 02c4 03       		.byte	0x3
 584 02c5 00000000 		.4byte	.LANCHOR0
 585 02c9 00       		.byte	0
 586 02ca 00       		.byte	0
 587 02cb 14       		.uleb128 0x14
 588 02cc F4010000 		.4byte	.LASF42
 589 02d0 09       		.byte	0x9
 590 02d1 1207     		.2byte	0x712
 591 02d3 D7020000 		.4byte	0x2d7
 592 02d7 06       		.uleb128 0x6
 593 02d8 81000000 		.4byte	0x81
 594 02dc 15       		.uleb128 0x15
 595 02dd 06000000 		.4byte	.LASF43
 596 02e1 01       		.byte	0x1
 597 02e2 1D       		.byte	0x1d
 598 02e3 E7010000 		.4byte	0x1e7
 599 02e7 16       		.uleb128 0x16
 600 02e8 98000000 		.4byte	.LASF44
 601 02ec 98000000 		.4byte	.LASF44
 602 02f0 05       		.byte	0x5
 603 02f1 C9       		.byte	0xc9
 604 02f2 16       		.uleb128 0x16
 605 02f3 4A020000 		.4byte	.LASF45
 606 02f7 4A020000 		.4byte	.LASF45
 607 02fb 05       		.byte	0x5
 608 02fc C6       		.byte	0xc6
 609 02fd 17       		.uleb128 0x17
 610 02fe 25000000 		.4byte	.LASF46
 611 0302 25000000 		.4byte	.LASF46
 612 0306 05       		.byte	0x5
 613 0307 1A01     		.2byte	0x11a
 614 0309 17       		.uleb128 0x17
 615 030a 9F020000 		.4byte	.LASF47
 616 030e 9F020000 		.4byte	.LASF47
ARM GAS  C:\Users\Reza\AppData\Local\Temp\cciHt4c7.s 			page 22


 617 0312 07       		.byte	0x7
 618 0313 1005     		.2byte	0x510
 619 0315 00       		.byte	0
 620              		.section	.debug_abbrev,"",%progbits
 621              	.Ldebug_abbrev0:
 622 0000 01       		.uleb128 0x1
 623 0001 11       		.uleb128 0x11
 624 0002 01       		.byte	0x1
 625 0003 25       		.uleb128 0x25
 626 0004 0E       		.uleb128 0xe
 627 0005 13       		.uleb128 0x13
 628 0006 0B       		.uleb128 0xb
 629 0007 03       		.uleb128 0x3
 630 0008 0E       		.uleb128 0xe
 631 0009 1B       		.uleb128 0x1b
 632 000a 0E       		.uleb128 0xe
 633 000b 55       		.uleb128 0x55
 634 000c 17       		.uleb128 0x17
 635 000d 11       		.uleb128 0x11
 636 000e 01       		.uleb128 0x1
 637 000f 10       		.uleb128 0x10
 638 0010 17       		.uleb128 0x17
 639 0011 00       		.byte	0
 640 0012 00       		.byte	0
 641 0013 02       		.uleb128 0x2
 642 0014 24       		.uleb128 0x24
 643 0015 00       		.byte	0
 644 0016 0B       		.uleb128 0xb
 645 0017 0B       		.uleb128 0xb
 646 0018 3E       		.uleb128 0x3e
 647 0019 0B       		.uleb128 0xb
 648 001a 03       		.uleb128 0x3
 649 001b 0E       		.uleb128 0xe
 650 001c 00       		.byte	0
 651 001d 00       		.byte	0
 652 001e 03       		.uleb128 0x3
 653 001f 16       		.uleb128 0x16
 654 0020 00       		.byte	0
 655 0021 03       		.uleb128 0x3
 656 0022 0E       		.uleb128 0xe
 657 0023 3A       		.uleb128 0x3a
 658 0024 0B       		.uleb128 0xb
 659 0025 3B       		.uleb128 0x3b
 660 0026 0B       		.uleb128 0xb
 661 0027 49       		.uleb128 0x49
 662 0028 13       		.uleb128 0x13
 663 0029 00       		.byte	0
 664 002a 00       		.byte	0
 665 002b 04       		.uleb128 0x4
 666 002c 24       		.uleb128 0x24
 667 002d 00       		.byte	0
 668 002e 0B       		.uleb128 0xb
 669 002f 0B       		.uleb128 0xb
 670 0030 3E       		.uleb128 0x3e
 671 0031 0B       		.uleb128 0xb
 672 0032 03       		.uleb128 0x3
 673 0033 08       		.uleb128 0x8
ARM GAS  C:\Users\Reza\AppData\Local\Temp\cciHt4c7.s 			page 23


 674 0034 00       		.byte	0
 675 0035 00       		.byte	0
 676 0036 05       		.uleb128 0x5
 677 0037 16       		.uleb128 0x16
 678 0038 00       		.byte	0
 679 0039 03       		.uleb128 0x3
 680 003a 0E       		.uleb128 0xe
 681 003b 3A       		.uleb128 0x3a
 682 003c 0B       		.uleb128 0xb
 683 003d 3B       		.uleb128 0x3b
 684 003e 05       		.uleb128 0x5
 685 003f 49       		.uleb128 0x49
 686 0040 13       		.uleb128 0x13
 687 0041 00       		.byte	0
 688 0042 00       		.byte	0
 689 0043 06       		.uleb128 0x6
 690 0044 35       		.uleb128 0x35
 691 0045 00       		.byte	0
 692 0046 49       		.uleb128 0x49
 693 0047 13       		.uleb128 0x13
 694 0048 00       		.byte	0
 695 0049 00       		.byte	0
 696 004a 07       		.uleb128 0x7
 697 004b 13       		.uleb128 0x13
 698 004c 01       		.byte	0x1
 699 004d 0B       		.uleb128 0xb
 700 004e 0B       		.uleb128 0xb
 701 004f 3A       		.uleb128 0x3a
 702 0050 0B       		.uleb128 0xb
 703 0051 3B       		.uleb128 0x3b
 704 0052 0B       		.uleb128 0xb
 705 0053 01       		.uleb128 0x1
 706 0054 13       		.uleb128 0x13
 707 0055 00       		.byte	0
 708 0056 00       		.byte	0
 709 0057 08       		.uleb128 0x8
 710 0058 0D       		.uleb128 0xd
 711 0059 00       		.byte	0
 712 005a 03       		.uleb128 0x3
 713 005b 0E       		.uleb128 0xe
 714 005c 3A       		.uleb128 0x3a
 715 005d 0B       		.uleb128 0xb
 716 005e 3B       		.uleb128 0x3b
 717 005f 0B       		.uleb128 0xb
 718 0060 49       		.uleb128 0x49
 719 0061 13       		.uleb128 0x13
 720 0062 38       		.uleb128 0x38
 721 0063 0B       		.uleb128 0xb
 722 0064 00       		.byte	0
 723 0065 00       		.byte	0
 724 0066 09       		.uleb128 0x9
 725 0067 01       		.uleb128 0x1
 726 0068 01       		.byte	0x1
 727 0069 49       		.uleb128 0x49
 728 006a 13       		.uleb128 0x13
 729 006b 01       		.uleb128 0x1
 730 006c 13       		.uleb128 0x13
ARM GAS  C:\Users\Reza\AppData\Local\Temp\cciHt4c7.s 			page 24


 731 006d 00       		.byte	0
 732 006e 00       		.byte	0
 733 006f 0A       		.uleb128 0xa
 734 0070 21       		.uleb128 0x21
 735 0071 00       		.byte	0
 736 0072 49       		.uleb128 0x49
 737 0073 13       		.uleb128 0x13
 738 0074 2F       		.uleb128 0x2f
 739 0075 0B       		.uleb128 0xb
 740 0076 00       		.byte	0
 741 0077 00       		.byte	0
 742 0078 0B       		.uleb128 0xb
 743 0079 0F       		.uleb128 0xf
 744 007a 00       		.byte	0
 745 007b 0B       		.uleb128 0xb
 746 007c 0B       		.uleb128 0xb
 747 007d 49       		.uleb128 0x49
 748 007e 13       		.uleb128 0x13
 749 007f 00       		.byte	0
 750 0080 00       		.byte	0
 751 0081 0C       		.uleb128 0xc
 752 0082 13       		.uleb128 0x13
 753 0083 00       		.byte	0
 754 0084 03       		.uleb128 0x3
 755 0085 0E       		.uleb128 0xe
 756 0086 3C       		.uleb128 0x3c
 757 0087 19       		.uleb128 0x19
 758 0088 00       		.byte	0
 759 0089 00       		.byte	0
 760 008a 0D       		.uleb128 0xd
 761 008b 2E       		.uleb128 0x2e
 762 008c 01       		.byte	0x1
 763 008d 3F       		.uleb128 0x3f
 764 008e 19       		.uleb128 0x19
 765 008f 03       		.uleb128 0x3
 766 0090 0E       		.uleb128 0xe
 767 0091 3A       		.uleb128 0x3a
 768 0092 0B       		.uleb128 0xb
 769 0093 3B       		.uleb128 0x3b
 770 0094 05       		.uleb128 0x5
 771 0095 27       		.uleb128 0x27
 772 0096 19       		.uleb128 0x19
 773 0097 11       		.uleb128 0x11
 774 0098 01       		.uleb128 0x1
 775 0099 12       		.uleb128 0x12
 776 009a 06       		.uleb128 0x6
 777 009b 40       		.uleb128 0x40
 778 009c 18       		.uleb128 0x18
 779 009d 9742     		.uleb128 0x2117
 780 009f 19       		.uleb128 0x19
 781 00a0 01       		.uleb128 0x1
 782 00a1 13       		.uleb128 0x13
 783 00a2 00       		.byte	0
 784 00a3 00       		.byte	0
 785 00a4 0E       		.uleb128 0xe
 786 00a5 898201   		.uleb128 0x4109
 787 00a8 00       		.byte	0
ARM GAS  C:\Users\Reza\AppData\Local\Temp\cciHt4c7.s 			page 25


 788 00a9 11       		.uleb128 0x11
 789 00aa 01       		.uleb128 0x1
 790 00ab 31       		.uleb128 0x31
 791 00ac 13       		.uleb128 0x13
 792 00ad 00       		.byte	0
 793 00ae 00       		.byte	0
 794 00af 0F       		.uleb128 0xf
 795 00b0 2E       		.uleb128 0x2e
 796 00b1 00       		.byte	0
 797 00b2 3F       		.uleb128 0x3f
 798 00b3 19       		.uleb128 0x19
 799 00b4 03       		.uleb128 0x3
 800 00b5 0E       		.uleb128 0xe
 801 00b6 3A       		.uleb128 0x3a
 802 00b7 0B       		.uleb128 0xb
 803 00b8 3B       		.uleb128 0x3b
 804 00b9 05       		.uleb128 0x5
 805 00ba 27       		.uleb128 0x27
 806 00bb 19       		.uleb128 0x19
 807 00bc 11       		.uleb128 0x11
 808 00bd 01       		.uleb128 0x1
 809 00be 12       		.uleb128 0x12
 810 00bf 06       		.uleb128 0x6
 811 00c0 40       		.uleb128 0x40
 812 00c1 18       		.uleb128 0x18
 813 00c2 9742     		.uleb128 0x2117
 814 00c4 19       		.uleb128 0x19
 815 00c5 00       		.byte	0
 816 00c6 00       		.byte	0
 817 00c7 10       		.uleb128 0x10
 818 00c8 34       		.uleb128 0x34
 819 00c9 00       		.byte	0
 820 00ca 03       		.uleb128 0x3
 821 00cb 0E       		.uleb128 0xe
 822 00cc 3A       		.uleb128 0x3a
 823 00cd 0B       		.uleb128 0xb
 824 00ce 3B       		.uleb128 0x3b
 825 00cf 05       		.uleb128 0x5
 826 00d0 49       		.uleb128 0x49
 827 00d1 13       		.uleb128 0x13
 828 00d2 02       		.uleb128 0x2
 829 00d3 17       		.uleb128 0x17
 830 00d4 00       		.byte	0
 831 00d5 00       		.byte	0
 832 00d6 11       		.uleb128 0x11
 833 00d7 898201   		.uleb128 0x4109
 834 00da 01       		.byte	0x1
 835 00db 11       		.uleb128 0x11
 836 00dc 01       		.uleb128 0x1
 837 00dd 31       		.uleb128 0x31
 838 00de 13       		.uleb128 0x13
 839 00df 00       		.byte	0
 840 00e0 00       		.byte	0
 841 00e1 12       		.uleb128 0x12
 842 00e2 8A8201   		.uleb128 0x410a
 843 00e5 00       		.byte	0
 844 00e6 02       		.uleb128 0x2
ARM GAS  C:\Users\Reza\AppData\Local\Temp\cciHt4c7.s 			page 26


 845 00e7 18       		.uleb128 0x18
 846 00e8 9142     		.uleb128 0x2111
 847 00ea 18       		.uleb128 0x18
 848 00eb 00       		.byte	0
 849 00ec 00       		.byte	0
 850 00ed 13       		.uleb128 0x13
 851 00ee 34       		.uleb128 0x34
 852 00ef 00       		.byte	0
 853 00f0 03       		.uleb128 0x3
 854 00f1 0E       		.uleb128 0xe
 855 00f2 3A       		.uleb128 0x3a
 856 00f3 0B       		.uleb128 0xb
 857 00f4 3B       		.uleb128 0x3b
 858 00f5 05       		.uleb128 0x5
 859 00f6 49       		.uleb128 0x49
 860 00f7 13       		.uleb128 0x13
 861 00f8 02       		.uleb128 0x2
 862 00f9 18       		.uleb128 0x18
 863 00fa 00       		.byte	0
 864 00fb 00       		.byte	0
 865 00fc 14       		.uleb128 0x14
 866 00fd 34       		.uleb128 0x34
 867 00fe 00       		.byte	0
 868 00ff 03       		.uleb128 0x3
 869 0100 0E       		.uleb128 0xe
 870 0101 3A       		.uleb128 0x3a
 871 0102 0B       		.uleb128 0xb
 872 0103 3B       		.uleb128 0x3b
 873 0104 05       		.uleb128 0x5
 874 0105 49       		.uleb128 0x49
 875 0106 13       		.uleb128 0x13
 876 0107 3F       		.uleb128 0x3f
 877 0108 19       		.uleb128 0x19
 878 0109 3C       		.uleb128 0x3c
 879 010a 19       		.uleb128 0x19
 880 010b 00       		.byte	0
 881 010c 00       		.byte	0
 882 010d 15       		.uleb128 0x15
 883 010e 34       		.uleb128 0x34
 884 010f 00       		.byte	0
 885 0110 03       		.uleb128 0x3
 886 0111 0E       		.uleb128 0xe
 887 0112 3A       		.uleb128 0x3a
 888 0113 0B       		.uleb128 0xb
 889 0114 3B       		.uleb128 0x3b
 890 0115 0B       		.uleb128 0xb
 891 0116 49       		.uleb128 0x49
 892 0117 13       		.uleb128 0x13
 893 0118 3F       		.uleb128 0x3f
 894 0119 19       		.uleb128 0x19
 895 011a 3C       		.uleb128 0x3c
 896 011b 19       		.uleb128 0x19
 897 011c 00       		.byte	0
 898 011d 00       		.byte	0
 899 011e 16       		.uleb128 0x16
 900 011f 2E       		.uleb128 0x2e
 901 0120 00       		.byte	0
ARM GAS  C:\Users\Reza\AppData\Local\Temp\cciHt4c7.s 			page 27


 902 0121 3F       		.uleb128 0x3f
 903 0122 19       		.uleb128 0x19
 904 0123 3C       		.uleb128 0x3c
 905 0124 19       		.uleb128 0x19
 906 0125 6E       		.uleb128 0x6e
 907 0126 0E       		.uleb128 0xe
 908 0127 03       		.uleb128 0x3
 909 0128 0E       		.uleb128 0xe
 910 0129 3A       		.uleb128 0x3a
 911 012a 0B       		.uleb128 0xb
 912 012b 3B       		.uleb128 0x3b
 913 012c 0B       		.uleb128 0xb
 914 012d 00       		.byte	0
 915 012e 00       		.byte	0
 916 012f 17       		.uleb128 0x17
 917 0130 2E       		.uleb128 0x2e
 918 0131 00       		.byte	0
 919 0132 3F       		.uleb128 0x3f
 920 0133 19       		.uleb128 0x19
 921 0134 3C       		.uleb128 0x3c
 922 0135 19       		.uleb128 0x19
 923 0136 6E       		.uleb128 0x6e
 924 0137 0E       		.uleb128 0xe
 925 0138 03       		.uleb128 0x3
 926 0139 0E       		.uleb128 0xe
 927 013a 3A       		.uleb128 0x3a
 928 013b 0B       		.uleb128 0xb
 929 013c 3B       		.uleb128 0x3b
 930 013d 05       		.uleb128 0x5
 931 013e 00       		.byte	0
 932 013f 00       		.byte	0
 933 0140 00       		.byte	0
 934              		.section	.debug_loc,"",%progbits
 935              	.Ldebug_loc0:
 936              	.LLST0:
 937 0000 08000000 		.4byte	.LVL3
 938 0004 0E000000 		.4byte	.LVL4
 939 0008 0200     		.2byte	0x2
 940 000a 30       		.byte	0x30
 941 000b 9F       		.byte	0x9f
 942 000c 0E000000 		.4byte	.LVL4
 943 0010 2E000000 		.4byte	.LVL8
 944 0014 0100     		.2byte	0x1
 945 0016 54       		.byte	0x54
 946 0017 30000000 		.4byte	.LVL9
 947 001b 36000000 		.4byte	.LVL10
 948 001f 0100     		.2byte	0x1
 949 0021 54       		.byte	0x54
 950 0022 00000000 		.4byte	0
 951 0026 00000000 		.4byte	0
 952              	.LLST1:
 953 002a 02000000 		.4byte	.LVL2
 954 002e 0E000000 		.4byte	.LVL4
 955 0032 0200     		.2byte	0x2
 956 0034 31       		.byte	0x31
 957 0035 9F       		.byte	0x9f
 958 0036 0E000000 		.4byte	.LVL4
ARM GAS  C:\Users\Reza\AppData\Local\Temp\cciHt4c7.s 			page 28


 959 003a 2A000000 		.4byte	.LVL6
 960 003e 0100     		.2byte	0x1
 961 0040 55       		.byte	0x55
 962 0041 2C000000 		.4byte	.LVL7
 963 0045 36000000 		.4byte	.LVL10
 964 0049 0100     		.2byte	0x1
 965 004b 55       		.byte	0x55
 966 004c 00000000 		.4byte	0
 967 0050 00000000 		.4byte	0
 968              		.section	.debug_aranges,"",%progbits
 969 0000 34000000 		.4byte	0x34
 970 0004 0200     		.2byte	0x2
 971 0006 00000000 		.4byte	.Ldebug_info0
 972 000a 04       		.byte	0x4
 973 000b 00       		.byte	0
 974 000c 0000     		.2byte	0
 975 000e 0000     		.2byte	0
 976 0010 00000000 		.4byte	.LFB68
 977 0014 18000000 		.4byte	.LFE68-.LFB68
 978 0018 00000000 		.4byte	.LFB69
 979 001c 0C000000 		.4byte	.LFE69-.LFB69
 980 0020 00000000 		.4byte	.LFB70
 981 0024 44000000 		.4byte	.LFE70-.LFB70
 982 0028 00000000 		.4byte	.LFB71
 983 002c 64000000 		.4byte	.LFE71-.LFB71
 984 0030 00000000 		.4byte	0
 985 0034 00000000 		.4byte	0
 986              		.section	.debug_ranges,"",%progbits
 987              	.Ldebug_ranges0:
 988 0000 00000000 		.4byte	.LFB68
 989 0004 18000000 		.4byte	.LFE68
 990 0008 00000000 		.4byte	.LFB69
 991 000c 0C000000 		.4byte	.LFE69
 992 0010 00000000 		.4byte	.LFB70
 993 0014 44000000 		.4byte	.LFE70
 994 0018 00000000 		.4byte	.LFB71
 995 001c 64000000 		.4byte	.LFE71
 996 0020 00000000 		.4byte	0
 997 0024 00000000 		.4byte	0
 998              		.section	.debug_line,"",%progbits
 999              	.Ldebug_line0:
 1000 0000 21020000 		.section	.debug_str,"MS",%progbits,1
 1000      0200A201 
 1000      00000201 
 1000      FB0E0D00 
 1000      01010101 
 1001              	.LASF19:
 1002 0000 72656731 		.ascii	"reg16\000"
 1002      3600
 1003              	.LASF43:
 1004 0006 52784769 		.ascii	"RxGiver\000"
 1004      76657200 
 1005              	.LASF39:
 1006 000e 73686966 		.ascii	"shift\000"
 1006      7400
 1007              	.LASF32:
 1008 0014 43414E5F 		.ascii	"CAN_Rx_RX_STRUCT\000"
ARM GAS  C:\Users\Reza\AppData\Local\Temp\cciHt4c7.s 			page 29


 1008      52785F52 
 1008      585F5354 
 1008      52554354 
 1008      00
 1009              	.LASF46:
 1010 0025 43414E5F 		.ascii	"CAN_Rx_ReceiveMsg\000"
 1010      52785F52 
 1010      65636569 
 1010      76654D73 
 1010      6700
 1011              	.LASF28:
 1012 0037 7278616D 		.ascii	"rxamr\000"
 1012      7200
 1013              	.LASF52:
 1014 003d 43414E5F 		.ascii	"CAN_Rx_MsgTXIsr\000"
 1014      52785F4D 
 1014      73675458 
 1014      49737200 
 1015              	.LASF5:
 1016 004d 5F5F696E 		.ascii	"__int32_t\000"
 1016      7433325F 
 1016      7400
 1017              	.LASF38:
 1018 0057 6D61696C 		.ascii	"mailboxNumber\000"
 1018      626F784E 
 1018      756D6265 
 1018      7200
 1019              	.LASF24:
 1020 0065 43414E5F 		.ascii	"CAN_Rx_REG_32\000"
 1020      52785F52 
 1020      45475F33 
 1020      3200
 1021              	.LASF34:
 1022 0073 51756575 		.ascii	"QueueHandle_t\000"
 1022      6548616E 
 1022      646C655F 
 1022      7400
 1023              	.LASF23:
 1024 0081 62797465 		.ascii	"byte\000"
 1024      00
 1025              	.LASF40:
 1026 0086 43414E5F 		.ascii	"CAN_Rx_ISR\000"
 1026      52785F49 
 1026      535200
 1027              	.LASF27:
 1028 0091 72786461 		.ascii	"rxdata\000"
 1028      746100
 1029              	.LASF44:
 1030 0098 43414E5F 		.ascii	"CAN_Rx_GlobalIntDisable\000"
 1030      52785F47 
 1030      6C6F6261 
 1030      6C496E74 
 1030      44697361 
 1031              	.LASF31:
 1032 00b0 72786163 		.ascii	"rxacrd\000"
 1032      726400
 1033              	.LASF15:
ARM GAS  C:\Users\Reza\AppData\Local\Temp\cciHt4c7.s 			page 30


 1034 00b7 666C6F61 		.ascii	"float\000"
 1034      7400
 1035              	.LASF50:
 1036 00bd 433A5C55 		.ascii	"C:\\Users\\Reza\\Documents\\PSoC Creator\\CAN_Appli"
 1036      73657273 
 1036      5C52657A 
 1036      615C446F 
 1036      63756D65 
 1037 00eb 63617469 		.ascii	"cation_01\\Design01_Rx.cydsn\000"
 1037      6F6E5F30 
 1037      315C4465 
 1037      7369676E 
 1037      30315F52 
 1038              	.LASF49:
 1039 0107 47656E65 		.ascii	"Generated_Source\\PSoC5\\CAN_Rx_INT.c\000"
 1039      72617465 
 1039      645F536F 
 1039      75726365 
 1039      5C50536F 
 1040              	.LASF48:
 1041 012b 474E5520 		.ascii	"GNU C11 5.4.1 20160609 (release) [ARM/embedded-5-br"
 1041      43313120 
 1041      352E342E 
 1041      31203230 
 1041      31363036 
 1042 015e 616E6368 		.ascii	"anch revision 237715] -mcpu=cortex-m3 -mthumb -g -O"
 1042      20726576 
 1042      6973696F 
 1042      6E203233 
 1042      37373135 
 1043 0191 67202D66 		.ascii	"g -ffunction-sections -ffat-lto-objects\000"
 1043      66756E63 
 1043      74696F6E 
 1043      2D736563 
 1043      74696F6E 
 1044              	.LASF18:
 1045 01b9 72656738 		.ascii	"reg8\000"
 1045      00
 1046              	.LASF7:
 1047 01be 6C6F6E67 		.ascii	"long unsigned int\000"
 1047      20756E73 
 1047      69676E65 
 1047      6420696E 
 1047      7400
 1048              	.LASF3:
 1049 01d0 73686F72 		.ascii	"short unsigned int\000"
 1049      7420756E 
 1049      7369676E 
 1049      65642069 
 1049      6E7400
 1050              	.LASF36:
 1051 01e3 43414E5F 		.ascii	"CAN_Rx_BusOffIsr\000"
 1051      52785F42 
 1051      75734F66 
 1051      66497372 
 1051      00
 1052              	.LASF42:
ARM GAS  C:\Users\Reza\AppData\Local\Temp\cciHt4c7.s 			page 31


 1053 01f4 49544D5F 		.ascii	"ITM_RxBuffer\000"
 1053      52784275 
 1053      66666572 
 1053      00
 1054              	.LASF26:
 1055 0201 72786964 		.ascii	"rxid\000"
 1055      00
 1056              	.LASF1:
 1057 0206 756E7369 		.ascii	"unsigned char\000"
 1057      676E6564 
 1057      20636861 
 1057      7200
 1058              	.LASF22:
 1059 0214 43414E5F 		.ascii	"CAN_Rx_DATA_BYTES\000"
 1059      52785F44 
 1059      4154415F 
 1059      42595445 
 1059      5300
 1060              	.LASF16:
 1061 0226 646F7562 		.ascii	"double\000"
 1061      6C6500
 1062              	.LASF35:
 1063 022d 53656D61 		.ascii	"SemaphoreHandle_t\000"
 1063      70686F72 
 1063      6548616E 
 1063      646C655F 
 1063      7400
 1064              	.LASF6:
 1065 023f 5F5F7569 		.ascii	"__uint32_t\000"
 1065      6E743332 
 1065      5F7400
 1066              	.LASF45:
 1067 024a 43414E5F 		.ascii	"CAN_Rx_Stop\000"
 1067      52785F53 
 1067      746F7000 
 1068              	.LASF14:
 1069 0256 75696E74 		.ascii	"uint16\000"
 1069      313600
 1070              	.LASF51:
 1071 025d 51756575 		.ascii	"QueueDefinition\000"
 1071      65446566 
 1071      696E6974 
 1071      696F6E00 
 1072              	.LASF10:
 1073 026d 756E7369 		.ascii	"unsigned int\000"
 1073      676E6564 
 1073      20696E74 
 1073      00
 1074              	.LASF9:
 1075 027a 6C6F6E67 		.ascii	"long long unsigned int\000"
 1075      206C6F6E 
 1075      6720756E 
 1075      7369676E 
 1075      65642069 
 1076              	.LASF25:
 1077 0291 7278636D 		.ascii	"rxcmd\000"
 1077      6400
ARM GAS  C:\Users\Reza\AppData\Local\Temp\cciHt4c7.s 			page 32


 1078              	.LASF11:
 1079 0297 696E7433 		.ascii	"int32_t\000"
 1079      325F7400 
 1080              	.LASF47:
 1081 029f 78517565 		.ascii	"xQueueGiveFromISR\000"
 1081      75654769 
 1081      76654672 
 1081      6F6D4953 
 1081      5200
 1082              	.LASF30:
 1083 02b1 7278616D 		.ascii	"rxamrd\000"
 1083      726400
 1084              	.LASF21:
 1085 02b8 73697A65 		.ascii	"sizetype\000"
 1085      74797065 
 1085      00
 1086              	.LASF8:
 1087 02c1 6C6F6E67 		.ascii	"long long int\000"
 1087      206C6F6E 
 1087      6720696E 
 1087      7400
 1088              	.LASF17:
 1089 02cf 63686172 		.ascii	"char\000"
 1089      00
 1090              	.LASF41:
 1091 02d4 78486967 		.ascii	"xHigherPriorityTaskWoken\000"
 1091      68657250 
 1091      72696F72 
 1091      69747954 
 1091      61736B57 
 1092              	.LASF2:
 1093 02ed 73686F72 		.ascii	"short int\000"
 1093      7420696E 
 1093      7400
 1094              	.LASF29:
 1095 02f7 72786163 		.ascii	"rxacr\000"
 1095      7200
 1096              	.LASF13:
 1097 02fd 75696E74 		.ascii	"uint8\000"
 1097      3800
 1098              	.LASF12:
 1099 0303 75696E74 		.ascii	"uint32_t\000"
 1099      33325F74 
 1099      00
 1100              	.LASF4:
 1101 030c 6C6F6E67 		.ascii	"long int\000"
 1101      20696E74 
 1101      00
 1102              	.LASF20:
 1103 0315 6C6F6E67 		.ascii	"long double\000"
 1103      20646F75 
 1103      626C6500 
 1104              	.LASF37:
 1105 0321 43414E5F 		.ascii	"CAN_Rx_MsgRXIsr\000"
 1105      52785F4D 
 1105      73675258 
 1105      49737200 
ARM GAS  C:\Users\Reza\AppData\Local\Temp\cciHt4c7.s 			page 33


 1106              	.LASF0:
 1107 0331 7369676E 		.ascii	"signed char\000"
 1107      65642063 
 1107      68617200 
 1108              	.LASF33:
 1109 033d 42617365 		.ascii	"BaseType_t\000"
 1109      54797065 
 1109      5F7400
 1110              		.ident	"GCC: (GNU Tools for ARM Embedded Processors) 5.4.1 20160609 (release) [ARM/embedded-5-bran
