Archive member included to satisfy reference by file (symbol)

.\CortexM3\ARM_GCC_541\Debug\Design01_Rx.a(UART_LOG.o)
                              .\CortexM3\ARM_GCC_541\Debug\main.o (UART_LOG_Start)
.\CortexM3\ARM_GCC_541\Debug\Design01_Rx.a(UART_LOG_IntClock.o)
                              .\CortexM3\ARM_GCC_541\Debug\Design01_Rx.a(UART_LOG.o) (UART_LOG_IntClock_Start)
.\CortexM3\ARM_GCC_541\Debug\Design01_Rx.a(CyLib.o)
                              .\CortexM3\ARM_GCC_541\Debug\Cm3Start.o (CyHalt)
.\CortexM3\ARM_GCC_541\Debug\Design01_Rx.a(cyPm.o)
                              .\CortexM3\ARM_GCC_541\Debug\Design01_Rx.a(CyLib.o) (CyPmReadStatus)
.\CortexM3\ARM_GCC_541\Debug\Design01_Rx.a(CAN_Rx.o)
                              .\CortexM3\ARM_GCC_541\Debug\main.o (CAN_Rx_Start)
.\CortexM3\ARM_GCC_541\Debug\Design01_Rx.a(CAN_Rx_INT.o)
                              .\CortexM3\ARM_GCC_541\Debug\Design01_Rx.a(CAN_Rx.o) (CAN_Rx_ISR)
.\CortexM3\ARM_GCC_541\Debug\Design01_Rx.a(CAN_Rx_TX_RX_func.o)
                              .\CortexM3\ARM_GCC_541\Debug\main.o (CAN_Rx_SendMsg0)
.\CortexM3\ARM_GCC_541\Debug\Design01_Rx.a(SEVEN_DP.o)
                              .\CortexM3\ARM_GCC_541\Debug\seven.o (SEVEN_DP_Write)
.\CortexM3\ARM_GCC_541\Debug\Design01_Rx.a(SEVEN_SELECT.o)
                              .\CortexM3\ARM_GCC_541\Debug\seven.o (SEVEN_SELECT_Write)
.\CortexM3\ARM_GCC_541\Debug\Design01_Rx.a(SEVEN_reg.o)
                              .\CortexM3\ARM_GCC_541\Debug\seven.o (SEVEN_reg_Write)
.\CortexM3\ARM_GCC_541\Debug\Design01_Rx.a(RED_LED.o)
                              .\CortexM3\ARM_GCC_541\Debug\main.o (RED_LED_Write)
.\CortexM3\ARM_GCC_541\Debug\Design01_Rx.a(SPIM.o)
                              .\CortexM3\ARM_GCC_541\Debug\ugui_st7735.o (SPIM_WriteTxData)
.\CortexM3\ARM_GCC_541\Debug\Design01_Rx.a(RST.o)
                              .\CortexM3\ARM_GCC_541\Debug\ugui_st7735.o (RST_Write)
.\CortexM3\ARM_GCC_541\Debug\Design01_Rx.a(RS.o)
                              .\CortexM3\ARM_GCC_541\Debug\ugui_st7735.o (RS_Write)
.\CortexM3\ARM_GCC_541\Debug\Design01_Rx.a(GREEN_LED.o)
                              .\CortexM3\ARM_GCC_541\Debug\main.o (GREEN_LED_Write)
.\CortexM3\ARM_GCC_541\Debug\Design01_Rx.a(YELLOW_LED.o)
                              .\CortexM3\ARM_GCC_541\Debug\main.o (YELLOW_LED_Write)
.\CortexM3\ARM_GCC_541\Debug\Design01_Rx.a(CyBootAsmGnu.o)
                              .\CortexM3\ARM_GCC_541\Debug\cyfitter_cfg.o (CyDelayCycles)
.\CortexM3\ARM_GCC_541\Debug\Design01_Rx.a(CyFlash.o)
                              .\CortexM3\ARM_GCC_541\Debug\Design01_Rx.a(cyPm.o) (CyFlash_SetWaitCycles)
.\CortexM3\ARM_GCC_541\Debug\Design01_Rx.a(CySpc.o)
                              .\CortexM3\ARM_GCC_541\Debug\Design01_Rx.a(CyFlash.o) (CySpcStart)
c:/program files (x86)/cypress/psoc creator/4.2/psoc creator/import/gnu/arm/5.4.1/bin/../lib/gcc/arm-none-eabi/5.4.1/../../../../arm-none-eabi/lib/armv7-m\libg_nano.a(lib_a-errno.o)
                              .\CortexM3\ARM_GCC_541\Debug\Cm3Start.o (__errno)
c:/program files (x86)/cypress/psoc creator/4.2/psoc creator/import/gnu/arm/5.4.1/bin/../lib/gcc/arm-none-eabi/5.4.1/../../../../arm-none-eabi/lib/armv7-m\libg_nano.a(lib_a-exit.o)
                              c:/program files (x86)/cypress/psoc creator/4.2/psoc creator/import/gnu/arm/5.4.1/bin/../lib/gcc/arm-none-eabi/5.4.1/../../../../arm-none-eabi/lib/armv7-m/crt0.o (exit)
c:/program files (x86)/cypress/psoc creator/4.2/psoc creator/import/gnu/arm/5.4.1/bin/../lib/gcc/arm-none-eabi/5.4.1/../../../../arm-none-eabi/lib/armv7-m\libg_nano.a(lib_a-impure.o)
                              c:/program files (x86)/cypress/psoc creator/4.2/psoc creator/import/gnu/arm/5.4.1/bin/../lib/gcc/arm-none-eabi/5.4.1/../../../../arm-none-eabi/lib/armv7-m\libg_nano.a(lib_a-exit.o) (_global_impure_ptr)
c:/program files (x86)/cypress/psoc creator/4.2/psoc creator/import/gnu/arm/5.4.1/bin/../lib/gcc/arm-none-eabi/5.4.1/../../../../arm-none-eabi/lib/armv7-m\libg_nano.a(lib_a-init.o)
                              c:/program files (x86)/cypress/psoc creator/4.2/psoc creator/import/gnu/arm/5.4.1/bin/../lib/gcc/arm-none-eabi/5.4.1/../../../../arm-none-eabi/lib/armv7-m/crt0.o (__libc_init_array)
c:/program files (x86)/cypress/psoc creator/4.2/psoc creator/import/gnu/arm/5.4.1/bin/../lib/gcc/arm-none-eabi/5.4.1/../../../../arm-none-eabi/lib/armv7-m\libg_nano.a(lib_a-itoa.o)
                              .\CortexM3\ARM_GCC_541\Debug\main.o (itoa)
c:/program files (x86)/cypress/psoc creator/4.2/psoc creator/import/gnu/arm/5.4.1/bin/../lib/gcc/arm-none-eabi/5.4.1/../../../../arm-none-eabi/lib/armv7-m\libg_nano.a(lib_a-memcpy-stub.o)
                              .\CortexM3\ARM_GCC_541\Debug\queue.o (memcpy)
c:/program files (x86)/cypress/psoc creator/4.2/psoc creator/import/gnu/arm/5.4.1/bin/../lib/gcc/arm-none-eabi/5.4.1/../../../../arm-none-eabi/lib/armv7-m\libg_nano.a(lib_a-memset.o)
[...]
Memory Configuration

Name             Origin             Length             Attributes
rom              0x00000000         0x00040000         xr
ram              0x1fff8000         0x00010000         xrw
*default*        0x00000000         0xffffffff

Linker script and memory map

LOAD c:/program files (x86)/cypress/psoc creator/4.2/psoc creator/import/gnu/arm/5.4.1/bin/../lib/gcc/arm-none-eabi/5.4.1/armv7-m/crti.o
LOAD c:/program files (x86)/cypress/psoc creator/4.2/psoc creator/import/gnu/arm/5.4.1/bin/../lib/gcc/arm-none-eabi/5.4.1/armv7-m/crtbegin.o
LOAD c:/program files (x86)/cypress/psoc creator/4.2/psoc creator/import/gnu/arm/5.4.1/bin/../lib/gcc/arm-none-eabi/5.4.1/../../../../arm-none-eabi/lib/armv7-m/crt0.o
START GROUP
LOAD .\CortexM3\ARM_GCC_541\Debug\seven.o
LOAD .\CortexM3\ARM_GCC_541\Debug\main.o
LOAD .\CortexM3\ARM_GCC_541\Debug\ugui_st7735.o
LOAD .\CortexM3\ARM_GCC_541\Debug\ugui.o
LOAD .\CortexM3\ARM_GCC_541\Debug\croutine.o
LOAD .\CortexM3\ARM_GCC_541\Debug\event_groups.o
LOAD .\CortexM3\ARM_GCC_541\Debug\heap_1.o
LOAD .\CortexM3\ARM_GCC_541\Debug\list.o
LOAD .\CortexM3\ARM_GCC_541\Debug\mpu_wrappers.o
LOAD .\CortexM3\ARM_GCC_541\Debug\port.o
LOAD .\CortexM3\ARM_GCC_541\Debug\queue.o
LOAD .\CortexM3\ARM_GCC_541\Debug\stream_buffer.o
LOAD .\CortexM3\ARM_GCC_541\Debug\tasks.o
LOAD .\CortexM3\ARM_GCC_541\Debug\timers.o
LOAD .\CortexM3\ARM_GCC_541\Debug\cyfitter_cfg.o
LOAD .\CortexM3\ARM_GCC_541\Debug\cymetadata.o
LOAD .\CortexM3\ARM_GCC_541\Debug\Cm3Start.o
LOAD .\CortexM3\ARM_GCC_541\Debug\Design01_Rx.a
LOAD C:\Program Files (x86)\Cypress\PSoC Creator\4.2\PSoC Creator\psoc\content\cycomponentlibrary\CyComponentLibrary.cylib\CortexM3\ARM_GCC_541\Debug\CyComponentLibrary.a
END GROUP
START GROUP
LOAD c:/program files (x86)/cypress/psoc creator/4.2/psoc creator/import/gnu/arm/5.4.1/bin/../lib/gcc/arm-none-eabi/5.4.1/armv7-m\libgcc.a
LOAD c:/program files (x86)/cypress/psoc creator/4.2/psoc creator/import/gnu/arm/5.4.1/bin/../lib/gcc/arm-none-eabi/5.4.1/../../../../arm-none-eabi/lib/armv7-m\libg_nano.a
LOAD c:/program files (x86)/cypress/psoc creator/4.2/psoc creator/import/gnu/arm/5.4.1/bin/../lib/gcc/arm-none-eabi/5.4.1/../../../../arm-none-eabi/lib/armv7-m\libc_nano.a
END GROUP
START GROUP
LOAD c:/program files (x86)/cypress/psoc creator/4.2/psoc creator/import/gnu/arm/5.4.1/bin/../lib/gcc/arm-none-eabi/5.4.1/armv7-m\libgcc.a
LOAD c:/program files (x86)/cypress/psoc creator/4.2/psoc creator/import/gnu/arm/5.4.1/bin/../lib/gcc/arm-none-eabi/5.4.1/../../../../arm-none-eabi/lib/armv7-m\libc_nano.a
END GROUP
LOAD c:/program files (x86)/cypress/psoc creator/4.2/psoc creator/import/gnu/arm/5.4.1/bin/../lib/gcc/arm-none-eabi/5.4.1/armv7-m/crtend.o
LOAD c:/program files (x86)/cypress/psoc creator/4.2/psoc creator/import/gnu/arm/5.4.1/bin/../lib/gcc/arm-none-eabi/5.4.1/armv7-m/crtn.o
START GROUP
LOAD c:/program files (x86)/cypress/psoc creator/4.2/psoc creator/import/gnu/arm/5.4.1/bin/../lib/gcc/arm-none-eabi/5.4.1/armv7-m\libgcc.a
LOAD c:/program files (x86)/cypress/psoc creator/4.2/psoc creator/import/gnu/arm/5.4.1/bin/../lib/gcc/arm-none-eabi/5.4.1/../../../../arm-none-eabi/lib/armv7-m\libc.a
LOAD c:/program files (x86)/cypress/psoc creator/4.2/psoc creator/import/gnu/arm/5.4.1/bin/../lib/gcc/arm-none-eabi/5.4.1/../../../../arm-none-eabi/lib/armv7-m\libnosys.a
END GROUP
                0x00000000                CY_APPL_ORIGIN = 0x0
                0x00000100                CY_FLASH_ROW_SIZE = 0x100
                0x00000020                CY_ECC_ROW_SIZE = 0x20
                0x00000000                CY_EE_IN_BTLDR = 0x0
                0x00000000                CY_APPL_LOADABLE = 0x0
                0x00000800                CY_EE_SIZE = 0x800
                0x00000001                CY_APPL_NUM = 0x1
                0x00000001                CY_APPL_MAX = 0x1
                0x00000040                CY_METADATA_SIZE = 0x40
                0x00000000                CY_APPL_LOADABLE = 0x0
                0x00000000                CY_CHECKSUM_EXCLUDE_SIZE = ALIGN (0x0, CY_FLASH_ROW_SIZE)
                [!provide]                PROVIDE (__cy_heap_start, _end)
                0x00000001                PROVIDE (__cy_region_num, ((__cy_regions_end - __cy_regions) / 0x10))
                0x20008000                PROVIDE (__cy_stack, (ORIGIN (ram) + LENGTH (ram)))
                [!provide]                PROVIDE (__cy_heap_end, (__cy_stack - 0x800))

.cybootloader   0x00000000        0x0
 *(.cybootloader)
                0x00000000                appl1_start = CY_APPL_ORIGIN?CY_APPL_ORIGIN:ALIGN (CY_FLASH_ROW_SIZE)
                0x0001ff00                appl2_start = (appl1_start + ALIGN ((((LENGTH (rom) - appl1_start) - (0x2 * CY_FLASH_ROW_SIZE)) / 0x2), CY_FLASH_ROW_SIZE))
                0x00000000                appl_start = (CY_APPL_NUM == 0x1)?appl1_start:appl2_start
                0x00000000                ecc_offset = ((appl_start / CY_FLASH_ROW_SIZE) * CY_ECC_ROW_SIZE)
                0x00000000                ee_offset = (CY_APPL_LOADABLE && ! (CY_EE_IN_BTLDR))?((CY_EE_SIZE / CY_APPL_MAX) * (CY_APPL_NUM - 0x1)):0x0
                0x00000800                ee_size = (CY_APPL_LOADABLE && ! (CY_EE_IN_BTLDR))?(CY_EE_SIZE / CY_APPL_MAX):CY_EE_SIZE
                [!provide]                PROVIDE (CY_ECC_OFFSET, ecc_offset)

.text           0x00000000     0x2436
 CREATE_OBJECT_SYMBOLS
                0x00000000                PROVIDE (__cy_interrupt_vector, RomVectors)
 *(.romvectors)
 .romvectors    0x00000000       0x10 .\CortexM3\ARM_GCC_541\Debug\Cm3Start.o
                0x00000000                RomVectors
                0x00000001                ASSERT ((. != __cy_interrupt_vector), No interrupt vector)
                0x00000001                ASSERT (CY_APPL_ORIGIN?(SIZEOF (.cybootloader) <= CY_APPL_ORIGIN):0x1, Wrong image location)
                0x00000010                PROVIDE (__cy_reset, Reset)
 *(.text.Reset)
 .text.Reset    0x00000010       0x18 .\CortexM3\ARM_GCC_541\Debug\Cm3Start.o
                0x00000010                Reset
                0x00000001                ASSERT ((. != __cy_reset), No reset code)
 *(.dma_init)
                0x00000001                ASSERT ((((appl_start + .) <= 0x10000) || 0x1), DMA Init must be within the first 64k of flash)
 *(.text .text.* .gnu.linkonce.t.*)
 .text          0x00000028       0x5c c:/program files (x86)/cypress/psoc creator/4.2/psoc creator/import/gnu/arm/5.4.1/bin/../lib/gcc/arm-none-eabi/5.4.1/armv7-m/crtbegin.o
 .text.CAN_Rx_tsk
                0x00000084       0x68 .\CortexM3\ARM_GCC_541\Debug\main.o
                0x00000084                CAN_Rx_tsk
 .text.CAN_Remote_Tx_tsk
                0x000000ec        0x8 .\CortexM3\ARM_GCC_541\Debug\main.o
                0x000000ec                CAN_Remote_Tx_tsk
 .text.prvHardwareSetup
                0x000000f4       0x20 .\CortexM3\ARM_GCC_541\Debug\main.o
                0x000000f4                prvHardwareSetup
 .text.main     0x00000114       0x90 .\CortexM3\ARM_GCC_541\Debug\main.o
                0x00000114                main
 .text.vApplicationStackOverflowHook
                0x000001a4       0x14 .\CortexM3\ARM_GCC_541\Debug\main.o
                0x000001a4                vApplicationStackOverflowHook
 .text.vApplicationMallocFailedHook
                0x000001b8       0x14 .\CortexM3\ARM_GCC_541\Debug\main.o
                0x000001b8                vApplicationMallocFailedHook
 .text.Display_Reset
                0x000001cc       0x1c .\CortexM3\ARM_GCC_541\Debug\ugui_st7735.o
                0x000001cc                Display_Reset
 .text.Display_WriteCommand
                0x000001e8       0x14 .\CortexM3\ARM_GCC_541\Debug\ugui_st7735.o
                0x000001e8                Display_WriteCommand
 .text.Display_WriteData
                0x000001fc       0x18 .\CortexM3\ARM_GCC_541\Debug\ugui_st7735.o
                0x000001fc                Display_WriteData
 .text.Display_Init
                0x00000214      0x298 .\CortexM3\ARM_GCC_541\Debug\ugui_st7735.o
                0x00000214                Display_Init
 .text.Display_PSet
                0x000004ac       0x90 .\CortexM3\ARM_GCC_541\Debug\ugui_st7735.o
                0x000004ac                Display_PSet
 .text.HW_FillFrame
                0x0000053c       0xec .\CortexM3\ARM_GCC_541\Debug\ugui_st7735.o
                0x0000053c                HW_FillFrame
 .text.HW_DrawLine
                0x00000628       0x64 .\CortexM3\ARM_GCC_541\Debug\ugui_st7735.o
                0x00000628                HW_DrawLine
 .text.UG_Init  0x0000068c       0x74 .\CortexM3\ARM_GCC_541\Debug\ugui.o
                0x0000068c                UG_Init
 .text.UG_FillFrame
                0x00000700       0x70 .\CortexM3\ARM_GCC_541\Debug\ugui.o
                0x00000700                UG_FillFrame
 .text.UG_FillScreen
                0x00000770       0x2c .\CortexM3\ARM_GCC_541\Debug\ugui.o
                0x00000770                UG_FillScreen
 .text.UG_DriverRegister
                0x0000079c       0x1c .\CortexM3\ARM_GCC_541\Debug\ugui.o
                0x0000079c                UG_DriverRegister
 .text.pvPortMalloc
                0x000007b8       0x64 .\CortexM3\ARM_GCC_541\Debug\heap_1.o
                0x000007b8                pvPortMalloc
 .text.vPortFree
                0x0000081c        0x4 .\CortexM3\ARM_GCC_541\Debug\heap_1.o
                0x0000081c                vPortFree
 .text.vListInitialise
                0x00000820       0x18 .\CortexM3\ARM_GCC_541\Debug\list.o
                0x00000820                vListInitialise
 .text.vListInitialiseItem
                0x00000838        0x8 .\CortexM3\ARM_GCC_541\Debug\list.o
                0x00000838                vListInitialiseItem
 .text.vListInsertEnd
                0x00000840       0x18 .\CortexM3\ARM_GCC_541\Debug\list.o
                0x00000840                vListInsertEnd
 .text.vListInsert
                0x00000858       0x34 .\CortexM3\ARM_GCC_541\Debug\list.o
                0x00000858                vListInsert
 .text.uxListRemove
                0x0000088c       0x28 .\CortexM3\ARM_GCC_541\Debug\list.o
                0x0000088c                uxListRemove
 .text.prvTaskExitError
                0x000008b4       0x20 .\CortexM3\ARM_GCC_541\Debug\port.o
 .text.prvPortStartFirstTask
                0x000008d4       0x20 .\CortexM3\ARM_GCC_541\Debug\port.o
 .text.pxPortInitialiseStack
                0x000008f4       0x24 .\CortexM3\ARM_GCC_541\Debug\port.o
                0x000008f4                pxPortInitialiseStack
 *fill*         0x00000918        0x8 
 .text.vPortSVCHandler
                0x00000920       0x24 .\CortexM3\ARM_GCC_541\Debug\port.o
                0x00000920                vPortSVCHandler
 .text.vPortEnterCritical
                0x00000944       0x20 .\CortexM3\ARM_GCC_541\Debug\port.o
                0x00000944                vPortEnterCritical
 .text.vPortExitCritical
                0x00000964       0x14 .\CortexM3\ARM_GCC_541\Debug\port.o
                0x00000964                vPortExitCritical
 *fill*         0x00000978        0x8 
 .text.xPortPendSVHandler
                0x00000980       0x44 .\CortexM3\ARM_GCC_541\Debug\port.o
                0x00000980                xPortPendSVHandler
 .text.xPortSysTickHandler
                0x000009c4       0x2c .\CortexM3\ARM_GCC_541\Debug\port.o
                0x000009c4                xPortSysTickHandler
 .text.vPortSetupTimerInterrupt
                0x000009f0       0x24 .\CortexM3\ARM_GCC_541\Debug\port.o
                0x000009f0                vPortSetupTimerInterrupt
 .text.xPortStartScheduler
                0x00000a14       0x38 .\CortexM3\ARM_GCC_541\Debug\port.o
                0x00000a14                xPortStartScheduler
 .text.prvGetDisinheritPriorityAfterTimeout
                0x00000a4c       0x14 .\CortexM3\ARM_GCC_541\Debug\queue.o
 .text.prvIsQueueFull
                0x00000a60       0x20 .\CortexM3\ARM_GCC_541\Debug\queue.o
 .text.prvIsQueueEmpty
                0x00000a80       0x1c .\CortexM3\ARM_GCC_541\Debug\queue.o
 .text.prvCopyDataToQueue
                0x00000a9c       0x78 .\CortexM3\ARM_GCC_541\Debug\queue.o
 .text.prvUnlockQueue
                0x00000b14       0x68 .\CortexM3\ARM_GCC_541\Debug\queue.o
 .text.xQueueGenericReset
                0x00000b7c       0x6c .\CortexM3\ARM_GCC_541\Debug\queue.o
                0x00000b7c                xQueueGenericReset
 .text.prvInitialiseNewQueue
                0x00000be8       0x1c .\CortexM3\ARM_GCC_541\Debug\queue.o
 .text.xQueueGenericCreate
                0x00000c04       0x30 .\CortexM3\ARM_GCC_541\Debug\queue.o
                0x00000c04                xQueueGenericCreate
 .text.xQueueGenericSend
                0x00000c34      0x108 .\CortexM3\ARM_GCC_541\Debug\queue.o
                0x00000c34                xQueueGenericSend
 .text.prvInitialiseMutex
                0x00000d3c       0x18 .\CortexM3\ARM_GCC_541\Debug\queue.o
 .text.xQueueCreateMutex
                0x00000d54       0x18 .\CortexM3\ARM_GCC_541\Debug\queue.o
                0x00000d54                xQueueCreateMutex
 .text.xQueueGiveFromISR
                0x00000d6c       0x64 .\CortexM3\ARM_GCC_541\Debug\queue.o
                0x00000d6c                xQueueGiveFromISR
 .text.xQueueSemaphoreTake
                0x00000dd0      0x128 .\CortexM3\ARM_GCC_541\Debug\queue.o
                0x00000dd0                xQueueSemaphoreTake
 .text.prvResetNextTaskUnblockTime
                0x00000ef8       0x24 .\CortexM3\ARM_GCC_541\Debug\tasks.o
 .text.prvDeleteTCB
                0x00000f1c       0x14 .\CortexM3\ARM_GCC_541\Debug\tasks.o
 .text.prvInitialiseNewTask
                0x00000f30       0x9c .\CortexM3\ARM_GCC_541\Debug\tasks.o
 .text.prvInitialiseTaskLists
                0x00000fcc       0x58 .\CortexM3\ARM_GCC_541\Debug\tasks.o
 .text.prvAddNewTaskToReadyList
                0x00001024       0xac .\CortexM3\ARM_GCC_541\Debug\tasks.o
 .text.prvCheckTasksWaitingTermination
                0x000010d0       0x44 .\CortexM3\ARM_GCC_541\Debug\tasks.o
 .text.prvIdleTask
                0x00001114        0x8 .\CortexM3\ARM_GCC_541\Debug\tasks.o
 .text.prvAddCurrentTaskToDelayedList
                0x0000111c       0x84 .\CortexM3\ARM_GCC_541\Debug\tasks.o
 .text.xTaskCreate
                0x000011a0       0x64 .\CortexM3\ARM_GCC_541\Debug\tasks.o
                0x000011a0                xTaskCreate
 .text.vTaskStartScheduler
                0x00001204       0x58 .\CortexM3\ARM_GCC_541\Debug\tasks.o
                0x00001204                vTaskStartScheduler
 .text.vTaskSuspendAll
                0x0000125c       0x14 .\CortexM3\ARM_GCC_541\Debug\tasks.o
                0x0000125c                vTaskSuspendAll
 .text.xTaskIncrementTick
                0x00001270      0x100 .\CortexM3\ARM_GCC_541\Debug\tasks.o
                0x00001270                xTaskIncrementTick
 .text.xTaskResumeAll
                0x00001370       0xd8 .\CortexM3\ARM_GCC_541\Debug\tasks.o
                0x00001370                xTaskResumeAll
 .text.vTaskSwitchContext
                0x00001448       0xa8 .\CortexM3\ARM_GCC_541\Debug\tasks.o
                0x00001448                vTaskSwitchContext
 .text.vTaskPlaceOnEventList
                0x000014f0       0x20 .\CortexM3\ARM_GCC_541\Debug\tasks.o
                0x000014f0                vTaskPlaceOnEventList
 .text.xTaskRemoveFromEventList
                0x00001510       0x74 .\CortexM3\ARM_GCC_541\Debug\tasks.o
                0x00001510                xTaskRemoveFromEventList
 .text.vTaskInternalSetTimeOutState
                0x00001584       0x14 .\CortexM3\ARM_GCC_541\Debug\tasks.o
                0x00001584                vTaskInternalSetTimeOutState
 .text.xTaskCheckForTimeOut
                0x00001598       0x58 .\CortexM3\ARM_GCC_541\Debug\tasks.o
                0x00001598                xTaskCheckForTimeOut
 .text.vTaskMissedYield
                0x000015f0       0x10 .\CortexM3\ARM_GCC_541\Debug\tasks.o
                0x000015f0                vTaskMissedYield
 .text.xTaskPriorityInherit
                0x00001600       0xbc .\CortexM3\ARM_GCC_541\Debug\tasks.o
                0x00001600                xTaskPriorityInherit
 .text.xTaskPriorityDisinherit
                0x000016bc       0x88 .\CortexM3\ARM_GCC_541\Debug\tasks.o
                0x000016bc                xTaskPriorityDisinherit
 .text.vTaskPriorityDisinheritAfterTimeout
                0x00001744       0x8c .\CortexM3\ARM_GCC_541\Debug\tasks.o
                0x00001744                vTaskPriorityDisinheritAfterTimeout
 .text.pvTaskIncrementMutexHeldCount
                0x000017d0       0x20 .\CortexM3\ARM_GCC_541\Debug\tasks.o
                0x000017d0                pvTaskIncrementMutexHeldCount
 .text.CyClockStartupError
                0x000017f0        0x4 .\CortexM3\ARM_GCC_541\Debug\cyfitter_cfg.o
 .text.cfg_write_bytes32
                0x000017f4       0x34 .\CortexM3\ARM_GCC_541\Debug\cyfitter_cfg.o
 .text.AnalogSetDefault
                0x00001828       0x28 .\CortexM3\ARM_GCC_541\Debug\cyfitter_cfg.o
 .text.CYMEMZERO
                0x00001850        0xc .\CortexM3\ARM_GCC_541\Debug\cyfitter_cfg.o
 .text.ClockSetup
                0x0000185c       0xc0 .\CortexM3\ARM_GCC_541\Debug\cyfitter_cfg.o
 .text.CYCONFIGCPY
                0x0000191c        0x8 .\CortexM3\ARM_GCC_541\Debug\cyfitter_cfg.o
 .text.cyfitter_cfg
                0x00001924      0x124 .\CortexM3\ARM_GCC_541\Debug\cyfitter_cfg.o
                0x00001924                cyfitter_cfg
 .text.IntDefaultHandler
                0x00001a48       0x10 .\CortexM3\ARM_GCC_541\Debug\Cm3Start.o
                0x00001a48                IntDefaultHandler
 .text.Start_c  0x00001a58       0x4c .\CortexM3\ARM_GCC_541\Debug\Cm3Start.o
                0x00001a58                Start_c
 .text.initialize_psoc
                0x00001aa4       0x68 .\CortexM3\ARM_GCC_541\Debug\Cm3Start.o
                0x00001aa4                initialize_psoc
 .text.UART_LOG_Init
                0x00001b0c       0x28 .\CortexM3\ARM_GCC_541\Debug\Design01_Rx.a(UART_LOG.o)
                0x00001b0c                UART_LOG_Init
 .text.UART_LOG_Enable
                0x00001b34       0x38 .\CortexM3\ARM_GCC_541\Debug\Design01_Rx.a(UART_LOG.o)
                0x00001b34                UART_LOG_Enable
 .text.UART_LOG_Start
                0x00001b6c       0x1c .\CortexM3\ARM_GCC_541\Debug\Design01_Rx.a(UART_LOG.o)
                0x00001b6c                UART_LOG_Start
 .text.UART_LOG_IntClock_Start
                0x00001b88       0x1c .\CortexM3\ARM_GCC_541\Debug\Design01_Rx.a(UART_LOG_IntClock.o)
                0x00001b88                UART_LOG_IntClock_Start
 .text.CyHalt   0x00001ba4        0x4 .\CortexM3\ARM_GCC_541\Debug\Design01_Rx.a(CyLib.o)
                0x00001ba4                CyHalt
 .text.CyDelay  0x00001ba8       0x2c .\CortexM3\ARM_GCC_541\Debug\Design01_Rx.a(CyLib.o)
                0x00001ba8                CyDelay
 .text.CyIntSetVector
                0x00001bd4       0x28 .\CortexM3\ARM_GCC_541\Debug\Design01_Rx.a(CyLib.o)
                0x00001bd4                CyIntSetVector
 .text.CyIntSetPriority
                0x00001bfc       0x30 .\CortexM3\ARM_GCC_541\Debug\Design01_Rx.a(CyLib.o)
                0x00001bfc                CyIntSetPriority
 .text.CAN_Rx_Stop
                0x00001c2c       0x5c .\CortexM3\ARM_GCC_541\Debug\Design01_Rx.a(CAN_Rx.o)
                0x00001c2c                CAN_Rx_Stop
 .text.CAN_Rx_GlobalIntEnable
                0x00001c88       0x20 .\CortexM3\ARM_GCC_541\Debug\Design01_Rx.a(CAN_Rx.o)
                0x00001c88                CAN_Rx_GlobalIntEnable
 .text.CAN_Rx_Enable
                0x00001ca8       0x6c .\CortexM3\ARM_GCC_541\Debug\Design01_Rx.a(CAN_Rx.o)
                0x00001ca8                CAN_Rx_Enable
 .text.CAN_Rx_GlobalIntDisable
                0x00001d14       0x20 .\CortexM3\ARM_GCC_541\Debug\Design01_Rx.a(CAN_Rx.o)
                0x00001d14                CAN_Rx_GlobalIntDisable
 .text.CAN_Rx_SetPreScaler
                0x00001d34       0x24 .\CortexM3\ARM_GCC_541\Debug\Design01_Rx.a(CAN_Rx.o)
                0x00001d34                CAN_Rx_SetPreScaler
 .text.CAN_Rx_SetArbiter
                0x00001d58       0x3c .\CortexM3\ARM_GCC_541\Debug\Design01_Rx.a(CAN_Rx.o)
                0x00001d58                CAN_Rx_SetArbiter
 .text.CAN_Rx_SetTsegSample
                0x00001d94       0x84 .\CortexM3\ARM_GCC_541\Debug\Design01_Rx.a(CAN_Rx.o)
                0x00001d94                CAN_Rx_SetTsegSample
 .text.CAN_Rx_SetRestartType
                0x00001e18       0x3c .\CortexM3\ARM_GCC_541\Debug\Design01_Rx.a(CAN_Rx.o)
                0x00001e18                CAN_Rx_SetRestartType
 .text.CAN_Rx_SetEdgeMode
                0x00001e54       0x3c .\CortexM3\ARM_GCC_541\Debug\Design01_Rx.a(CAN_Rx.o)
                0x00001e54                CAN_Rx_SetEdgeMode
 .text.CAN_Rx_SetIrqMask
                0x00001e90       0x18 .\CortexM3\ARM_GCC_541\Debug\Design01_Rx.a(CAN_Rx.o)
                0x00001e90                CAN_Rx_SetIrqMask
 .text.CAN_Rx_RxBufConfig
                0x00001ea8       0x90 .\CortexM3\ARM_GCC_541\Debug\Design01_Rx.a(CAN_Rx.o)
                0x00001ea8                CAN_Rx_RxBufConfig
 .text.CAN_Rx_TxBufConfig
                0x00001f38       0x54 .\CortexM3\ARM_GCC_541\Debug\Design01_Rx.a(CAN_Rx.o)
                0x00001f38                CAN_Rx_TxBufConfig
 .text.CAN_Rx_RxTxBuffersConfig
                0x00001f8c       0x50 .\CortexM3\ARM_GCC_541\Debug\Design01_Rx.a(CAN_Rx.o)
                0x00001f8c                CAN_Rx_RxTxBuffersConfig
 .text.CAN_Rx_Init
                0x00001fdc       0xe0 .\CortexM3\ARM_GCC_541\Debug\Design01_Rx.a(CAN_Rx.o)
                0x00001fdc                CAN_Rx_Init
 .text.CAN_Rx_Start
                0x000020bc       0x24 .\CortexM3\ARM_GCC_541\Debug\Design01_Rx.a(CAN_Rx.o)
                0x000020bc                CAN_Rx_Start
 .text.CAN_Rx_BusOffIsr
                0x000020e0       0x18 .\CortexM3\ARM_GCC_541\Debug\Design01_Rx.a(CAN_Rx_INT.o)
                0x000020e0                CAN_Rx_BusOffIsr
 .text.CAN_Rx_MsgTXIsr
                0x000020f8        0xc .\CortexM3\ARM_GCC_541\Debug\Design01_Rx.a(CAN_Rx_INT.o)
                0x000020f8                CAN_Rx_MsgTXIsr
 .text.CAN_Rx_MsgRXIsr
                0x00002104       0x44 .\CortexM3\ARM_GCC_541\Debug\Design01_Rx.a(CAN_Rx_INT.o)
                0x00002104                CAN_Rx_MsgRXIsr
 .text.CAN_Rx_ISR
                0x00002148       0x64 .\CortexM3\ARM_GCC_541\Debug\Design01_Rx.a(CAN_Rx_INT.o)
                0x00002148                CAN_Rx_ISR
 .text.CAN_Rx_SendMsg0
                0x000021ac       0x20 .\CortexM3\ARM_GCC_541\Debug\Design01_Rx.a(CAN_Rx_TX_RX_func.o)
                0x000021ac                CAN_Rx_SendMsg0
 .text.CAN_Rx_ReceiveMsg
                0x000021cc       0x4c .\CortexM3\ARM_GCC_541\Debug\Design01_Rx.a(CAN_Rx_TX_RX_func.o)
                0x000021cc                CAN_Rx_ReceiveMsg
 .text.RED_LED_Write
                0x00002218       0x18 .\CortexM3\ARM_GCC_541\Debug\Design01_Rx.a(RED_LED.o)
                0x00002218                RED_LED_Write
 .text.SPIM_Enable
                0x00002230       0x34 .\CortexM3\ARM_GCC_541\Debug\Design01_Rx.a(SPIM.o)
                0x00002230                SPIM_Enable
 .text.SPIM_ReadTxStatus
                0x00002264        0xc .\CortexM3\ARM_GCC_541\Debug\Design01_Rx.a(SPIM.o)
                0x00002264                SPIM_ReadTxStatus
 .text.SPIM_ReadRxStatus
                0x00002270        0xc .\CortexM3\ARM_GCC_541\Debug\Design01_Rx.a(SPIM.o)
                0x00002270                SPIM_ReadRxStatus
 .text.SPIM_WriteTxData
                0x0000227c       0x18 .\CortexM3\ARM_GCC_541\Debug\Design01_Rx.a(SPIM.o)
                0x0000227c                SPIM_WriteTxData
 .text.SPIM_PutArray
                0x00002294       0x20 .\CortexM3\ARM_GCC_541\Debug\Design01_Rx.a(SPIM.o)
                0x00002294                SPIM_PutArray
 .text.SPIM_ClearFIFO
                0x000022b4       0x3c .\CortexM3\ARM_GCC_541\Debug\Design01_Rx.a(SPIM.o)
                0x000022b4                SPIM_ClearFIFO
 .text.SPIM_Init
                0x000022f0       0x2c .\CortexM3\ARM_GCC_541\Debug\Design01_Rx.a(SPIM.o)
                0x000022f0                SPIM_Init
 .text.SPIM_Start
                0x0000231c       0x1c .\CortexM3\ARM_GCC_541\Debug\Design01_Rx.a(SPIM.o)
                0x0000231c                SPIM_Start
 .text.RST_Write
                0x00002338       0x18 .\CortexM3\ARM_GCC_541\Debug\Design01_Rx.a(RST.o)
                0x00002338                RST_Write
 .text.RS_Write
                0x00002350       0x18 .\CortexM3\ARM_GCC_541\Debug\Design01_Rx.a(RS.o)
                0x00002350                RS_Write
 .text.GREEN_LED_Write
                0x00002368       0x18 .\CortexM3\ARM_GCC_541\Debug\Design01_Rx.a(GREEN_LED.o)
                0x00002368                GREEN_LED_Write
 .text.YELLOW_LED_Write
                0x00002380       0x18 .\CortexM3\ARM_GCC_541\Debug\Design01_Rx.a(YELLOW_LED.o)
                0x00002380                YELLOW_LED_Write
 .text          0x00002398       0x20 .\CortexM3\ARM_GCC_541\Debug\Design01_Rx.a(CyBootAsmGnu.o)
                0x00002398                CyDelayCycles
                0x000023a8                CyEnterCriticalSection
                0x000023b0                CyExitCriticalSection
 .text.__errno  0x000023b8        0xc c:/program files (x86)/cypress/psoc creator/4.2/psoc creator/import/gnu/arm/5.4.1/bin/../lib/gcc/arm-none-eabi/5.4.1/../../../../arm-none-eabi/lib/armv7-m\libg_nano.a(lib_a-errno.o)
                0x000023b8                __errno
 .text.__libc_init_array
                0x000023c4       0x4c c:/program files (x86)/cypress/psoc creator/4.2/psoc creator/import/gnu/arm/5.4.1/bin/../lib/gcc/arm-none-eabi/5.4.1/../../../../arm-none-eabi/lib/armv7-m\libg_nano.a(lib_a-init.o)
                0x000023c4                __libc_init_array
 .text.memcpy   0x00002410       0x16 c:/program files (x86)/cypress/psoc creator/4.2/psoc creator/import/gnu/arm/5.4.1/bin/../lib/gcc/arm-none-eabi/5.4.1/../../../../arm-none-eabi/lib/armv7-m\libg_nano.a(lib_a-memcpy-stub.o)
                0x00002410                memcpy
 .text.memset   0x00002426       0x10 c:/program files (x86)/cypress/psoc creator/4.2/psoc creator/import/gnu/arm/5.4.1/bin/../lib/gcc/arm-none-eabi/5.4.1/../../../../arm-none-eabi/lib/armv7-m\libg_nano.a(lib_a-memset.o)
                0x00002426                memset
 *(.plt)
 *(.gnu.warning)
 *(.glue_7t)
 .glue_7t       0x00002436        0x0 linker stubs
 *(.glue_7)
 .glue_7        0x00002436        0x0 linker stubs
 *(.vfp11_veneer)
 .vfp11_veneer  0x00002436        0x0 linker stubs
 *(.bootloader)
 *(.ARM.extab* .gnu.linkonce.armextab.*)
 *(.gcc_except_table)

.v4_bx          0x00002438        0x0
 .v4_bx         0x00002438        0x0 linker stubs

.iplt           0x00002438        0x0
 .iplt          0x00002438        0x0 c:/program files (x86)/cypress/psoc creator/4.2/psoc creator/import/gnu/arm/5.4.1/bin/../lib/gcc/arm-none-eabi/5.4.1/armv7-m/crtbegin.o

.eh_frame_hdr
 *(.eh_frame_hdr)

.eh_frame       0x00002438        0x4
 *(.eh_frame)
 .eh_frame      0x00002438        0x0 c:/program files (x86)/cypress/psoc creator/4.2/psoc creator/import/gnu/arm/5.4.1/bin/../lib/gcc/arm-none-eabi/5.4.1/armv7-m/crtbegin.o
 .eh_frame      0x00002438        0x4 c:/program files (x86)/cypress/psoc creator/4.2/psoc creator/import/gnu/arm/5.4.1/bin/../lib/gcc/arm-none-eabi/5.4.1/armv7-m/crtend.o
                [!provide]                PROVIDE (__exidx_start, .)

.ARM.exidx
 *(.ARM.exidx* .gnu.linkonce.armexidx.*)
                0x0000243c                __exidx_end = .

.rodata         0x0000243c      0x214
 *(.rodata .rodata.* .gnu.linkonce.r.*)
 .rodata.str1.4
                0x0000243c       0x2e .\CortexM3\ARM_GCC_541\Debug\main.o
 *fill*         0x0000246a        0x2 
 .rodata.str1.4
                0x0000246c        0x8 .\CortexM3\ARM_GCC_541\Debug\tasks.o
                                  0x5 (size before relaxing)
 .rodata        0x00002474       0x44 .\CortexM3\ARM_GCC_541\Debug\cyfitter_cfg.o
 .rodata        0x000024b8      0x160 .\CortexM3\ARM_GCC_541\Debug\Design01_Rx.a(CAN_Rx.o)
 .rodata.str1.1
                0x00002618        0x2 c:/program files (x86)/cypress/psoc creator/4.2/psoc creator/import/gnu/arm/5.4.1/bin/../lib/gcc/arm-none-eabi/5.4.1/../../../../arm-none-eabi/lib/armv7-m\libg_nano.a(lib_a-impure.o)
                0x0000261c                . = ALIGN (0x4)
 *fill*         0x0000261a        0x2 
 *(.init)
 .init          0x0000261c        0x4 c:/program files (x86)/cypress/psoc creator/4.2/psoc creator/import/gnu/arm/5.4.1/bin/../lib/gcc/arm-none-eabi/5.4.1/armv7-m/crti.o
                0x0000261c                _init
 .init          0x00002620        0x8 c:/program files (x86)/cypress/psoc creator/4.2/psoc creator/import/gnu/arm/5.4.1/bin/../lib/gcc/arm-none-eabi/5.4.1/armv7-m/crtn.o
                0x00002628                . = ALIGN (0x4)
                0x00002628                __preinit_array_start = .
 *(.preinit_array)
                0x00002628                __preinit_array_end = .
                0x00002628                . = ALIGN (0x4)
                0x00002628                __init_array_start = .
 *(SORT(.init_array.*))
 *(.init_array)
 .init_array    0x00002628        0x4 c:/program files (x86)/cypress/psoc creator/4.2/psoc creator/import/gnu/arm/5.4.1/bin/../lib/gcc/arm-none-eabi/5.4.1/armv7-m/crtbegin.o
 .init_array    0x0000262c        0x4 .\CortexM3\ARM_GCC_541\Debug\Cm3Start.o
                0x00002630                __init_array_end = .
                0x00002630                . = ALIGN (0x4)
 *(.fini)
 .fini          0x00002630        0x4 c:/program files (x86)/cypress/psoc creator/4.2/psoc creator/import/gnu/arm/5.4.1/bin/../lib/gcc/arm-none-eabi/5.4.1/armv7-m/crti.o
                0x00002630                _fini
 .fini          0x00002634        0x8 c:/program files (x86)/cypress/psoc creator/4.2/psoc creator/import/gnu/arm/5.4.1/bin/../lib/gcc/arm-none-eabi/5.4.1/armv7-m/crtn.o
                0x0000263c                . = ALIGN (0x4)
                0x0000263c                __fini_array_start = .
 *(.fini_array)
 .fini_array    0x0000263c        0x4 c:/program files (x86)/cypress/psoc creator/4.2/psoc creator/import/gnu/arm/5.4.1/bin/../lib/gcc/arm-none-eabi/5.4.1/armv7-m/crtbegin.o
 *(SORT(.fini_array.*))
                0x00002640                __fini_array_end = .
                0x00002640                . = ALIGN (0x4)
 *crtbegin.o(.ctors)
 *(EXCLUDE_FILE(*crtend.o) .ctors)
 *(SORT(.ctors.*))
 *crtend.o(.ctors)
                0x00002640                . = ALIGN (0x4)
 *crtbegin.o(.dtors)
 *(EXCLUDE_FILE(*crtend.o) .dtors)
 *(SORT(.dtors.*))
 *crtend.o(.dtors)
                0x00002640                . = ALIGN (0x4)
                0x00002640                __cy_regions = .
                0x00002640        0x4 LONG 0x2650 __cy_region_init_ram
                0x00002644        0x4 LONG 0x1fff80c8 __cy_region_start_data
                0x00002648        0x4 LONG 0x80 __cy_region_init_size_ram
                0x0000264c        0x4 LONG 0x85f0 __cy_region_zero_size_ram
                0x00002650                __cy_regions_end = .
                0x00002650                . = ALIGN (0x8)
                0x00002650                _etext = .

.cy_checksum_exclude
                0x00002650        0x0
 *(.cy_checksum_exclude)

.ramvectors     0x1fff8000       0xc0
                0x1fff8000                __cy_region_start_ram = .
 *(.ramvectors)
 .ramvectors    0x1fff8000       0xc0 .\CortexM3\ARM_GCC_541\Debug\Cm3Start.o
                0x1fff8000                CyRamVectors

.noinit         0x1fff80c0        0x1
 *(.noinit)
 .noinit        0x1fff80c0        0x1 .\CortexM3\ARM_GCC_541\Debug\Design01_Rx.a(CyLib.o)
                0x1fff80c0                CyResetStatus

.data           0x1fff80c8       0x80 load address 0x00002650
                0x1fff80c8                __cy_region_start_data = .
 *(.jcr)
 .jcr           0x1fff80c8        0x0 c:/program files (x86)/cypress/psoc creator/4.2/psoc creator/import/gnu/arm/5.4.1/bin/../lib/gcc/arm-none-eabi/5.4.1/armv7-m/crtbegin.o
 .jcr           0x1fff80c8        0x4 c:/program files (x86)/cypress/psoc creator/4.2/psoc creator/import/gnu/arm/5.4.1/bin/../lib/gcc/arm-none-eabi/5.4.1/armv7-m/crtend.o
 *(.got.plt)
 *(.got)
 *(.shdata)
 *(.data .data.* .gnu.linkonce.d.*)
 .data          0x1fff80cc        0x4 .\CortexM3\ARM_GCC_541\Debug\port.o
 .data          0x1fff80d0       0x10 .\CortexM3\ARM_GCC_541\Debug\Design01_Rx.a(CyLib.o)
                0x1fff80d0                cydelay_32k_ms
                0x1fff80d4                cydelay_freq_khz
                0x1fff80d8                cydelay_freq_mhz
                0x1fff80dc                cydelay_freq_hz
 .data.impure_data
                0x1fff80e0       0x60 c:/program files (x86)/cypress/psoc creator/4.2/psoc creator/import/gnu/arm/5.4.1/bin/../lib/gcc/arm-none-eabi/5.4.1/../../../../arm-none-eabi/lib/armv7-m\libg_nano.a(lib_a-impure.o)
 .data._impure_ptr
                0x1fff8140        0x4 c:/program files (x86)/cypress/psoc creator/4.2/psoc creator/import/gnu/arm/5.4.1/bin/../lib/gcc/arm-none-eabi/5.4.1/../../../../arm-none-eabi/lib/armv7-m\libg_nano.a(lib_a-impure.o)
                0x1fff8140                _impure_ptr
                0x1fff8148                . = ALIGN (0x8)
 *fill*         0x1fff8144        0x4 
 *(.ram)
                0x1fff8148                _edata = .

.igot.plt       0x1fff8148        0x0 load address 0x000026d0
 .igot.plt      0x1fff8148        0x0 c:/program files (x86)/cypress/psoc creator/4.2/psoc creator/import/gnu/arm/5.4.1/bin/../lib/gcc/arm-none-eabi/5.4.1/armv7-m/crtbegin.o

.bss            0x1fff8148     0x85f0 load address 0x000026d0
                0x1fff8148                PROVIDE (__bss_start__, .)
 *(.shbss)
 *(.bss .bss.* .gnu.linkonce.b.*)
 .bss           0x1fff8148       0x1c c:/program files (x86)/cypress/psoc creator/4.2/psoc creator/import/gnu/arm/5.4.1/bin/../lib/gcc/arm-none-eabi/5.4.1/armv7-m/crtbegin.o
 .bss           0x1fff8164       0x21 .\CortexM3\ARM_GCC_541\Debug\main.o
                0x1fff8164                RxGiver
                0x1fff8168                xQueue
                0x1fff816c                CANRxTASKHandler
                0x1fff8170                CANRemoteTxTASKHanler
                0x1fff8174                buffernumber
                0x1fff8176                indx
                0x1fff8178                endpacket
                0x1fff8179                startpacket
                0x1fff817c                DISPTASKHandler
                0x1fff8180                DataPrintTASKHandler
                0x1fff8184                CAN_Data
 *fill*         0x1fff8185        0x3 
 .bss           0x1fff8188        0xc .\CortexM3\ARM_GCC_541\Debug\ugui.o
 .bss           0x1fff8194     0x8008 .\CortexM3\ARM_GCC_541\Debug\heap_1.o
 .bss           0x2000019c      0x104 .\CortexM3\ARM_GCC_541\Debug\tasks.o
                0x20000274                pxCurrentTCB
 .bss           0x200002a0        0x2 .\CortexM3\ARM_GCC_541\Debug\Design01_Rx.a(UART_LOG.o)
                0x200002a0                UART_LOG_initVar
 .bss           0x200002a2        0x1 .\CortexM3\ARM_GCC_541\Debug\Design01_Rx.a(CAN_Rx.o)
                0x200002a2                CAN_Rx_initVar
 *fill*         0x200002a3        0x1 
 .bss           0x200002a4        0x4 .\CortexM3\ARM_GCC_541\Debug\Design01_Rx.a(CAN_Rx_INT.o)
 .bss           0x200002a8        0x1 .\CortexM3\ARM_GCC_541\Debug\Design01_Rx.a(SPIM.o)
                0x200002a8                SPIM_initVar
 *(COMMON)
 *fill*         0x200002a9        0x3 
 COMMON         0x200002ac      0x486 .\CortexM3\ARM_GCC_541\Debug\main.o
                0x200002ac                LEDNumber
                0x200002b0                Msg_Ptr
                0x200002bc                Lidar_data1
                0x200004bc                xMutex
                0x200004c0                Data
                0x200004c8                gui7735
                0x2000052c                Receivedata2
                0x20000530                Lidar_data2
                0x20000730                Receivedata1
                0x20000738                . = ALIGN (0x8)
 *fill*         0x20000732        0x6 
 *(.ram.b)
                0x20000738                _end = .
                0x20000738                __end = .
                0x20000738                PROVIDE (end, .)
                0x20000738                PROVIDE (__bss_end__, .)
                0x00002650                __cy_region_init_ram = LOADADDR (.data)
                0x00000080                __cy_region_init_size_ram = (_edata - ADDR (.data))
                0x000085f0                __cy_region_zero_size_ram = (_end - _edata)

.heap           0x20000738       0x80 load address 0x000026d0
                0x20000738                . = _end
                0x200007b8                . = (. + 0x80)
 *fill*         0x20000738       0x80 
                0x200007b8                __cy_heap_limit = .

.stack          0x20007800      0x800
                0x20007800                __cy_stack_limit = .
                0x20008000                . = (. + 0x800)
 *fill*         0x20007800      0x800 
                0x00000001                ASSERT ((__cy_stack_limit >= __cy_heap_limit), region RAM overflowed with stack)
                0x00000000                cy_checksum_exclude_size = (CY_APPL_LOADABLE == 0x1)?SIZEOF (.cy_checksum_exclude):0x0
                0x00000001                ASSERT ((cy_checksum_exclude_size <= CY_CHECKSUM_EXCLUDE_SIZE), CY_BOOT: Section .cy_checksum_exclude size exceedes specified limit.)

.cyloadermeta
 *(.cyloadermeta)

.cyloadablemeta
 *(.cyloadablemeta)

.cyconfigecc    0x80000000      0x614
 *(.cyconfigecc)
 .cyconfigecc   0x80000000      0x614 .\CortexM3\ARM_GCC_541\Debug\cymetadata.o
                0x80000000                cy_meta_configecc

.cycustnvl      0x90000000        0x4
 *(.cycustnvl)
 .cycustnvl     0x90000000        0x4 .\CortexM3\ARM_GCC_541\Debug\cymetadata.o
                0x90000000                cy_meta_custnvl

.cywolatch      0x90100000        0x4
 *(.cywolatch)
 .cywolatch     0x90100000        0x4 .\CortexM3\ARM_GCC_541\Debug\cymetadata.o
                0x90100000                cy_meta_wonvl

.cyeeprom       0x90200000        0x0
 *(.cyeeprom)
                0x00000001                ASSERT ((. <= ((0x90200000 + ee_offset) + ee_size)), .cyeeprom data will not fit in EEPROM)

.cyflashprotect
                0x90400000      0x100
 *(.cyflashprotect)
 .cyflashprotect
                0x90400000      0x100 .\CortexM3\ARM_GCC_541\Debug\cymetadata.o
                0x90400000                cy_meta_flashprotect

.cymeta         0x90500000        0xc
 *(.cymeta)
 .cymeta        0x90500000        0xc .\CortexM3\ARM_GCC_541\Debug\cymetadata.o
                0x90500000                cy_metadata

.rel.dyn        0x000026d0        0x0 load address 0x9050000c
 .rel.iplt      0x000026d0        0x0 c:/program files (x86)/cypress/psoc creator/4.2/psoc creator/import/gnu/arm/5.4.1/bin/../lib/gcc/arm-none-eabi/5.4.1/armv7-m/crtbegin.o

.stab
 *(.stab)

.stabstr
 *(.stabstr)

.debug
 *(.debug)

.line
 *(.line)

.debug_srcinfo
 *(.debug_srcinfo)

.debug_sfnames
 *(.debug_sfnames)

.debug_aranges  0x00000000     0x17d8
 *(.debug_aranges)
 .debug_aranges
                0x00000000       0x48 .\CortexM3\ARM_GCC_541\Debug\seven.o
 .debug_aranges
                0x00000048       0x70 .\CortexM3\ARM_GCC_541\Debug\main.o
 .debug_aranges
                0x000000b8       0x50 .\CortexM3\ARM_GCC_541\Debug\ugui_st7735.o
 .debug_aranges
                0x00000108      0x560 .\CortexM3\ARM_GCC_541\Debug\ugui.o
 .debug_aranges
                0x00000668       0x18 .\CortexM3\ARM_GCC_541\Debug\croutine.o
 .debug_aranges
                0x00000680       0x68 .\CortexM3\ARM_GCC_541\Debug\event_groups.o
 .debug_aranges
                0x000006e8       0x38 .\CortexM3\ARM_GCC_541\Debug\heap_1.o
 .debug_aranges
                0x00000720       0x40 .\CortexM3\ARM_GCC_541\Debug\list.o
 .debug_aranges
                0x00000760      0x218 .\CortexM3\ARM_GCC_541\Debug\mpu_wrappers.o
 .debug_aranges
                0x00000978       0x70 .\CortexM3\ARM_GCC_541\Debug\port.o
 .debug_aranges
                0x000009e8      0x110 .\CortexM3\ARM_GCC_541\Debug\queue.o
 .debug_aranges
                0x00000af8       0xc0 .\CortexM3\ARM_GCC_541\Debug\stream_buffer.o
 .debug_aranges
                0x00000bb8      0x1c8 .\CortexM3\ARM_GCC_541\Debug\tasks.o
 .debug_aranges
                0x00000d80       0x18 .\CortexM3\ARM_GCC_541\Debug\timers.o
 .debug_aranges
                0x00000d98       0x58 .\CortexM3\ARM_GCC_541\Debug\cyfitter_cfg.o
 .debug_aranges
                0x00000df0       0x18 .\CortexM3\ARM_GCC_541\Debug\cymetadata.o
 .debug_aranges
                0x00000e08       0x48 .\CortexM3\ARM_GCC_541\Debug\Cm3Start.o
 .debug_aranges
                0x00000e50       0xf0 .\CortexM3\ARM_GCC_541\Debug\Design01_Rx.a(UART_LOG.o)
 .debug_aranges
                0x00000f40       0x70 .\CortexM3\ARM_GCC_541\Debug\Design01_Rx.a(UART_LOG_IntClock.o)
 .debug_aranges
                0x00000fb0      0x2a0 .\CortexM3\ARM_GCC_541\Debug\Design01_Rx.a(CyLib.o)
 .debug_aranges
                0x00001250       0x98 .\CortexM3\ARM_GCC_541\Debug\Design01_Rx.a(cyPm.o)
 .debug_aranges
                0x000012e8       0xc8 .\CortexM3\ARM_GCC_541\Debug\Design01_Rx.a(CAN_Rx.o)
 .debug_aranges
                0x000013b0       0x38 .\CortexM3\ARM_GCC_541\Debug\Design01_Rx.a(CAN_Rx_INT.o)
 .debug_aranges
                0x000013e8       0x40 .\CortexM3\ARM_GCC_541\Debug\Design01_Rx.a(CAN_Rx_TX_RX_func.o)
 .debug_aranges
                0x00001428       0x38 .\CortexM3\ARM_GCC_541\Debug\Design01_Rx.a(SEVEN_DP.o)
 .debug_aranges
                0x00001460       0x38 .\CortexM3\ARM_GCC_541\Debug\Design01_Rx.a(SEVEN_SELECT.o)
 .debug_aranges
                0x00001498       0x28 .\CortexM3\ARM_GCC_541\Debug\Design01_Rx.a(SEVEN_reg.o)
 .debug_aranges
                0x000014c0       0x38 .\CortexM3\ARM_GCC_541\Debug\Design01_Rx.a(RED_LED.o)
 .debug_aranges
                0x000014f8       0xd8 .\CortexM3\ARM_GCC_541\Debug\Design01_Rx.a(SPIM.o)
 .debug_aranges
                0x000015d0       0x38 .\CortexM3\ARM_GCC_541\Debug\Design01_Rx.a(RST.o)
 .debug_aranges
                0x00001608       0x38 .\CortexM3\ARM_GCC_541\Debug\Design01_Rx.a(RS.o)
 .debug_aranges
                0x00001640       0x38 .\CortexM3\ARM_GCC_541\Debug\Design01_Rx.a(GREEN_LED.o)
 .debug_aranges
                0x00001678       0x38 .\CortexM3\ARM_GCC_541\Debug\Design01_Rx.a(YELLOW_LED.o)
 .debug_aranges
                0x000016b0       0x20 .\CortexM3\ARM_GCC_541\Debug\Design01_Rx.a(CyBootAsmGnu.o)
 .debug_aranges
                0x000016d0       0x88 .\CortexM3\ARM_GCC_541\Debug\Design01_Rx.a(CyFlash.o)
 .debug_aranges
                0x00001758       0x80 .\CortexM3\ARM_GCC_541\Debug\Design01_Rx.a(CySpc.o)

.debug_pubnames
 *(.debug_pubnames)

.debug_info     0x00000000    0x15d33
 *(.debug_info .gnu.linkonce.wi.*)
 .debug_info    0x00000000      0x436 .\CortexM3\ARM_GCC_541\Debug\seven.o
 .debug_info    0x00000436     0x10ac .\CortexM3\ARM_GCC_541\Debug\main.o
 .debug_info    0x000014e2      0xba9 .\CortexM3\ARM_GCC_541\Debug\ugui_st7735.o
 .debug_info    0x0000208b     0x5b89 .\CortexM3\ARM_GCC_541\Debug\ugui.o
 .debug_info    0x00007c14       0xae .\CortexM3\ARM_GCC_541\Debug\croutine.o
 .debug_info    0x00007cc2      0x926 .\CortexM3\ARM_GCC_541\Debug\event_groups.o
 .debug_info    0x000085e8      0x20c .\CortexM3\ARM_GCC_541\Debug\heap_1.o
 .debug_info    0x000087f4      0x2e5 .\CortexM3\ARM_GCC_541\Debug\list.o
 .debug_info    0x00008ad9     0x2691 .\CortexM3\ARM_GCC_541\Debug\mpu_wrappers.o
 .debug_info    0x0000b16a      0x363 .\CortexM3\ARM_GCC_541\Debug\port.o
 .debug_info    0x0000b4cd     0x1976 .\CortexM3\ARM_GCC_541\Debug\queue.o
 .debug_info    0x0000ce43     0x1274 .\CortexM3\ARM_GCC_541\Debug\stream_buffer.o
 .debug_info    0x0000e0b7     0x20fb .\CortexM3\ARM_GCC_541\Debug\tasks.o
 .debug_info    0x000101b2       0xae .\CortexM3\ARM_GCC_541\Debug\timers.o
 .debug_info    0x00010260      0x5f2 .\CortexM3\ARM_GCC_541\Debug\cyfitter_cfg.o
 .debug_info    0x00010852      0x137 .\CortexM3\ARM_GCC_541\Debug\cymetadata.o
 .debug_info    0x00010989      0x3bb .\CortexM3\ARM_GCC_541\Debug\Cm3Start.o
 .debug_info    0x00010d44      0x60c .\CortexM3\ARM_GCC_541\Debug\Design01_Rx.a(UART_LOG.o)
 .debug_info    0x00011350      0x283 .\CortexM3\ARM_GCC_541\Debug\Design01_Rx.a(UART_LOG_IntClock.o)
 .debug_info    0x000115d3     0x1374 .\CortexM3\ARM_GCC_541\Debug\Design01_Rx.a(CyLib.o)
 .debug_info    0x00012947      0xa2a .\CortexM3\ARM_GCC_541\Debug\Design01_Rx.a(cyPm.o)
 .debug_info    0x00013371      0x8fb .\CortexM3\ARM_GCC_541\Debug\Design01_Rx.a(CAN_Rx.o)
 .debug_info    0x00013c6c      0x316 .\CortexM3\ARM_GCC_541\Debug\Design01_Rx.a(CAN_Rx_INT.o)
 .debug_info    0x00013f82      0x43a .\CortexM3\ARM_GCC_541\Debug\Design01_Rx.a(CAN_Rx_TX_RX_func.o)
 .debug_info    0x000143bc      0x11f .\CortexM3\ARM_GCC_541\Debug\Design01_Rx.a(SEVEN_DP.o)
 .debug_info    0x000144db      0x11f .\CortexM3\ARM_GCC_541\Debug\Design01_Rx.a(SEVEN_SELECT.o)
 .debug_info    0x000145fa       0xd6 .\CortexM3\ARM_GCC_541\Debug\Design01_Rx.a(SEVEN_reg.o)
 .debug_info    0x000146d0      0x11f .\CortexM3\ARM_GCC_541\Debug\Design01_Rx.a(RED_LED.o)
 .debug_info    0x000147ef      0x493 .\CortexM3\ARM_GCC_541\Debug\Design01_Rx.a(SPIM.o)
 .debug_info    0x00014c82      0x11f .\CortexM3\ARM_GCC_541\Debug\Design01_Rx.a(RST.o)
 .debug_info    0x00014da1      0x11f .\CortexM3\ARM_GCC_541\Debug\Design01_Rx.a(RS.o)
 .debug_info    0x00014ec0      0x11f .\CortexM3\ARM_GCC_541\Debug\Design01_Rx.a(GREEN_LED.o)
 .debug_info    0x00014fdf      0x11f .\CortexM3\ARM_GCC_541\Debug\Design01_Rx.a(YELLOW_LED.o)
 .debug_info    0x000150fe       0x98 .\CortexM3\ARM_GCC_541\Debug\Design01_Rx.a(CyBootAsmGnu.o)
 .debug_info    0x00015196      0x64d .\CortexM3\ARM_GCC_541\Debug\Design01_Rx.a(CyFlash.o)
 .debug_info    0x000157e3      0x550 .\CortexM3\ARM_GCC_541\Debug\Design01_Rx.a(CySpc.o)

.debug_abbrev   0x00000000     0x3301
 *(.debug_abbrev)
 .debug_abbrev  0x00000000      0x155 .\CortexM3\ARM_GCC_541\Debug\seven.o
 .debug_abbrev  0x00000155      0x2ec .\CortexM3\ARM_GCC_541\Debug\main.o
 .debug_abbrev  0x00000441      0x229 .\CortexM3\ARM_GCC_541\Debug\ugui_st7735.o
 .debug_abbrev  0x0000066a      0x29c .\CortexM3\ARM_GCC_541\Debug\ugui.o
 .debug_abbrev  0x00000906       0x4b .\CortexM3\ARM_GCC_541\Debug\croutine.o
 .debug_abbrev  0x00000951      0x226 .\CortexM3\ARM_GCC_541\Debug\event_groups.o
 .debug_abbrev  0x00000b77      0x15e .\CortexM3\ARM_GCC_541\Debug\heap_1.o
 .debug_abbrev  0x00000cd5       0xf6 .\CortexM3\ARM_GCC_541\Debug\list.o
 .debug_abbrev  0x00000dcb      0x22d .\CortexM3\ARM_GCC_541\Debug\mpu_wrappers.o
 .debug_abbrev  0x00000ff8      0x1db .\CortexM3\ARM_GCC_541\Debug\port.o
 .debug_abbrev  0x000011d3      0x2c8 .\CortexM3\ARM_GCC_541\Debug\queue.o
 .debug_abbrev  0x0000149b      0x275 .\CortexM3\ARM_GCC_541\Debug\stream_buffer.o
 .debug_abbrev  0x00001710      0x302 .\CortexM3\ARM_GCC_541\Debug\tasks.o
 .debug_abbrev  0x00001a12       0x4b .\CortexM3\ARM_GCC_541\Debug\timers.o
 .debug_abbrev  0x00001a5d      0x20d .\CortexM3\ARM_GCC_541\Debug\cyfitter_cfg.o
 .debug_abbrev  0x00001c6a       0x77 .\CortexM3\ARM_GCC_541\Debug\cymetadata.o
 .debug_abbrev  0x00001ce1      0x1e8 .\CortexM3\ARM_GCC_541\Debug\Cm3Start.o
 .debug_abbrev  0x00001ec9      0x175 .\CortexM3\ARM_GCC_541\Debug\Design01_Rx.a(UART_LOG.o)
 .debug_abbrev  0x0000203e      0x139 .\CortexM3\ARM_GCC_541\Debug\Design01_Rx.a(UART_LOG_IntClock.o)
 .debug_abbrev  0x00002177      0x254 .\CortexM3\ARM_GCC_541\Debug\Design01_Rx.a(CyLib.o)
 .debug_abbrev  0x000023cb      0x1ab .\CortexM3\ARM_GCC_541\Debug\Design01_Rx.a(cyPm.o)
 .debug_abbrev  0x00002576      0x195 .\CortexM3\ARM_GCC_541\Debug\Design01_Rx.a(CAN_Rx.o)
 .debug_abbrev  0x0000270b      0x141 .\CortexM3\ARM_GCC_541\Debug\Design01_Rx.a(CAN_Rx_INT.o)
 .debug_abbrev  0x0000284c      0x1af .\CortexM3\ARM_GCC_541\Debug\Design01_Rx.a(CAN_Rx_TX_RX_func.o)
 .debug_abbrev  0x000029fb       0x90 .\CortexM3\ARM_GCC_541\Debug\Design01_Rx.a(SEVEN_DP.o)
 .debug_abbrev  0x00002a8b       0x90 .\CortexM3\ARM_GCC_541\Debug\Design01_Rx.a(SEVEN_SELECT.o)
 .debug_abbrev  0x00002b1b       0x81 .\CortexM3\ARM_GCC_541\Debug\Design01_Rx.a(SEVEN_reg.o)
 .debug_abbrev  0x00002b9c       0x90 .\CortexM3\ARM_GCC_541\Debug\Design01_Rx.a(RED_LED.o)
 .debug_abbrev  0x00002c2c      0x146 .\CortexM3\ARM_GCC_541\Debug\Design01_Rx.a(SPIM.o)
 .debug_abbrev  0x00002d72       0x90 .\CortexM3\ARM_GCC_541\Debug\Design01_Rx.a(RST.o)
 .debug_abbrev  0x00002e02       0x90 .\CortexM3\ARM_GCC_541\Debug\Design01_Rx.a(RS.o)
 .debug_abbrev  0x00002e92       0x90 .\CortexM3\ARM_GCC_541\Debug\Design01_Rx.a(GREEN_LED.o)
 .debug_abbrev  0x00002f22       0x90 .\CortexM3\ARM_GCC_541\Debug\Design01_Rx.a(YELLOW_LED.o)
 .debug_abbrev  0x00002fb2       0x14 .\CortexM3\ARM_GCC_541\Debug\Design01_Rx.a(CyBootAsmGnu.o)
 .debug_abbrev  0x00002fc6      0x1a7 .\CortexM3\ARM_GCC_541\Debug\Design01_Rx.a(CyFlash.o)
 .debug_abbrev  0x0000316d      0x194 .\CortexM3\ARM_GCC_541\Debug\Design01_Rx.a(CySpc.o)

.debug_line     0x00000000     0x7605
 *(.debug_line)
 .debug_line    0x00000000      0x220 .\CortexM3\ARM_GCC_541\Debug\seven.o
 .debug_line    0x00000220      0x396 .\CortexM3\ARM_GCC_541\Debug\main.o
 .debug_line    0x000005b6      0x30e .\CortexM3\ARM_GCC_541\Debug\ugui_st7735.o
 .debug_line    0x000008c4     0x194e .\CortexM3\ARM_GCC_541\Debug\ugui.o
 .debug_line    0x00002212      0x13f .\CortexM3\ARM_GCC_541\Debug\croutine.o
 .debug_line    0x00002351      0x330 .\CortexM3\ARM_GCC_541\Debug\event_groups.o
 .debug_line    0x00002681      0x268 .\CortexM3\ARM_GCC_541\Debug\heap_1.o
 .debug_line    0x000028e9      0x214 .\CortexM3\ARM_GCC_541\Debug\list.o
 .debug_line    0x00002afd      0x75c .\CortexM3\ARM_GCC_541\Debug\mpu_wrappers.o
 .debug_line    0x00003259      0x2ad .\CortexM3\ARM_GCC_541\Debug\port.o
 .debug_line    0x00003506      0x6e8 .\CortexM3\ARM_GCC_541\Debug\queue.o
 .debug_line    0x00003bee      0x520 .\CortexM3\ARM_GCC_541\Debug\stream_buffer.o
 .debug_line    0x0000410e      0xaeb .\CortexM3\ARM_GCC_541\Debug\tasks.o
 .debug_line    0x00004bf9      0x13f .\CortexM3\ARM_GCC_541\Debug\timers.o
 .debug_line    0x00004d38      0x1f5 .\CortexM3\ARM_GCC_541\Debug\cyfitter_cfg.o
 .debug_line    0x00004f2d      0x141 .\CortexM3\ARM_GCC_541\Debug\cymetadata.o
 .debug_line    0x0000506e      0x234 .\CortexM3\ARM_GCC_541\Debug\Cm3Start.o
 .debug_line    0x000052a2      0x2c4 .\CortexM3\ARM_GCC_541\Debug\Design01_Rx.a(UART_LOG.o)
 .debug_line    0x00005566      0x180 .\CortexM3\ARM_GCC_541\Debug\Design01_Rx.a(UART_LOG_IntClock.o)
 .debug_line    0x000056e6      0x816 .\CortexM3\ARM_GCC_541\Debug\Design01_Rx.a(CyLib.o)
 .debug_line    0x00005efc      0x367 .\CortexM3\ARM_GCC_541\Debug\Design01_Rx.a(cyPm.o)
 .debug_line    0x00006263      0x384 .\CortexM3\ARM_GCC_541\Debug\Design01_Rx.a(CAN_Rx.o)
 .debug_line    0x000065e7      0x225 .\CortexM3\ARM_GCC_541\Debug\Design01_Rx.a(CAN_Rx_INT.o)
 .debug_line    0x0000680c      0x26c .\CortexM3\ARM_GCC_541\Debug\Design01_Rx.a(CAN_Rx_TX_RX_func.o)
 .debug_line    0x00006a78       0x95 .\CortexM3\ARM_GCC_541\Debug\Design01_Rx.a(SEVEN_DP.o)
 .debug_line    0x00006b0d       0x99 .\CortexM3\ARM_GCC_541\Debug\Design01_Rx.a(SEVEN_SELECT.o)
 .debug_line    0x00006ba6       0x71 .\CortexM3\ARM_GCC_541\Debug\Design01_Rx.a(SEVEN_reg.o)
 .debug_line    0x00006c17       0x94 .\CortexM3\ARM_GCC_541\Debug\Design01_Rx.a(RED_LED.o)
 .debug_line    0x00006cab      0x22e .\CortexM3\ARM_GCC_541\Debug\Design01_Rx.a(SPIM.o)
 .debug_line    0x00006ed9       0x90 .\CortexM3\ARM_GCC_541\Debug\Design01_Rx.a(RST.o)
 .debug_line    0x00006f69       0x8f .\CortexM3\ARM_GCC_541\Debug\Design01_Rx.a(RS.o)
 .debug_line    0x00006ff8       0x96 .\CortexM3\ARM_GCC_541\Debug\Design01_Rx.a(GREEN_LED.o)
 .debug_line    0x0000708e       0x97 .\CortexM3\ARM_GCC_541\Debug\Design01_Rx.a(YELLOW_LED.o)
 .debug_line    0x00007125       0x66 .\CortexM3\ARM_GCC_541\Debug\Design01_Rx.a(CyBootAsmGnu.o)
 .debug_line    0x0000718b      0x21a .\CortexM3\ARM_GCC_541\Debug\Design01_Rx.a(CyFlash.o)
 .debug_line    0x000073a5      0x260 .\CortexM3\ARM_GCC_541\Debug\Design01_Rx.a(CySpc.o)

.debug_frame    0x00000000     0x485c
 *(.debug_frame)
 .debug_frame   0x00000000       0xcc .\CortexM3\ARM_GCC_541\Debug\seven.o
 .debug_frame   0x000000cc      0x10c .\CortexM3\ARM_GCC_541\Debug\main.o
 .debug_frame   0x000001d8      0x124 .\CortexM3\ARM_GCC_541\Debug\ugui_st7735.o
 .debug_frame   0x000002fc     0x139c .\CortexM3\ARM_GCC_541\Debug\ugui.o
 .debug_frame   0x00001698      0x13c .\CortexM3\ARM_GCC_541\Debug\event_groups.o
 .debug_frame   0x000017d4       0x60 .\CortexM3\ARM_GCC_541\Debug\heap_1.o
 .debug_frame   0x00001834       0x70 .\CortexM3\ARM_GCC_541\Debug\list.o
 .debug_frame   0x000018a4      0x86c .\CortexM3\ARM_GCC_541\Debug\mpu_wrappers.o
 .debug_frame   0x00002110       0xe0 .\CortexM3\ARM_GCC_541\Debug\port.o
 .debug_frame   0x000021f0      0x3a0 .\CortexM3\ARM_GCC_541\Debug\queue.o
 .debug_frame   0x00002590      0x2f0 .\CortexM3\ARM_GCC_541\Debug\stream_buffer.o
 .debug_frame   0x00002880      0x670 .\CortexM3\ARM_GCC_541\Debug\tasks.o
 .debug_frame   0x00002ef0       0xe4 .\CortexM3\ARM_GCC_541\Debug\cyfitter_cfg.o
 .debug_frame   0x00002fd4       0xb8 .\CortexM3\ARM_GCC_541\Debug\Cm3Start.o
 .debug_frame   0x0000308c      0x250 .\CortexM3\ARM_GCC_541\Debug\Design01_Rx.a(UART_LOG.o)
 .debug_frame   0x000032dc       0xe0 .\CortexM3\ARM_GCC_541\Debug\Design01_Rx.a(UART_LOG_IntClock.o)
 .debug_frame   0x000033bc      0x738 .\CortexM3\ARM_GCC_541\Debug\Design01_Rx.a(CyLib.o)
 .debug_frame   0x00003af4      0x1f8 .\CortexM3\ARM_GCC_541\Debug\Design01_Rx.a(cyPm.o)
 .debug_frame   0x00003cec      0x1cc .\CortexM3\ARM_GCC_541\Debug\Design01_Rx.a(CAN_Rx.o)
 .debug_frame   0x00003eb8       0x78 .\CortexM3\ARM_GCC_541\Debug\Design01_Rx.a(CAN_Rx_INT.o)
 .debug_frame   0x00003f30       0x98 .\CortexM3\ARM_GCC_541\Debug\Design01_Rx.a(CAN_Rx_TX_RX_func.o)
 .debug_frame   0x00003fc8       0x50 .\CortexM3\ARM_GCC_541\Debug\Design01_Rx.a(SEVEN_DP.o)
 .debug_frame   0x00004018       0x50 .\CortexM3\ARM_GCC_541\Debug\Design01_Rx.a(SEVEN_SELECT.o)
 .debug_frame   0x00004068       0x30 .\CortexM3\ARM_GCC_541\Debug\Design01_Rx.a(SEVEN_reg.o)
 .debug_frame   0x00004098       0x50 .\CortexM3\ARM_GCC_541\Debug\Design01_Rx.a(RED_LED.o)
 .debug_frame   0x000040e8      0x1e8 .\CortexM3\ARM_GCC_541\Debug\Design01_Rx.a(SPIM.o)
 .debug_frame   0x000042d0       0x50 .\CortexM3\ARM_GCC_541\Debug\Design01_Rx.a(RST.o)
 .debug_frame   0x00004320       0x50 .\CortexM3\ARM_GCC_541\Debug\Design01_Rx.a(RS.o)
 .debug_frame   0x00004370       0x50 .\CortexM3\ARM_GCC_541\Debug\Design01_Rx.a(GREEN_LED.o)
 .debug_frame   0x000043c0       0x50 .\CortexM3\ARM_GCC_541\Debug\Design01_Rx.a(YELLOW_LED.o)
 .debug_frame   0x00004410      0x194 .\CortexM3\ARM_GCC_541\Debug\Design01_Rx.a(CyFlash.o)
 .debug_frame   0x000045a4      0x180 .\CortexM3\ARM_GCC_541\Debug\Design01_Rx.a(CySpc.o)
 .debug_frame   0x00004724       0x20 c:/program files (x86)/cypress/psoc creator/4.2/psoc creator/import/gnu/arm/5.4.1/bin/../lib/gcc/arm-none-eabi/5.4.1/../../../../arm-none-eabi/lib/armv7-m\libg_nano.a(lib_a-errno.o)
 .debug_frame   0x00004744       0x28 c:/program files (x86)/cypress/psoc creator/4.2/psoc creator/import/gnu/arm/5.4.1/bin/../lib/gcc/arm-none-eabi/5.4.1/../../../../arm-none-eabi/lib/armv7-m\libg_nano.a(lib_a-exit.o)
 .debug_frame   0x0000476c       0x2c c:/program files (x86)/cypress/psoc creator/4.2/psoc creator/import/gnu/arm/5.4.1/bin/../lib/gcc/arm-none-eabi/5.4.1/../../../../arm-none-eabi/lib/armv7-m\libg_nano.a(lib_a-init.o)
 .debug_frame   0x00004798       0x38 c:/program files (x86)/cypress/psoc creator/4.2/psoc creator/import/gnu/arm/5.4.1/bin/../lib/gcc/arm-none-eabi/5.4.1/../../../../arm-none-eabi/lib/armv7-m\libg_nano.a(lib_a-itoa.o)
 .debug_frame   0x000047d0       0x28 c:/program files (x86)/cypress/psoc creator/4.2/psoc creator/import/gnu/arm/5.4.1/bin/../lib/gcc/arm-none-eabi/5.4.1/../../../../arm-none-eabi/lib/armv7-m\libg_nano.a(lib_a-memcpy-stub.o)
 .debug_frame   0x000047f8       0x20 c:/program files (x86)/cypress/psoc creator/4.2/psoc creator/import/gnu/arm/5.4.1/bin/../lib/gcc/arm-none-eabi/5.4.1/../../../../arm-none-eabi/lib/armv7-m\libg_nano.a(lib_a-memset.o)
 .debug_frame   0x00004818       0x44 c:/program files (x86)/cypress/psoc creator/4.2/psoc creator/import/gnu/arm/5.4.1/bin/../lib/gcc/arm-none-eabi/5.4.1/../../../../arm-none-eabi/lib/armv7-m\libg_nano.a(lib_a-utoa.o)

.debug_str      0x00000000     0x548a
 *(.debug_str)
 .debug_str     0x00000000      0x407 .\CortexM3\ARM_GCC_541\Debug\seven.o
                                0x465 (size before relaxing)
 .debug_str     0x00000407      0x5de .\CortexM3\ARM_GCC_541\Debug\main.o
                                0x86f (size before relaxing)
 .debug_str     0x000009e5      0x119 .\CortexM3\ARM_GCC_541\Debug\ugui_st7735.o
                                0x540 (size before relaxing)
 .debug_str     0x00000afe      0xe0a .\CortexM3\ARM_GCC_541\Debug\ugui.o
                               0x12b7 (size before relaxing)
 .debug_str     0x00001908       0x23 .\CortexM3\ARM_GCC_541\Debug\croutine.o
                                0x1c5 (size before relaxing)
 .debug_str     0x0000192b      0x385 .\CortexM3\ARM_GCC_541\Debug\event_groups.o
                                0x646 (size before relaxing)
 .debug_str     0x00001cb0       0x61 .\CortexM3\ARM_GCC_541\Debug\heap_1.o
                                0x2a7 (size before relaxing)
 .debug_str     0x00001d11       0x9c .\CortexM3\ARM_GCC_541\Debug\list.o
                                0x314 (size before relaxing)
 .debug_str     0x00001dad      0xa61 .\CortexM3\ARM_GCC_541\Debug\mpu_wrappers.o
                               0x1254 (size before relaxing)
 .debug_str     0x0000280e       0xef .\CortexM3\ARM_GCC_541\Debug\port.o
                                0x389 (size before relaxing)
 .debug_str     0x000028fd      0x4c1 .\CortexM3\ARM_GCC_541\Debug\queue.o
                                0xaa2 (size before relaxing)
 .debug_str     0x00002dbe      0x28d .\CortexM3\ARM_GCC_541\Debug\stream_buffer.o
                                0x87a (size before relaxing)
 .debug_str     0x0000304b      0x58b .\CortexM3\ARM_GCC_541\Debug\tasks.o
                               0x100d (size before relaxing)
 .debug_str     0x000035d6       0x21 .\CortexM3\ARM_GCC_541\Debug\timers.o
                                0x1c3 (size before relaxing)
 .debug_str     0x000035f7      0x194 .\CortexM3\ARM_GCC_541\Debug\cyfitter_cfg.o
                                0x34c (size before relaxing)
 .debug_str     0x0000378b       0x75 .\CortexM3\ARM_GCC_541\Debug\cymetadata.o
                                0x1ec (size before relaxing)
 .debug_str     0x00003800      0x12a .\CortexM3\ARM_GCC_541\Debug\Cm3Start.o
                                0x312 (size before relaxing)
 .debug_str     0x0000392a      0x341 .\CortexM3\ARM_GCC_541\Debug\Design01_Rx.a(UART_LOG.o)
                                0x4f9 (size before relaxing)
 .debug_str     0x00003c6b      0x1ab .\CortexM3\ARM_GCC_541\Debug\Design01_Rx.a(UART_LOG_IntClock.o)
                                0x36e (size before relaxing)
 .debug_str     0x00003e16      0x812 .\CortexM3\ARM_GCC_541\Debug\Design01_Rx.a(CyLib.o)
                                0xa4f (size before relaxing)
 .debug_str     0x00004628      0x365 .\CortexM3\ARM_GCC_541\Debug\Design01_Rx.a(cyPm.o)
                                0x73b (size before relaxing)
 .debug_str     0x0000498d      0x31e .\CortexM3\ARM_GCC_541\Debug\Design01_Rx.a(CAN_Rx.o)
                                0x549 (size before relaxing)
 .debug_str     0x00004cab       0x86 .\CortexM3\ARM_GCC_541\Debug\Design01_Rx.a(CAN_Rx_INT.o)
                                0x348 (size before relaxing)
 .debug_str     0x00004d31       0x8c .\CortexM3\ARM_GCC_541\Debug\Design01_Rx.a(CAN_Rx_TX_RX_func.o)
                                0x361 (size before relaxing)
 .debug_str     0x00004dbd       0x66 .\CortexM3\ARM_GCC_541\Debug\Design01_Rx.a(SEVEN_DP.o)
                                0x1f9 (size before relaxing)
 .debug_str     0x00004e23       0x6b .\CortexM3\ARM_GCC_541\Debug\Design01_Rx.a(SEVEN_SELECT.o)
                                0x20d (size before relaxing)
 .debug_str     0x00004e8e       0x32 .\CortexM3\ARM_GCC_541\Debug\Design01_Rx.a(SEVEN_reg.o)
                                0x1c3 (size before relaxing)
 .debug_str     0x00004ec0       0x57 .\CortexM3\ARM_GCC_541\Debug\Design01_Rx.a(RED_LED.o)
                                0x1f4 (size before relaxing)
 .debug_str     0x00004f17      0x1c7 .\CortexM3\ARM_GCC_541\Debug\Design01_Rx.a(SPIM.o)
                                0x3ed (size before relaxing)
 .debug_str     0x000050de       0x47 .\CortexM3\ARM_GCC_541\Debug\Design01_Rx.a(RST.o)
                                0x1e0 (size before relaxing)
 .debug_str     0x00005125       0x43 .\CortexM3\ARM_GCC_541\Debug\Design01_Rx.a(RS.o)
                                0x1db (size before relaxing)
 .debug_str     0x00005168       0x5f .\CortexM3\ARM_GCC_541\Debug\Design01_Rx.a(GREEN_LED.o)
                                0x1fe (size before relaxing)
 .debug_str     0x000051c7       0x63 .\CortexM3\ARM_GCC_541\Debug\Design01_Rx.a(YELLOW_LED.o)
                                0x203 (size before relaxing)
 .debug_str     0x0000522a      0x1b4 .\CortexM3\ARM_GCC_541\Debug\Design01_Rx.a(CyFlash.o)
                                0x3c8 (size before relaxing)
 .debug_str     0x000053de       0xac .\CortexM3\ARM_GCC_541\Debug\Design01_Rx.a(CySpc.o)
                                0x340 (size before relaxing)

.debug_loc      0x00000000    0x1020a
 *(.debug_loc)
 .debug_loc     0x00000000      0x18a .\CortexM3\ARM_GCC_541\Debug\seven.o
 .debug_loc     0x0000018a      0x11b .\CortexM3\ARM_GCC_541\Debug\main.o
 .debug_loc     0x000002a5      0x496 .\CortexM3\ARM_GCC_541\Debug\ugui_st7735.o
 .debug_loc     0x0000073b     0x6f34 .\CortexM3\ARM_GCC_541\Debug\ugui.o
 .debug_loc     0x0000766f      0x6e0 .\CortexM3\ARM_GCC_541\Debug\event_groups.o
 .debug_loc     0x00007d4f       0x5f .\CortexM3\ARM_GCC_541\Debug\heap_1.o
 .debug_loc     0x00007dae       0x65 .\CortexM3\ARM_GCC_541\Debug\list.o
 .debug_loc     0x00007e13     0x1b04 .\CortexM3\ARM_GCC_541\Debug\mpu_wrappers.o
 .debug_loc     0x00009917       0xa8 .\CortexM3\ARM_GCC_541\Debug\port.o
 .debug_loc     0x000099bf     0x13e3 .\CortexM3\ARM_GCC_541\Debug\queue.o
 .debug_loc     0x0000ada2     0x10b5 .\CortexM3\ARM_GCC_541\Debug\stream_buffer.o
 .debug_loc     0x0000be57     0x1720 .\CortexM3\ARM_GCC_541\Debug\tasks.o
 .debug_loc     0x0000d577      0x288 .\CortexM3\ARM_GCC_541\Debug\cyfitter_cfg.o
 .debug_loc     0x0000d7ff      0x144 .\CortexM3\ARM_GCC_541\Debug\Cm3Start.o
 .debug_loc     0x0000d943      0x258 .\CortexM3\ARM_GCC_541\Debug\Design01_Rx.a(UART_LOG.o)
 .debug_loc     0x0000db9b      0x128 .\CortexM3\ARM_GCC_541\Debug\Design01_Rx.a(UART_LOG_IntClock.o)
 .debug_loc     0x0000dcc3      0xa11 .\CortexM3\ARM_GCC_541\Debug\Design01_Rx.a(CyLib.o)
 .debug_loc     0x0000e6d4      0x1e4 .\CortexM3\ARM_GCC_541\Debug\Design01_Rx.a(cyPm.o)
 .debug_loc     0x0000e8b8      0x980 .\CortexM3\ARM_GCC_541\Debug\Design01_Rx.a(CAN_Rx.o)
 .debug_loc     0x0000f238       0x54 .\CortexM3\ARM_GCC_541\Debug\Design01_Rx.a(CAN_Rx_INT.o)
 .debug_loc     0x0000f28c      0x1fb .\CortexM3\ARM_GCC_541\Debug\Design01_Rx.a(CAN_Rx_TX_RX_func.o)
 .debug_loc     0x0000f487       0x42 .\CortexM3\ARM_GCC_541\Debug\Design01_Rx.a(SEVEN_DP.o)
 .debug_loc     0x0000f4c9       0x42 .\CortexM3\ARM_GCC_541\Debug\Design01_Rx.a(SEVEN_SELECT.o)
 .debug_loc     0x0000f50b       0x42 .\CortexM3\ARM_GCC_541\Debug\Design01_Rx.a(RED_LED.o)
 .debug_loc     0x0000f54d       0xfe .\CortexM3\ARM_GCC_541\Debug\Design01_Rx.a(SPIM.o)
 .debug_loc     0x0000f64b       0x42 .\CortexM3\ARM_GCC_541\Debug\Design01_Rx.a(RST.o)
 .debug_loc     0x0000f68d       0x42 .\CortexM3\ARM_GCC_541\Debug\Design01_Rx.a(RS.o)
 .debug_loc     0x0000f6cf       0x42 .\CortexM3\ARM_GCC_541\Debug\Design01_Rx.a(GREEN_LED.o)
 .debug_loc     0x0000f711       0x42 .\CortexM3\ARM_GCC_541\Debug\Design01_Rx.a(YELLOW_LED.o)
 .debug_loc     0x0000f753      0x3b2 .\CortexM3\ARM_GCC_541\Debug\Design01_Rx.a(CyFlash.o)
 .debug_loc     0x0000fb05      0x705 .\CortexM3\ARM_GCC_541\Debug\Design01_Rx.a(CySpc.o)

.debug_macinfo
 *(.debug_macinfo)

.debug_ranges   0x00000000     0x1610
 *(.debug_ranges)
 .debug_ranges  0x00000000       0x38 .\CortexM3\ARM_GCC_541\Debug\seven.o
 .debug_ranges  0x00000038       0x60 .\CortexM3\ARM_GCC_541\Debug\main.o
 .debug_ranges  0x00000098       0x40 .\CortexM3\ARM_GCC_541\Debug\ugui_st7735.o
 .debug_ranges  0x000000d8      0x550 .\CortexM3\ARM_GCC_541\Debug\ugui.o
 .debug_ranges  0x00000628       0x70 .\CortexM3\ARM_GCC_541\Debug\event_groups.o
 .debug_ranges  0x00000698       0x28 .\CortexM3\ARM_GCC_541\Debug\heap_1.o
 .debug_ranges  0x000006c0       0x30 .\CortexM3\ARM_GCC_541\Debug\list.o
 .debug_ranges  0x000006f0      0x208 .\CortexM3\ARM_GCC_541\Debug\mpu_wrappers.o
 .debug_ranges  0x000008f8       0x60 .\CortexM3\ARM_GCC_541\Debug\port.o
 .debug_ranges  0x00000958      0x148 .\CortexM3\ARM_GCC_541\Debug\queue.o
 .debug_ranges  0x00000aa0       0xb0 .\CortexM3\ARM_GCC_541\Debug\stream_buffer.o
 .debug_ranges  0x00000b50      0x1f8 .\CortexM3\ARM_GCC_541\Debug\tasks.o
 .debug_ranges  0x00000d48       0x48 .\CortexM3\ARM_GCC_541\Debug\cyfitter_cfg.o
 .debug_ranges  0x00000d90       0x38 .\CortexM3\ARM_GCC_541\Debug\Cm3Start.o
 .debug_ranges  0x00000dc8       0xe0 .\CortexM3\ARM_GCC_541\Debug\Design01_Rx.a(UART_LOG.o)
 .debug_ranges  0x00000ea8       0x60 .\CortexM3\ARM_GCC_541\Debug\Design01_Rx.a(UART_LOG_IntClock.o)
 .debug_ranges  0x00000f08      0x290 .\CortexM3\ARM_GCC_541\Debug\Design01_Rx.a(CyLib.o)
 .debug_ranges  0x00001198       0x88 .\CortexM3\ARM_GCC_541\Debug\Design01_Rx.a(cyPm.o)
 .debug_ranges  0x00001220       0xb8 .\CortexM3\ARM_GCC_541\Debug\Design01_Rx.a(CAN_Rx.o)
 .debug_ranges  0x000012d8       0x28 .\CortexM3\ARM_GCC_541\Debug\Design01_Rx.a(CAN_Rx_INT.o)
 .debug_ranges  0x00001300       0x30 .\CortexM3\ARM_GCC_541\Debug\Design01_Rx.a(CAN_Rx_TX_RX_func.o)
 .debug_ranges  0x00001330       0x28 .\CortexM3\ARM_GCC_541\Debug\Design01_Rx.a(SEVEN_DP.o)
 .debug_ranges  0x00001358       0x28 .\CortexM3\ARM_GCC_541\Debug\Design01_Rx.a(SEVEN_SELECT.o)
 .debug_ranges  0x00001380       0x18 .\CortexM3\ARM_GCC_541\Debug\Design01_Rx.a(SEVEN_reg.o)
 .debug_ranges  0x00001398       0x28 .\CortexM3\ARM_GCC_541\Debug\Design01_Rx.a(RED_LED.o)
 .debug_ranges  0x000013c0       0xc8 .\CortexM3\ARM_GCC_541\Debug\Design01_Rx.a(SPIM.o)
 .debug_ranges  0x00001488       0x28 .\CortexM3\ARM_GCC_541\Debug\Design01_Rx.a(RST.o)
 .debug_ranges  0x000014b0       0x28 .\CortexM3\ARM_GCC_541\Debug\Design01_Rx.a(RS.o)
 .debug_ranges  0x000014d8       0x28 .\CortexM3\ARM_GCC_541\Debug\Design01_Rx.a(GREEN_LED.o)
 .debug_ranges  0x00001500       0x28 .\CortexM3\ARM_GCC_541\Debug\Design01_Rx.a(YELLOW_LED.o)
 .debug_ranges  0x00001528       0x78 .\CortexM3\ARM_GCC_541\Debug\Design01_Rx.a(CyFlash.o)
 .debug_ranges  0x000015a0       0x70 .\CortexM3\ARM_GCC_541\Debug\Design01_Rx.a(CySpc.o)

.comment        0x00000000       0x6e
 .comment       0x00000000       0x6e .\CortexM3\ARM_GCC_541\Debug\seven.o
                                 0x6f (size before relaxing)
 .comment       0x0000006e       0x6f .\CortexM3\ARM_GCC_541\Debug\main.o
 .comment       0x0000006e       0x6f .\CortexM3\ARM_GCC_541\Debug\ugui_st7735.o
 .comment       0x0000006e       0x6f .\CortexM3\ARM_GCC_541\Debug\ugui.o
 .comment       0x0000006e       0x6f .\CortexM3\ARM_GCC_541\Debug\croutine.o
 .comment       0x0000006e       0x6f .\CortexM3\ARM_GCC_541\Debug\event_groups.o
 .comment       0x0000006e       0x6f .\CortexM3\ARM_GCC_541\Debug\heap_1.o
 .comment       0x0000006e       0x6f .\CortexM3\ARM_GCC_541\Debug\list.o
 .comment       0x0000006e       0x6f .\CortexM3\ARM_GCC_541\Debug\mpu_wrappers.o
 .comment       0x0000006e       0x6f .\CortexM3\ARM_GCC_541\Debug\port.o
 .comment       0x0000006e       0x6f .\CortexM3\ARM_GCC_541\Debug\queue.o
 .comment       0x0000006e       0x6f .\CortexM3\ARM_GCC_541\Debug\stream_buffer.o
 .comment       0x0000006e       0x6f .\CortexM3\ARM_GCC_541\Debug\tasks.o
 .comment       0x0000006e       0x6f .\CortexM3\ARM_GCC_541\Debug\timers.o
 .comment       0x0000006e       0x6f .\CortexM3\ARM_GCC_541\Debug\cyfitter_cfg.o
 .comment       0x0000006e       0x6f .\CortexM3\ARM_GCC_541\Debug\cymetadata.o
 .comment       0x0000006e       0x6f .\CortexM3\ARM_GCC_541\Debug\Cm3Start.o
 .comment       0x0000006e       0x6f .\CortexM3\ARM_GCC_541\Debug\Design01_Rx.a(UART_LOG.o)
 .comment       0x0000006e       0x6f .\CortexM3\ARM_GCC_541\Debug\Design01_Rx.a(UART_LOG_IntClock.o)
 .comment       0x0000006e       0x6f .\CortexM3\ARM_GCC_541\Debug\Design01_Rx.a(CyLib.o)
 .comment       0x0000006e       0x6f .\CortexM3\ARM_GCC_541\Debug\Design01_Rx.a(cyPm.o)
 .comment       0x0000006e       0x6f .\CortexM3\ARM_GCC_541\Debug\Design01_Rx.a(CAN_Rx.o)
 .comment       0x0000006e       0x6f .\CortexM3\ARM_GCC_541\Debug\Design01_Rx.a(CAN_Rx_INT.o)
 .comment       0x0000006e       0x6f .\CortexM3\ARM_GCC_541\Debug\Design01_Rx.a(CAN_Rx_TX_RX_func.o)
 .comment       0x0000006e       0x6f .\CortexM3\ARM_GCC_541\Debug\Design01_Rx.a(SEVEN_DP.o)
 .comment       0x0000006e       0x6f .\CortexM3\ARM_GCC_541\Debug\Design01_Rx.a(SEVEN_SELECT.o)
 .comment       0x0000006e       0x6f .\CortexM3\ARM_GCC_541\Debug\Design01_Rx.a(SEVEN_reg.o)
 .comment       0x0000006e       0x6f .\CortexM3\ARM_GCC_541\Debug\Design01_Rx.a(RED_LED.o)
 .comment       0x0000006e       0x6f .\CortexM3\ARM_GCC_541\Debug\Design01_Rx.a(SPIM.o)
 .comment       0x0000006e       0x6f .\CortexM3\ARM_GCC_541\Debug\Design01_Rx.a(RST.o)
 .comment       0x0000006e       0x6f .\CortexM3\ARM_GCC_541\Debug\Design01_Rx.a(RS.o)
 .comment       0x0000006e       0x6f .\CortexM3\ARM_GCC_541\Debug\Design01_Rx.a(GREEN_LED.o)
 .comment       0x0000006e       0x6f .\CortexM3\ARM_GCC_541\Debug\Design01_Rx.a(YELLOW_LED.o)
 .comment       0x0000006e       0x6f .\CortexM3\ARM_GCC_541\Debug\Design01_Rx.a(CyFlash.o)
 .comment       0x0000006e       0x6f .\CortexM3\ARM_GCC_541\Debug\Design01_Rx.a(CySpc.o)

.debug_weaknames
 *(.debug_weaknames)

.debug_funcnames
 *(.debug_funcnames)

.debug_typenames
 *(.debug_typenames)

.debug_varnames
 *(.debug_varnames)

.note.gnu.arm.ident
 *(.note.gnu.arm.ident)

.ARM.attributes
                0x00000000       0x29
 *(.ARM.attributes)
 .ARM.attributes
                0x00000000       0x1d c:/program files (x86)/cypress/psoc creator/4.2/psoc creator/import/gnu/arm/5.4.1/bin/../lib/gcc/arm-none-eabi/5.4.1/armv7-m/crti.o
 .ARM.attributes
                0x0000001d       0x2d c:/program files (x86)/cypress/psoc creator/4.2/psoc creator/import/gnu/arm/5.4.1/bin/../lib/gcc/arm-none-eabi/5.4.1/armv7-m/crtbegin.o
 .ARM.attributes
                0x0000004a       0x1b c:/program files (x86)/cypress/psoc creator/4.2/psoc creator/import/gnu/arm/5.4.1/bin/../lib/gcc/arm-none-eabi/5.4.1/../../../../arm-none-eabi/lib/armv7-m/crt0.o
 .ARM.attributes
                0x00000065       0x33 .\CortexM3\ARM_GCC_541\Debug\seven.o
 .ARM.attributes
                0x00000098       0x33 .\CortexM3\ARM_GCC_541\Debug\main.o
 .ARM.attributes
                0x000000cb       0x33 .\CortexM3\ARM_GCC_541\Debug\ugui_st7735.o
 .ARM.attributes
                0x000000fe       0x33 .\CortexM3\ARM_GCC_541\Debug\ugui.o
 .ARM.attributes
                0x00000131       0x33 .\CortexM3\ARM_GCC_541\Debug\croutine.o
 .ARM.attributes
                0x00000164       0x33 .\CortexM3\ARM_GCC_541\Debug\event_groups.o
 .ARM.attributes
                0x00000197       0x33 .\CortexM3\ARM_GCC_541\Debug\heap_1.o
 .ARM.attributes
                0x000001ca       0x33 .\CortexM3\ARM_GCC_541\Debug\list.o
 .ARM.attributes
                0x000001fd       0x33 .\CortexM3\ARM_GCC_541\Debug\mpu_wrappers.o
 .ARM.attributes
                0x00000230       0x33 .\CortexM3\ARM_GCC_541\Debug\port.o
 .ARM.attributes
                0x00000263       0x33 .\CortexM3\ARM_GCC_541\Debug\queue.o
 .ARM.attributes
                0x00000296       0x33 .\CortexM3\ARM_GCC_541\Debug\stream_buffer.o
 .ARM.attributes
                0x000002c9       0x33 .\CortexM3\ARM_GCC_541\Debug\tasks.o
 .ARM.attributes
                0x000002fc       0x33 .\CortexM3\ARM_GCC_541\Debug\timers.o
 .ARM.attributes
                0x0000032f       0x33 .\CortexM3\ARM_GCC_541\Debug\cyfitter_cfg.o
 .ARM.attributes
                0x00000362       0x33 .\CortexM3\ARM_GCC_541\Debug\cymetadata.o
 .ARM.attributes
                0x00000395       0x33 .\CortexM3\ARM_GCC_541\Debug\Cm3Start.o
 .ARM.attributes
                0x000003c8       0x33 .\CortexM3\ARM_GCC_541\Debug\Design01_Rx.a(UART_LOG.o)
 .ARM.attributes
                0x000003fb       0x33 .\CortexM3\ARM_GCC_541\Debug\Design01_Rx.a(UART_LOG_IntClock.o)
 .ARM.attributes
                0x0000042e       0x33 .\CortexM3\ARM_GCC_541\Debug\Design01_Rx.a(CyLib.o)
 .ARM.attributes
                0x00000461       0x33 .\CortexM3\ARM_GCC_541\Debug\Design01_Rx.a(cyPm.o)
 .ARM.attributes
                0x00000494       0x33 .\CortexM3\ARM_GCC_541\Debug\Design01_Rx.a(CAN_Rx.o)
 .ARM.attributes
                0x000004c7       0x33 .\CortexM3\ARM_GCC_541\Debug\Design01_Rx.a(CAN_Rx_INT.o)
 .ARM.attributes
                0x000004fa       0x33 .\CortexM3\ARM_GCC_541\Debug\Design01_Rx.a(CAN_Rx_TX_RX_func.o)
 .ARM.attributes
                0x0000052d       0x33 .\CortexM3\ARM_GCC_541\Debug\Design01_Rx.a(SEVEN_DP.o)
 .ARM.attributes
                0x00000560       0x33 .\CortexM3\ARM_GCC_541\Debug\Design01_Rx.a(SEVEN_SELECT.o)
 .ARM.attributes
                0x00000593       0x33 .\CortexM3\ARM_GCC_541\Debug\Design01_Rx.a(SEVEN_reg.o)
 .ARM.attributes
                0x000005c6       0x33 .\CortexM3\ARM_GCC_541\Debug\Design01_Rx.a(RED_LED.o)
 .ARM.attributes
                0x000005f9       0x33 .\CortexM3\ARM_GCC_541\Debug\Design01_Rx.a(SPIM.o)
 .ARM.attributes
                0x0000062c       0x33 .\CortexM3\ARM_GCC_541\Debug\Design01_Rx.a(RST.o)
 .ARM.attributes
                0x0000065f       0x33 .\CortexM3\ARM_GCC_541\Debug\Design01_Rx.a(RS.o)
 .ARM.attributes
                0x00000692       0x33 .\CortexM3\ARM_GCC_541\Debug\Design01_Rx.a(GREEN_LED.o)
 .ARM.attributes
                0x000006c5       0x33 .\CortexM3\ARM_GCC_541\Debug\Design01_Rx.a(YELLOW_LED.o)
 .ARM.attributes
                0x000006f8       0x21 .\CortexM3\ARM_GCC_541\Debug\Design01_Rx.a(CyBootAsmGnu.o)
 .ARM.attributes
                0x00000719       0x33 .\CortexM3\ARM_GCC_541\Debug\Design01_Rx.a(CyFlash.o)
 .ARM.attributes
                0x0000074c       0x33 .\CortexM3\ARM_GCC_541\Debug\Design01_Rx.a(CySpc.o)
 .ARM.attributes
                0x0000077f       0x2d c:/program files (x86)/cypress/psoc creator/4.2/psoc creator/import/gnu/arm/5.4.1/bin/../lib/gcc/arm-none-eabi/5.4.1/../../../../arm-none-eabi/lib/armv7-m\libg_nano.a(lib_a-errno.o)
 .ARM.attributes
                0x000007ac       0x2d c:/program files (x86)/cypress/psoc creator/4.2/psoc creator/import/gnu/arm/5.4.1/bin/../lib/gcc/arm-none-eabi/5.4.1/../../../../arm-none-eabi/lib/armv7-m\libg_nano.a(lib_a-exit.o)
 .ARM.attributes
                0x000007d9       0x2d c:/program files (x86)/cypress/psoc creator/4.2/psoc creator/import/gnu/arm/5.4.1/bin/../lib/gcc/arm-none-eabi/5.4.1/../../../../arm-none-eabi/lib/armv7-m\libg_nano.a(lib_a-impure.o)
 .ARM.attributes
                0x00000806       0x2d c:/program files (x86)/cypress/psoc creator/4.2/psoc creator/import/gnu/arm/5.4.1/bin/../lib/gcc/arm-none-eabi/5.4.1/../../../../arm-none-eabi/lib/armv7-m\libg_nano.a(lib_a-init.o)
 .ARM.attributes
                0x00000833       0x2d c:/program files (x86)/cypress/psoc creator/4.2/psoc creator/import/gnu/arm/5.4.1/bin/../lib/gcc/arm-none-eabi/5.4.1/../../../../arm-none-eabi/lib/armv7-m\libg_nano.a(lib_a-itoa.o)
 .ARM.attributes
                0x00000860       0x2d c:/program files (x86)/cypress/psoc creator/4.2/psoc creator/import/gnu/arm/5.4.1/bin/../lib/gcc/arm-none-eabi/5.4.1/../../../../arm-none-eabi/lib/armv7-m\libg_nano.a(lib_a-memcpy-stub.o)
 .ARM.attributes
                0x0000088d       0x2d c:/program files (x86)/cypress/psoc creator/4.2/psoc creator/import/gnu/arm/5.4.1/bin/../lib/gcc/arm-none-eabi/5.4.1/../../../../arm-none-eabi/lib/armv7-m\libg_nano.a(lib_a-memset.o)
 .ARM.attributes
                0x000008ba       0x2d c:/program files (x86)/cypress/psoc creator/4.2/psoc creator/import/gnu/arm/5.4.1/bin/../lib/gcc/arm-none-eabi/5.4.1/../../../../arm-none-eabi/lib/armv7-m\libg_nano.a(lib_a-utoa.o)
 .ARM.attributes
                0x000008e7       0x2d c:/program files (x86)/cypress/psoc creator/4.2/psoc creator/import/gnu/arm/5.4.1/bin/../lib/gcc/arm-none-eabi/5.4.1/armv7-m/crtend.o
 .ARM.attributes
                0x00000914       0x1d c:/program files (x86)/cypress/psoc creator/4.2/psoc creator/import/gnu/arm/5.4.1/bin/../lib/gcc/arm-none-eabi/5.4.1/armv7-m/crtn.o

/DISCARD/
 *(.note.GNU-stack)
OUTPUT(C:\Users\Reza\Documents\PSoC Creator\CAN_Application_01\Design01_Rx.cydsn\CortexM3\ARM_GCC_541\Debug\Design01_Rx.elf elf32-littlearm)
