ARM GAS  C:\Users\Reza\AppData\Local\Temp\cckPBuH8.s 			page 1


   1              		.syntax unified
   2              		.cpu cortex-m3
   3              		.fpu softvfp
   4              		.eabi_attribute 20, 1
   5              		.eabi_attribute 21, 1
   6              		.eabi_attribute 23, 3
   7              		.eabi_attribute 24, 1
   8              		.eabi_attribute 25, 1
   9              		.eabi_attribute 26, 1
  10              		.eabi_attribute 30, 1
  11              		.eabi_attribute 34, 1
  12              		.eabi_attribute 18, 4
  13              		.thumb
  14              		.syntax unified
  15              		.file	"CAN_Tx_INT.c"
  16              		.text
  17              	.Ltext0:
  18              		.cfi_sections	.debug_frame
  19              		.section	.text.CAN_Tx_BusOffIsr,"ax",%progbits
  20              		.align	2
  21              		.global	CAN_Tx_BusOffIsr
  22              		.thumb
  23              		.thumb_func
  24              		.type	CAN_Tx_BusOffIsr, %function
  25              	CAN_Tx_BusOffIsr:
  26              	.LFB68:
  27              		.file 1 "Generated_Source\\PSoC5\\CAN_Tx_INT.c"
   1:Generated_Source\PSoC5/CAN_Tx_INT.c **** /*******************************************************************************
   2:Generated_Source\PSoC5/CAN_Tx_INT.c **** * File Name: CAN_Tx_INT.c
   3:Generated_Source\PSoC5/CAN_Tx_INT.c **** * Version 3.0
   4:Generated_Source\PSoC5/CAN_Tx_INT.c **** *
   5:Generated_Source\PSoC5/CAN_Tx_INT.c **** * Description:
   6:Generated_Source\PSoC5/CAN_Tx_INT.c **** *  This file contains Interrupt Service Routine (ISR) for CAN Component.
   7:Generated_Source\PSoC5/CAN_Tx_INT.c **** *  The Interrupt handlers functions are generated accordingly to the PSoC
   8:Generated_Source\PSoC5/CAN_Tx_INT.c **** *  Creator Customizer inputs.
   9:Generated_Source\PSoC5/CAN_Tx_INT.c **** *
  10:Generated_Source\PSoC5/CAN_Tx_INT.c **** * Note:
  11:Generated_Source\PSoC5/CAN_Tx_INT.c **** *  None
  12:Generated_Source\PSoC5/CAN_Tx_INT.c **** *
  13:Generated_Source\PSoC5/CAN_Tx_INT.c **** ********************************************************************************
  14:Generated_Source\PSoC5/CAN_Tx_INT.c **** * Copyright 2008-2015, Cypress Semiconductor Corporation.  All rights reserved.
  15:Generated_Source\PSoC5/CAN_Tx_INT.c **** * You may use this file only in accordance with the license, terms, conditions,
  16:Generated_Source\PSoC5/CAN_Tx_INT.c **** * disclaimers, and limitations in the end user license agreement accompanying
  17:Generated_Source\PSoC5/CAN_Tx_INT.c **** * the software package with which this file was provided.
  18:Generated_Source\PSoC5/CAN_Tx_INT.c **** *******************************************************************************/
  19:Generated_Source\PSoC5/CAN_Tx_INT.c **** 
  20:Generated_Source\PSoC5/CAN_Tx_INT.c **** #include "CAN_Tx.h"
  21:Generated_Source\PSoC5/CAN_Tx_INT.c **** #include "FreeRTOS.h"
  22:Generated_Source\PSoC5/CAN_Tx_INT.c **** #include "semphr.h"
  23:Generated_Source\PSoC5/CAN_Tx_INT.c **** #include "portmacro.h"
  24:Generated_Source\PSoC5/CAN_Tx_INT.c **** #include "UART_LOG.h"
  25:Generated_Source\PSoC5/CAN_Tx_INT.c **** #include "global.h"
  26:Generated_Source\PSoC5/CAN_Tx_INT.c **** #include "Red_Led.h"
  27:Generated_Source\PSoC5/CAN_Tx_INT.c **** 
  28:Generated_Source\PSoC5/CAN_Tx_INT.c **** /* `#START CAN_INT_C_CODE_DEFINITION` */
  29:Generated_Source\PSoC5/CAN_Tx_INT.c **** extern xSemaphoreHandle TxGiver;
  30:Generated_Source\PSoC5/CAN_Tx_INT.c **** /* `#END` */
ARM GAS  C:\Users\Reza\AppData\Local\Temp\cckPBuH8.s 			page 2


  31:Generated_Source\PSoC5/CAN_Tx_INT.c **** 
  32:Generated_Source\PSoC5/CAN_Tx_INT.c **** #if (CAN_Tx_ARB_LOST)
  33:Generated_Source\PSoC5/CAN_Tx_INT.c ****     /*******************************************************************************
  34:Generated_Source\PSoC5/CAN_Tx_INT.c ****     * FUNCTION NAME:   CAN_Tx_ArbLostIsr
  35:Generated_Source\PSoC5/CAN_Tx_INT.c ****     ********************************************************************************
  36:Generated_Source\PSoC5/CAN_Tx_INT.c ****     *
  37:Generated_Source\PSoC5/CAN_Tx_INT.c ****     * Summary:
  38:Generated_Source\PSoC5/CAN_Tx_INT.c ****     *  This function is entry point to Arbitration Lost Interrupt. Clears
  39:Generated_Source\PSoC5/CAN_Tx_INT.c ****     *  Arbitration Lost interrupt flag. Only generated if Arbitration Lost
  40:Generated_Source\PSoC5/CAN_Tx_INT.c ****     *  Interrupt enable in Customizer.
  41:Generated_Source\PSoC5/CAN_Tx_INT.c ****     *
  42:Generated_Source\PSoC5/CAN_Tx_INT.c ****     * Parameters:
  43:Generated_Source\PSoC5/CAN_Tx_INT.c ****     *  None.
  44:Generated_Source\PSoC5/CAN_Tx_INT.c ****     *
  45:Generated_Source\PSoC5/CAN_Tx_INT.c ****     * Return:
  46:Generated_Source\PSoC5/CAN_Tx_INT.c ****     *  None.
  47:Generated_Source\PSoC5/CAN_Tx_INT.c ****     *
  48:Generated_Source\PSoC5/CAN_Tx_INT.c ****     * Reentrant:
  49:Generated_Source\PSoC5/CAN_Tx_INT.c ****     *  Depends on Customer code.
  50:Generated_Source\PSoC5/CAN_Tx_INT.c ****     *
  51:Generated_Source\PSoC5/CAN_Tx_INT.c ****     *******************************************************************************/
  52:Generated_Source\PSoC5/CAN_Tx_INT.c ****     void CAN_Tx_ArbLostIsr(void) 
  53:Generated_Source\PSoC5/CAN_Tx_INT.c ****     {
  54:Generated_Source\PSoC5/CAN_Tx_INT.c ****         /* Clear Arbitration Lost flag */
  55:Generated_Source\PSoC5/CAN_Tx_INT.c ****         CAN_Tx_INT_SR_REG.byte[0u] = CAN_Tx_ARBITRATION_LOST_MASK;
  56:Generated_Source\PSoC5/CAN_Tx_INT.c **** 
  57:Generated_Source\PSoC5/CAN_Tx_INT.c ****         /* `#START ARBITRATION_LOST_ISR` */
  58:Generated_Source\PSoC5/CAN_Tx_INT.c **** 
  59:Generated_Source\PSoC5/CAN_Tx_INT.c ****         /* `#END` */
  60:Generated_Source\PSoC5/CAN_Tx_INT.c **** 
  61:Generated_Source\PSoC5/CAN_Tx_INT.c ****         #ifdef CAN_Tx_ARB_LOST_ISR_CALLBACK
  62:Generated_Source\PSoC5/CAN_Tx_INT.c ****             CAN_Tx_ArbLostIsr_Callback();
  63:Generated_Source\PSoC5/CAN_Tx_INT.c ****         #endif /* CAN_Tx_ARB_LOST_ISR_CALLBACK */
  64:Generated_Source\PSoC5/CAN_Tx_INT.c ****     }
  65:Generated_Source\PSoC5/CAN_Tx_INT.c **** #endif /* CAN_Tx_ARB_LOST */
  66:Generated_Source\PSoC5/CAN_Tx_INT.c **** 
  67:Generated_Source\PSoC5/CAN_Tx_INT.c **** 
  68:Generated_Source\PSoC5/CAN_Tx_INT.c **** #if (CAN_Tx_OVERLOAD)
  69:Generated_Source\PSoC5/CAN_Tx_INT.c ****     /*******************************************************************************
  70:Generated_Source\PSoC5/CAN_Tx_INT.c ****     * FUNCTION NAME:   CAN_Tx_OvrLdErrorIsr
  71:Generated_Source\PSoC5/CAN_Tx_INT.c ****     ********************************************************************************
  72:Generated_Source\PSoC5/CAN_Tx_INT.c ****     *
  73:Generated_Source\PSoC5/CAN_Tx_INT.c ****     * Summary:
  74:Generated_Source\PSoC5/CAN_Tx_INT.c ****     *  This function is entry point to Overload Error Interrupt. Clears Overload
  75:Generated_Source\PSoC5/CAN_Tx_INT.c ****     *  Error interrupt flag. Only generated if Overload Error Interrupt enable
  76:Generated_Source\PSoC5/CAN_Tx_INT.c ****     *  in Customizer.
  77:Generated_Source\PSoC5/CAN_Tx_INT.c ****     *
  78:Generated_Source\PSoC5/CAN_Tx_INT.c ****     * Parameters:
  79:Generated_Source\PSoC5/CAN_Tx_INT.c ****     *  None.
  80:Generated_Source\PSoC5/CAN_Tx_INT.c ****     *
  81:Generated_Source\PSoC5/CAN_Tx_INT.c ****     * Return:
  82:Generated_Source\PSoC5/CAN_Tx_INT.c ****     *  None.
  83:Generated_Source\PSoC5/CAN_Tx_INT.c ****     *
  84:Generated_Source\PSoC5/CAN_Tx_INT.c ****     * Reentrant:
  85:Generated_Source\PSoC5/CAN_Tx_INT.c ****     *  Depends on Customer code.
  86:Generated_Source\PSoC5/CAN_Tx_INT.c ****     *
  87:Generated_Source\PSoC5/CAN_Tx_INT.c ****     *******************************************************************************/
ARM GAS  C:\Users\Reza\AppData\Local\Temp\cckPBuH8.s 			page 3


  88:Generated_Source\PSoC5/CAN_Tx_INT.c ****     void CAN_Tx_OvrLdErrorIsr(void) 
  89:Generated_Source\PSoC5/CAN_Tx_INT.c ****     {
  90:Generated_Source\PSoC5/CAN_Tx_INT.c ****         /* Clear Overload Error flag */
  91:Generated_Source\PSoC5/CAN_Tx_INT.c ****         CAN_Tx_INT_SR_REG.byte[0u] = CAN_Tx_OVERLOAD_ERROR_MASK;
  92:Generated_Source\PSoC5/CAN_Tx_INT.c **** 
  93:Generated_Source\PSoC5/CAN_Tx_INT.c ****         /* `#START OVER_LOAD_ERROR_ISR` */
  94:Generated_Source\PSoC5/CAN_Tx_INT.c **** 
  95:Generated_Source\PSoC5/CAN_Tx_INT.c ****         /* `#END` */
  96:Generated_Source\PSoC5/CAN_Tx_INT.c **** 
  97:Generated_Source\PSoC5/CAN_Tx_INT.c ****         #ifdef CAN_Tx_OVR_LD_ERROR_ISR_CALLBACK
  98:Generated_Source\PSoC5/CAN_Tx_INT.c ****             CAN_Tx_OvrLdErrorIsr_Callback();
  99:Generated_Source\PSoC5/CAN_Tx_INT.c ****         #endif /* CAN_Tx_OVR_LD_ERROR_ISR_CALLBACK */
 100:Generated_Source\PSoC5/CAN_Tx_INT.c ****     }
 101:Generated_Source\PSoC5/CAN_Tx_INT.c **** #endif /* CAN_Tx_OVERLOAD */
 102:Generated_Source\PSoC5/CAN_Tx_INT.c **** 
 103:Generated_Source\PSoC5/CAN_Tx_INT.c **** 
 104:Generated_Source\PSoC5/CAN_Tx_INT.c **** #if (CAN_Tx_BIT_ERR)
 105:Generated_Source\PSoC5/CAN_Tx_INT.c ****     /*******************************************************************************
 106:Generated_Source\PSoC5/CAN_Tx_INT.c ****     * FUNCTION NAME:   CAN_Tx_BitErrorIsr
 107:Generated_Source\PSoC5/CAN_Tx_INT.c ****     ********************************************************************************
 108:Generated_Source\PSoC5/CAN_Tx_INT.c ****     *
 109:Generated_Source\PSoC5/CAN_Tx_INT.c ****     * Summary:
 110:Generated_Source\PSoC5/CAN_Tx_INT.c ****     *  This function is entry point to Bit Error Interrupt. Clears Bit Error
 111:Generated_Source\PSoC5/CAN_Tx_INT.c ****     *  interrupt flag. Only generated if Bit Error Interrupt enable in Customizer.
 112:Generated_Source\PSoC5/CAN_Tx_INT.c ****     *
 113:Generated_Source\PSoC5/CAN_Tx_INT.c ****     * Parameters:
 114:Generated_Source\PSoC5/CAN_Tx_INT.c ****     *  None.
 115:Generated_Source\PSoC5/CAN_Tx_INT.c ****     *
 116:Generated_Source\PSoC5/CAN_Tx_INT.c ****     * Return:
 117:Generated_Source\PSoC5/CAN_Tx_INT.c ****     *  None.
 118:Generated_Source\PSoC5/CAN_Tx_INT.c ****     *
 119:Generated_Source\PSoC5/CAN_Tx_INT.c ****     * Reentrant:
 120:Generated_Source\PSoC5/CAN_Tx_INT.c ****     *  Depends on Customer code.
 121:Generated_Source\PSoC5/CAN_Tx_INT.c ****     *
 122:Generated_Source\PSoC5/CAN_Tx_INT.c ****     *******************************************************************************/
 123:Generated_Source\PSoC5/CAN_Tx_INT.c ****     void CAN_Tx_BitErrorIsr(void) 
 124:Generated_Source\PSoC5/CAN_Tx_INT.c ****     {
 125:Generated_Source\PSoC5/CAN_Tx_INT.c ****         /* Clear Bit Error flag */
 126:Generated_Source\PSoC5/CAN_Tx_INT.c ****         CAN_Tx_INT_SR_REG.byte[0u] = CAN_Tx_BIT_ERROR_MASK;
 127:Generated_Source\PSoC5/CAN_Tx_INT.c **** 
 128:Generated_Source\PSoC5/CAN_Tx_INT.c ****         /* `#START BIT_ERROR_ISR` */
 129:Generated_Source\PSoC5/CAN_Tx_INT.c **** 
 130:Generated_Source\PSoC5/CAN_Tx_INT.c ****         /* `#END` */
 131:Generated_Source\PSoC5/CAN_Tx_INT.c **** 
 132:Generated_Source\PSoC5/CAN_Tx_INT.c ****         #ifdef CAN_Tx_BIT_ERROR_ISR_CALLBACK
 133:Generated_Source\PSoC5/CAN_Tx_INT.c ****             CAN_Tx_BitErrorIsr_Callback();
 134:Generated_Source\PSoC5/CAN_Tx_INT.c ****         #endif /* CAN_Tx_BIT_ERROR_ISR_CALLBACK */
 135:Generated_Source\PSoC5/CAN_Tx_INT.c ****     }
 136:Generated_Source\PSoC5/CAN_Tx_INT.c **** #endif /* CAN_Tx_BIT_ERR */
 137:Generated_Source\PSoC5/CAN_Tx_INT.c **** 
 138:Generated_Source\PSoC5/CAN_Tx_INT.c **** 
 139:Generated_Source\PSoC5/CAN_Tx_INT.c **** #if (CAN_Tx_STUFF_ERR)
 140:Generated_Source\PSoC5/CAN_Tx_INT.c ****     /*******************************************************************************
 141:Generated_Source\PSoC5/CAN_Tx_INT.c ****     * FUNCTION NAME:   CAN_Tx_BitStuffErrorIsr
 142:Generated_Source\PSoC5/CAN_Tx_INT.c ****     ********************************************************************************
 143:Generated_Source\PSoC5/CAN_Tx_INT.c ****     *
 144:Generated_Source\PSoC5/CAN_Tx_INT.c ****     * Summary:
ARM GAS  C:\Users\Reza\AppData\Local\Temp\cckPBuH8.s 			page 4


 145:Generated_Source\PSoC5/CAN_Tx_INT.c ****     *  This function is entry point to Bit Stuff Error Interrupt. Clears Bit Stuff
 146:Generated_Source\PSoC5/CAN_Tx_INT.c ****     *  Error interrupt flag. Only generated if Bit Stuff Error Interrupt enable
 147:Generated_Source\PSoC5/CAN_Tx_INT.c ****     *  in Customizer.
 148:Generated_Source\PSoC5/CAN_Tx_INT.c ****     *
 149:Generated_Source\PSoC5/CAN_Tx_INT.c ****     * Parameters:
 150:Generated_Source\PSoC5/CAN_Tx_INT.c ****     *  None.
 151:Generated_Source\PSoC5/CAN_Tx_INT.c ****     *
 152:Generated_Source\PSoC5/CAN_Tx_INT.c ****     * Return:
 153:Generated_Source\PSoC5/CAN_Tx_INT.c ****     *  None.
 154:Generated_Source\PSoC5/CAN_Tx_INT.c ****     *
 155:Generated_Source\PSoC5/CAN_Tx_INT.c ****     * Reentrant:
 156:Generated_Source\PSoC5/CAN_Tx_INT.c ****     *  Depends on Customer code.
 157:Generated_Source\PSoC5/CAN_Tx_INT.c ****     *
 158:Generated_Source\PSoC5/CAN_Tx_INT.c ****     *******************************************************************************/
 159:Generated_Source\PSoC5/CAN_Tx_INT.c ****     void CAN_Tx_BitStuffErrorIsr(void) 
 160:Generated_Source\PSoC5/CAN_Tx_INT.c ****     {
 161:Generated_Source\PSoC5/CAN_Tx_INT.c ****         /* Clear Stuff Error flag */
 162:Generated_Source\PSoC5/CAN_Tx_INT.c ****         CAN_Tx_INT_SR_REG.byte[0u] = CAN_Tx_STUFF_ERROR_MASK;
 163:Generated_Source\PSoC5/CAN_Tx_INT.c **** 
 164:Generated_Source\PSoC5/CAN_Tx_INT.c ****         /* `#START BIT_STUFF_ERROR_ISR` */
 165:Generated_Source\PSoC5/CAN_Tx_INT.c **** 
 166:Generated_Source\PSoC5/CAN_Tx_INT.c ****         /* `#END` */
 167:Generated_Source\PSoC5/CAN_Tx_INT.c **** 
 168:Generated_Source\PSoC5/CAN_Tx_INT.c ****         #ifdef CAN_Tx_BIT_STUFF_ERROR_ISR_CALLBACK
 169:Generated_Source\PSoC5/CAN_Tx_INT.c ****             CAN_Tx_BitStuffErrorIsr_Callback();
 170:Generated_Source\PSoC5/CAN_Tx_INT.c ****         #endif /* CAN_Tx_BIT_STUFF_ERROR_ISR_CALLBACK */
 171:Generated_Source\PSoC5/CAN_Tx_INT.c ****     }
 172:Generated_Source\PSoC5/CAN_Tx_INT.c **** #endif /* CAN_Tx_STUFF_ERR */
 173:Generated_Source\PSoC5/CAN_Tx_INT.c **** 
 174:Generated_Source\PSoC5/CAN_Tx_INT.c **** 
 175:Generated_Source\PSoC5/CAN_Tx_INT.c **** #if (CAN_Tx_ACK_ERR)
 176:Generated_Source\PSoC5/CAN_Tx_INT.c ****     /*******************************************************************************
 177:Generated_Source\PSoC5/CAN_Tx_INT.c ****     * FUNCTION NAME:   CAN_Tx_AckErrorIsr
 178:Generated_Source\PSoC5/CAN_Tx_INT.c ****     ********************************************************************************
 179:Generated_Source\PSoC5/CAN_Tx_INT.c ****     *
 180:Generated_Source\PSoC5/CAN_Tx_INT.c ****     * Summary:
 181:Generated_Source\PSoC5/CAN_Tx_INT.c ****     *  This function is entry point to Acknowledge Error Interrupt. Clears
 182:Generated_Source\PSoC5/CAN_Tx_INT.c ****     *  Acknowledge Error interrupt flag. Only generated if Acknowledge Error
 183:Generated_Source\PSoC5/CAN_Tx_INT.c ****     *  Interrupt enable in Customizer.
 184:Generated_Source\PSoC5/CAN_Tx_INT.c ****     *
 185:Generated_Source\PSoC5/CAN_Tx_INT.c ****     * Parameters:
 186:Generated_Source\PSoC5/CAN_Tx_INT.c ****     *  None.
 187:Generated_Source\PSoC5/CAN_Tx_INT.c ****     *
 188:Generated_Source\PSoC5/CAN_Tx_INT.c ****     * Return:
 189:Generated_Source\PSoC5/CAN_Tx_INT.c ****     *  None.
 190:Generated_Source\PSoC5/CAN_Tx_INT.c ****     *
 191:Generated_Source\PSoC5/CAN_Tx_INT.c ****     * Reentrant:
 192:Generated_Source\PSoC5/CAN_Tx_INT.c ****     *  Depends on Customer code.
 193:Generated_Source\PSoC5/CAN_Tx_INT.c ****     *
 194:Generated_Source\PSoC5/CAN_Tx_INT.c ****     *******************************************************************************/
 195:Generated_Source\PSoC5/CAN_Tx_INT.c ****     void CAN_Tx_AckErrorIsr(void) 
 196:Generated_Source\PSoC5/CAN_Tx_INT.c ****     {
 197:Generated_Source\PSoC5/CAN_Tx_INT.c ****         /* Clear Acknoledge Error flag */
 198:Generated_Source\PSoC5/CAN_Tx_INT.c ****         CAN_Tx_INT_SR_REG.byte[0u] = CAN_Tx_ACK_ERROR_MASK;
 199:Generated_Source\PSoC5/CAN_Tx_INT.c **** 
 200:Generated_Source\PSoC5/CAN_Tx_INT.c ****         /* `#START ACKNOWLEDGE_ERROR_ISR` */
 201:Generated_Source\PSoC5/CAN_Tx_INT.c **** 
ARM GAS  C:\Users\Reza\AppData\Local\Temp\cckPBuH8.s 			page 5


 202:Generated_Source\PSoC5/CAN_Tx_INT.c ****         /* `#END` */
 203:Generated_Source\PSoC5/CAN_Tx_INT.c **** 
 204:Generated_Source\PSoC5/CAN_Tx_INT.c ****         #ifdef CAN_Tx_ACK_ERROR_ISR_CALLBACK
 205:Generated_Source\PSoC5/CAN_Tx_INT.c ****             CAN_Tx_AckErrorIsr_Callback();
 206:Generated_Source\PSoC5/CAN_Tx_INT.c ****         #endif /* CAN_Tx_ACK_ERROR_ISR_CALLBACK */
 207:Generated_Source\PSoC5/CAN_Tx_INT.c ****     }
 208:Generated_Source\PSoC5/CAN_Tx_INT.c **** #endif /* CAN_Tx_ACK_ERR */
 209:Generated_Source\PSoC5/CAN_Tx_INT.c **** 
 210:Generated_Source\PSoC5/CAN_Tx_INT.c **** 
 211:Generated_Source\PSoC5/CAN_Tx_INT.c **** #if (CAN_Tx_FORM_ERR)
 212:Generated_Source\PSoC5/CAN_Tx_INT.c ****     /*******************************************************************************
 213:Generated_Source\PSoC5/CAN_Tx_INT.c ****     * FUNCTION NAME:   CAN_Tx_MsgErrorIsr
 214:Generated_Source\PSoC5/CAN_Tx_INT.c ****     ********************************************************************************
 215:Generated_Source\PSoC5/CAN_Tx_INT.c ****     *
 216:Generated_Source\PSoC5/CAN_Tx_INT.c ****     * Summary:
 217:Generated_Source\PSoC5/CAN_Tx_INT.c ****     *  This function is entry point to Form Error Interrupt. Clears Form Error
 218:Generated_Source\PSoC5/CAN_Tx_INT.c ****     *  interrupt flag. Only generated if Form Error Interrupt enable in Customizer.
 219:Generated_Source\PSoC5/CAN_Tx_INT.c ****     *
 220:Generated_Source\PSoC5/CAN_Tx_INT.c ****     * Parameters:
 221:Generated_Source\PSoC5/CAN_Tx_INT.c ****     *  None.
 222:Generated_Source\PSoC5/CAN_Tx_INT.c ****     *
 223:Generated_Source\PSoC5/CAN_Tx_INT.c ****     * Return:
 224:Generated_Source\PSoC5/CAN_Tx_INT.c ****     *  None.
 225:Generated_Source\PSoC5/CAN_Tx_INT.c ****     *
 226:Generated_Source\PSoC5/CAN_Tx_INT.c ****     * Reentrant:
 227:Generated_Source\PSoC5/CAN_Tx_INT.c ****     *  Depends on Customer code.
 228:Generated_Source\PSoC5/CAN_Tx_INT.c ****     *
 229:Generated_Source\PSoC5/CAN_Tx_INT.c ****     *******************************************************************************/
 230:Generated_Source\PSoC5/CAN_Tx_INT.c ****     void CAN_Tx_MsgErrorIsr(void) 
 231:Generated_Source\PSoC5/CAN_Tx_INT.c ****     {
 232:Generated_Source\PSoC5/CAN_Tx_INT.c ****         /* Clear Form Error flag */
 233:Generated_Source\PSoC5/CAN_Tx_INT.c ****         CAN_Tx_INT_SR_REG.byte[0u] = CAN_Tx_FORM_ERROR_MASK;
 234:Generated_Source\PSoC5/CAN_Tx_INT.c **** 
 235:Generated_Source\PSoC5/CAN_Tx_INT.c ****         /* `#START MESSAGE_ERROR_ISR` */
 236:Generated_Source\PSoC5/CAN_Tx_INT.c **** 
 237:Generated_Source\PSoC5/CAN_Tx_INT.c ****         /* `#END` */
 238:Generated_Source\PSoC5/CAN_Tx_INT.c **** 
 239:Generated_Source\PSoC5/CAN_Tx_INT.c ****         #ifdef CAN_Tx_MSG_ERROR_ISR_CALLBACK
 240:Generated_Source\PSoC5/CAN_Tx_INT.c ****             CAN_Tx_MsgErrorIsr_Callback();
 241:Generated_Source\PSoC5/CAN_Tx_INT.c ****         #endif /* CAN_Tx_MSG_ERROR_ISR_CALLBACK */
 242:Generated_Source\PSoC5/CAN_Tx_INT.c ****     }
 243:Generated_Source\PSoC5/CAN_Tx_INT.c **** #endif /* CAN_Tx_FORM_ERR */
 244:Generated_Source\PSoC5/CAN_Tx_INT.c **** 
 245:Generated_Source\PSoC5/CAN_Tx_INT.c **** 
 246:Generated_Source\PSoC5/CAN_Tx_INT.c **** #if (CAN_Tx_CRC_ERR)
 247:Generated_Source\PSoC5/CAN_Tx_INT.c ****     /*******************************************************************************
 248:Generated_Source\PSoC5/CAN_Tx_INT.c ****     * FUNCTION NAME:   CAN_Tx_CrcErrorIsr
 249:Generated_Source\PSoC5/CAN_Tx_INT.c ****     ********************************************************************************
 250:Generated_Source\PSoC5/CAN_Tx_INT.c ****     *
 251:Generated_Source\PSoC5/CAN_Tx_INT.c ****     * Summary:
 252:Generated_Source\PSoC5/CAN_Tx_INT.c ****     *  This function is entry point to CRC Error Interrupt. Clears CRC Error
 253:Generated_Source\PSoC5/CAN_Tx_INT.c ****     *  interrupt flag. Only generated if CRC Error Interrupt enable in Customizer.
 254:Generated_Source\PSoC5/CAN_Tx_INT.c ****     *
 255:Generated_Source\PSoC5/CAN_Tx_INT.c ****     * Parameters:
 256:Generated_Source\PSoC5/CAN_Tx_INT.c ****     *  None.
 257:Generated_Source\PSoC5/CAN_Tx_INT.c ****     *
 258:Generated_Source\PSoC5/CAN_Tx_INT.c ****     * Return:
ARM GAS  C:\Users\Reza\AppData\Local\Temp\cckPBuH8.s 			page 6


 259:Generated_Source\PSoC5/CAN_Tx_INT.c ****     *  None.
 260:Generated_Source\PSoC5/CAN_Tx_INT.c ****     *
 261:Generated_Source\PSoC5/CAN_Tx_INT.c ****     * Reentrant:
 262:Generated_Source\PSoC5/CAN_Tx_INT.c ****     *  Depends on Customer code.
 263:Generated_Source\PSoC5/CAN_Tx_INT.c ****     *
 264:Generated_Source\PSoC5/CAN_Tx_INT.c ****     *******************************************************************************/
 265:Generated_Source\PSoC5/CAN_Tx_INT.c ****     void CAN_Tx_CrcErrorIsr(void) 
 266:Generated_Source\PSoC5/CAN_Tx_INT.c ****     {
 267:Generated_Source\PSoC5/CAN_Tx_INT.c ****         /* Clear CRC Error flag */
 268:Generated_Source\PSoC5/CAN_Tx_INT.c ****         CAN_Tx_INT_SR_REG.byte[1u] = CAN_Tx_CRC_ERROR_MASK;
 269:Generated_Source\PSoC5/CAN_Tx_INT.c **** 
 270:Generated_Source\PSoC5/CAN_Tx_INT.c ****         /* `#START CRC_ERROR_ISR` */
 271:Generated_Source\PSoC5/CAN_Tx_INT.c **** 
 272:Generated_Source\PSoC5/CAN_Tx_INT.c ****         /* `#END` */
 273:Generated_Source\PSoC5/CAN_Tx_INT.c **** 
 274:Generated_Source\PSoC5/CAN_Tx_INT.c ****         #ifdef CAN_Tx_CRC_ERROR_ISR_CALLBACK
 275:Generated_Source\PSoC5/CAN_Tx_INT.c ****             CAN_Tx_CrcErrorIsr_Callback();
 276:Generated_Source\PSoC5/CAN_Tx_INT.c ****         #endif /* CAN_Tx_CRC_ERROR_ISR_CALLBACK */
 277:Generated_Source\PSoC5/CAN_Tx_INT.c ****     }
 278:Generated_Source\PSoC5/CAN_Tx_INT.c **** #endif /* CAN_Tx_CRC_ERR */
 279:Generated_Source\PSoC5/CAN_Tx_INT.c **** 
 280:Generated_Source\PSoC5/CAN_Tx_INT.c **** 
 281:Generated_Source\PSoC5/CAN_Tx_INT.c **** #if (CAN_Tx_BUS_OFF)
 282:Generated_Source\PSoC5/CAN_Tx_INT.c ****     /*******************************************************************************
 283:Generated_Source\PSoC5/CAN_Tx_INT.c ****     * FUNCTION NAME:   CAN_Tx_BusOffIsr
 284:Generated_Source\PSoC5/CAN_Tx_INT.c ****     ********************************************************************************
 285:Generated_Source\PSoC5/CAN_Tx_INT.c ****     *
 286:Generated_Source\PSoC5/CAN_Tx_INT.c ****     * Summary:
 287:Generated_Source\PSoC5/CAN_Tx_INT.c ****     *  This function is entry point to Bus Off Interrupt. Places CAN Component
 288:Generated_Source\PSoC5/CAN_Tx_INT.c ****     *  to Stop mode. Only generated if Bus Off Interrupt enable in Customizer.
 289:Generated_Source\PSoC5/CAN_Tx_INT.c ****     *  Recommended setting to enable this interrupt.
 290:Generated_Source\PSoC5/CAN_Tx_INT.c ****     *
 291:Generated_Source\PSoC5/CAN_Tx_INT.c ****     * Parameters:
 292:Generated_Source\PSoC5/CAN_Tx_INT.c ****     *  None.
 293:Generated_Source\PSoC5/CAN_Tx_INT.c ****     *
 294:Generated_Source\PSoC5/CAN_Tx_INT.c ****     * Return:
 295:Generated_Source\PSoC5/CAN_Tx_INT.c ****     *  None.
 296:Generated_Source\PSoC5/CAN_Tx_INT.c ****     *
 297:Generated_Source\PSoC5/CAN_Tx_INT.c ****     * Side Effects:
 298:Generated_Source\PSoC5/CAN_Tx_INT.c ****     *  Stops CAN component operation.
 299:Generated_Source\PSoC5/CAN_Tx_INT.c ****     *
 300:Generated_Source\PSoC5/CAN_Tx_INT.c ****     *******************************************************************************/
 301:Generated_Source\PSoC5/CAN_Tx_INT.c ****     void CAN_Tx_BusOffIsr(void) 
 302:Generated_Source\PSoC5/CAN_Tx_INT.c ****     {
  28              		.loc 1 302 0
  29              		.cfi_startproc
  30              		@ args = 0, pretend = 0, frame = 0
  31              		@ frame_needed = 0, uses_anonymous_args = 0
  32 0000 08B5     		push	{r3, lr}
  33              		.cfi_def_cfa_offset 8
  34              		.cfi_offset 3, -8
  35              		.cfi_offset 14, -4
 303:Generated_Source\PSoC5/CAN_Tx_INT.c ****         /* Clear Bus Off flag */
 304:Generated_Source\PSoC5/CAN_Tx_INT.c ****         CAN_Tx_INT_SR_REG.byte[1u] = CAN_Tx_BUS_OFF_MASK;
  36              		.loc 1 304 0
  37 0002 0222     		movs	r2, #2
  38 0004 034B     		ldr	r3, .L3
ARM GAS  C:\Users\Reza\AppData\Local\Temp\cckPBuH8.s 			page 7


  39 0006 5A70     		strb	r2, [r3, #1]
 305:Generated_Source\PSoC5/CAN_Tx_INT.c ****         (void) CAN_Tx_GlobalIntDisable();
  40              		.loc 1 305 0
  41 0008 FFF7FEFF 		bl	CAN_Tx_GlobalIntDisable
  42              	.LVL0:
 306:Generated_Source\PSoC5/CAN_Tx_INT.c **** 
 307:Generated_Source\PSoC5/CAN_Tx_INT.c ****         /* `#START BUS_OFF_ISR` */
 308:Generated_Source\PSoC5/CAN_Tx_INT.c **** 
 309:Generated_Source\PSoC5/CAN_Tx_INT.c ****         /* `#END` */
 310:Generated_Source\PSoC5/CAN_Tx_INT.c **** 
 311:Generated_Source\PSoC5/CAN_Tx_INT.c ****         #ifdef CAN_Tx_BUS_OFF_ISR_CALLBACK
 312:Generated_Source\PSoC5/CAN_Tx_INT.c ****             CAN_Tx_BusOffIsr_Callback();
 313:Generated_Source\PSoC5/CAN_Tx_INT.c ****         #endif /* CAN_Tx_BUS_OFF_ISR_CALLBACK */
 314:Generated_Source\PSoC5/CAN_Tx_INT.c **** 
 315:Generated_Source\PSoC5/CAN_Tx_INT.c ****         (void) CAN_Tx_Stop();
  43              		.loc 1 315 0
  44 000c FFF7FEFF 		bl	CAN_Tx_Stop
  45              	.LVL1:
  46 0010 08BD     		pop	{r3, pc}
  47              	.L4:
  48 0012 00BF     		.align	2
  49              	.L3:
  50 0014 00A00040 		.word	1073782784
  51              		.cfi_endproc
  52              	.LFE68:
  53              		.size	CAN_Tx_BusOffIsr, .-CAN_Tx_BusOffIsr
  54              		.section	.text.CAN_Tx_MsgTXIsr,"ax",%progbits
  55              		.align	2
  56              		.global	CAN_Tx_MsgTXIsr
  57              		.thumb
  58              		.thumb_func
  59              		.type	CAN_Tx_MsgTXIsr, %function
  60              	CAN_Tx_MsgTXIsr:
  61              	.LFB69:
 316:Generated_Source\PSoC5/CAN_Tx_INT.c ****     }
 317:Generated_Source\PSoC5/CAN_Tx_INT.c **** #endif /* CAN_Tx_BUS_OFF */
 318:Generated_Source\PSoC5/CAN_Tx_INT.c **** 
 319:Generated_Source\PSoC5/CAN_Tx_INT.c **** 
 320:Generated_Source\PSoC5/CAN_Tx_INT.c **** #if (CAN_Tx_RX_MSG_LOST)
 321:Generated_Source\PSoC5/CAN_Tx_INT.c ****     /*******************************************************************************
 322:Generated_Source\PSoC5/CAN_Tx_INT.c ****     * FUNCTION NAME:   CAN_Tx_MsgLostIsr
 323:Generated_Source\PSoC5/CAN_Tx_INT.c ****     ********************************************************************************
 324:Generated_Source\PSoC5/CAN_Tx_INT.c ****     *
 325:Generated_Source\PSoC5/CAN_Tx_INT.c ****     * Summary:
 326:Generated_Source\PSoC5/CAN_Tx_INT.c ****     *  This function is entry point to Message Lost Interrupt. Clears Message Lost
 327:Generated_Source\PSoC5/CAN_Tx_INT.c ****     *  interrupt flag. Only generated if Message Lost Interrupt enable in Customizer
 328:Generated_Source\PSoC5/CAN_Tx_INT.c ****     *
 329:Generated_Source\PSoC5/CAN_Tx_INT.c ****     * Parameters:
 330:Generated_Source\PSoC5/CAN_Tx_INT.c ****     *  None.
 331:Generated_Source\PSoC5/CAN_Tx_INT.c ****     *
 332:Generated_Source\PSoC5/CAN_Tx_INT.c ****     * Return:
 333:Generated_Source\PSoC5/CAN_Tx_INT.c ****     *  None.
 334:Generated_Source\PSoC5/CAN_Tx_INT.c ****     *
 335:Generated_Source\PSoC5/CAN_Tx_INT.c ****     * Reentrant:
 336:Generated_Source\PSoC5/CAN_Tx_INT.c ****     *  Depends on Customer code.
 337:Generated_Source\PSoC5/CAN_Tx_INT.c ****     *
 338:Generated_Source\PSoC5/CAN_Tx_INT.c ****     *******************************************************************************/
ARM GAS  C:\Users\Reza\AppData\Local\Temp\cckPBuH8.s 			page 8


 339:Generated_Source\PSoC5/CAN_Tx_INT.c ****     void CAN_Tx_MsgLostIsr(void) 
 340:Generated_Source\PSoC5/CAN_Tx_INT.c ****     {
 341:Generated_Source\PSoC5/CAN_Tx_INT.c ****         /* Clear Receive Message Lost flag */
 342:Generated_Source\PSoC5/CAN_Tx_INT.c ****         CAN_Tx_INT_SR_REG.byte[1u] = CAN_Tx_RX_MSG_LOST_MASK;
 343:Generated_Source\PSoC5/CAN_Tx_INT.c **** 
 344:Generated_Source\PSoC5/CAN_Tx_INT.c ****         /* `#START MESSAGE_LOST_ISR` */
 345:Generated_Source\PSoC5/CAN_Tx_INT.c **** 
 346:Generated_Source\PSoC5/CAN_Tx_INT.c ****         /* `#END` */
 347:Generated_Source\PSoC5/CAN_Tx_INT.c **** 
 348:Generated_Source\PSoC5/CAN_Tx_INT.c ****         #ifdef CAN_Tx_MSG_LOST_ISR_CALLBACK
 349:Generated_Source\PSoC5/CAN_Tx_INT.c ****             CAN_Tx_MsgLostIsr_Callback();
 350:Generated_Source\PSoC5/CAN_Tx_INT.c ****         #endif /* CAN_Tx_MSG_LOST_ISR_CALLBACK */
 351:Generated_Source\PSoC5/CAN_Tx_INT.c ****     }
 352:Generated_Source\PSoC5/CAN_Tx_INT.c **** #endif /* CAN_Tx_RX_MSG_LOST */
 353:Generated_Source\PSoC5/CAN_Tx_INT.c **** 
 354:Generated_Source\PSoC5/CAN_Tx_INT.c **** 
 355:Generated_Source\PSoC5/CAN_Tx_INT.c **** #if (CAN_Tx_TX_MESSAGE)
 356:Generated_Source\PSoC5/CAN_Tx_INT.c ****     /*******************************************************************************
 357:Generated_Source\PSoC5/CAN_Tx_INT.c ****     * FUNCTION NAME:   CAN_Tx_MsgTXIsr
 358:Generated_Source\PSoC5/CAN_Tx_INT.c ****     ********************************************************************************
 359:Generated_Source\PSoC5/CAN_Tx_INT.c ****     *
 360:Generated_Source\PSoC5/CAN_Tx_INT.c ****     * Summary:
 361:Generated_Source\PSoC5/CAN_Tx_INT.c ****     *  This function is entry point to Transmit Message Interrupt. Clears Transmit
 362:Generated_Source\PSoC5/CAN_Tx_INT.c ****     *  Message interrupt flag. Only generated if Transmit Message Interrupt enable
 363:Generated_Source\PSoC5/CAN_Tx_INT.c ****     *  in Customizer.
 364:Generated_Source\PSoC5/CAN_Tx_INT.c ****     *
 365:Generated_Source\PSoC5/CAN_Tx_INT.c ****     * Parameters:
 366:Generated_Source\PSoC5/CAN_Tx_INT.c ****     *  None.
 367:Generated_Source\PSoC5/CAN_Tx_INT.c ****     *
 368:Generated_Source\PSoC5/CAN_Tx_INT.c ****     * Return:
 369:Generated_Source\PSoC5/CAN_Tx_INT.c ****     *  None.
 370:Generated_Source\PSoC5/CAN_Tx_INT.c ****     *
 371:Generated_Source\PSoC5/CAN_Tx_INT.c ****     * Reentrant:
 372:Generated_Source\PSoC5/CAN_Tx_INT.c ****     *  Depends on Customer code.
 373:Generated_Source\PSoC5/CAN_Tx_INT.c ****     *
 374:Generated_Source\PSoC5/CAN_Tx_INT.c ****     *******************************************************************************/
 375:Generated_Source\PSoC5/CAN_Tx_INT.c ****     void CAN_Tx_MsgTXIsr(void) 
 376:Generated_Source\PSoC5/CAN_Tx_INT.c ****     {
  62              		.loc 1 376 0
  63              		.cfi_startproc
  64              		@ args = 0, pretend = 0, frame = 0
  65              		@ frame_needed = 0, uses_anonymous_args = 0
  66              		@ link register save eliminated.
 377:Generated_Source\PSoC5/CAN_Tx_INT.c ****         /* Clear Transmit Message flag */
 378:Generated_Source\PSoC5/CAN_Tx_INT.c ****         CAN_Tx_INT_SR_REG.byte[1u] = CAN_Tx_TX_MESSAGE_MASK;
  67              		.loc 1 378 0
  68 0000 0822     		movs	r2, #8
  69 0002 014B     		ldr	r3, .L6
  70 0004 5A70     		strb	r2, [r3, #1]
  71 0006 7047     		bx	lr
  72              	.L7:
  73              		.align	2
  74              	.L6:
  75 0008 00A00040 		.word	1073782784
  76              		.cfi_endproc
  77              	.LFE69:
  78              		.size	CAN_Tx_MsgTXIsr, .-CAN_Tx_MsgTXIsr
ARM GAS  C:\Users\Reza\AppData\Local\Temp\cckPBuH8.s 			page 9


  79              		.section	.text.CAN_Tx_MsgRXIsr,"ax",%progbits
  80              		.align	2
  81              		.global	CAN_Tx_MsgRXIsr
  82              		.thumb
  83              		.thumb_func
  84              		.type	CAN_Tx_MsgRXIsr, %function
  85              	CAN_Tx_MsgRXIsr:
  86              	.LFB70:
 379:Generated_Source\PSoC5/CAN_Tx_INT.c **** 
 380:Generated_Source\PSoC5/CAN_Tx_INT.c ****         /* `#START MESSAGE_TRANSMITTED_ISR` */
 381:Generated_Source\PSoC5/CAN_Tx_INT.c **** 
 382:Generated_Source\PSoC5/CAN_Tx_INT.c ****         /* `#END` */
 383:Generated_Source\PSoC5/CAN_Tx_INT.c **** 
 384:Generated_Source\PSoC5/CAN_Tx_INT.c ****         #ifdef CAN_Tx_MSG_TX_ISR_CALLBACK
 385:Generated_Source\PSoC5/CAN_Tx_INT.c ****             CAN_Tx_MsgTXIsr_Callback();
 386:Generated_Source\PSoC5/CAN_Tx_INT.c ****         #endif /* CAN_Tx_MSG_TX_ISR_CALLBACK */
 387:Generated_Source\PSoC5/CAN_Tx_INT.c ****     }
 388:Generated_Source\PSoC5/CAN_Tx_INT.c **** #endif /* CAN_Tx_TX_MESSAGE */
 389:Generated_Source\PSoC5/CAN_Tx_INT.c **** 
 390:Generated_Source\PSoC5/CAN_Tx_INT.c **** 
 391:Generated_Source\PSoC5/CAN_Tx_INT.c **** #if (CAN_Tx_RX_MESSAGE)
 392:Generated_Source\PSoC5/CAN_Tx_INT.c ****     /*******************************************************************************
 393:Generated_Source\PSoC5/CAN_Tx_INT.c ****     * FUNCTION NAME:   CAN_Tx_MsgRXIsr
 394:Generated_Source\PSoC5/CAN_Tx_INT.c ****     ********************************************************************************
 395:Generated_Source\PSoC5/CAN_Tx_INT.c ****     *
 396:Generated_Source\PSoC5/CAN_Tx_INT.c ****     * Summary:
 397:Generated_Source\PSoC5/CAN_Tx_INT.c ****     *  This function is entry point to Receive Message Interrupt. Clears Receive
 398:Generated_Source\PSoC5/CAN_Tx_INT.c ****     *  Message interrupt flag and call appropriate handlers for Basic and Full
 399:Generated_Source\PSoC5/CAN_Tx_INT.c ****     *  interrupt based mailboxes. Only generated if Receive Message Interrupt
 400:Generated_Source\PSoC5/CAN_Tx_INT.c ****     *  enable in Customizer. Recommended setting to enable this interrupt.
 401:Generated_Source\PSoC5/CAN_Tx_INT.c ****     *
 402:Generated_Source\PSoC5/CAN_Tx_INT.c ****     * Parameters:
 403:Generated_Source\PSoC5/CAN_Tx_INT.c ****     *  None.
 404:Generated_Source\PSoC5/CAN_Tx_INT.c ****     *
 405:Generated_Source\PSoC5/CAN_Tx_INT.c ****     * Return:
 406:Generated_Source\PSoC5/CAN_Tx_INT.c ****     *  None.
 407:Generated_Source\PSoC5/CAN_Tx_INT.c ****     *
 408:Generated_Source\PSoC5/CAN_Tx_INT.c ****     *******************************************************************************/
 409:Generated_Source\PSoC5/CAN_Tx_INT.c ****     void CAN_Tx_MsgRXIsr(void) 
 410:Generated_Source\PSoC5/CAN_Tx_INT.c ****     {
  87              		.loc 1 410 0
  88              		.cfi_startproc
  89              		@ args = 0, pretend = 0, frame = 0
  90              		@ frame_needed = 0, uses_anonymous_args = 0
  91 0000 38B5     		push	{r3, r4, r5, lr}
  92              		.cfi_def_cfa_offset 16
  93              		.cfi_offset 3, -16
  94              		.cfi_offset 4, -12
  95              		.cfi_offset 5, -8
  96              		.cfi_offset 14, -4
  97              	.LVL2:
 411:Generated_Source\PSoC5/CAN_Tx_INT.c ****         uint8 mailboxNumber;
 412:Generated_Source\PSoC5/CAN_Tx_INT.c ****         uint16 shift = 0x01u;
 413:Generated_Source\PSoC5/CAN_Tx_INT.c **** 
 414:Generated_Source\PSoC5/CAN_Tx_INT.c ****         /* Clear Receive Message flag */
 415:Generated_Source\PSoC5/CAN_Tx_INT.c ****         CAN_Tx_INT_SR_REG.byte[1u] = CAN_Tx_RX_MESSAGE_MASK;
  98              		.loc 1 415 0
ARM GAS  C:\Users\Reza\AppData\Local\Temp\cckPBuH8.s 			page 10


  99 0002 1022     		movs	r2, #16
 100 0004 124B     		ldr	r3, .L16
 101 0006 5A70     		strb	r2, [r3, #1]
 102              	.LVL3:
 412:Generated_Source\PSoC5/CAN_Tx_INT.c **** 
 103              		.loc 1 412 0
 104 0008 0125     		movs	r5, #1
 416:Generated_Source\PSoC5/CAN_Tx_INT.c **** 
 417:Generated_Source\PSoC5/CAN_Tx_INT.c ****         /* `#START MESSAGE_RECEIVE_ISR` */
 418:Generated_Source\PSoC5/CAN_Tx_INT.c **** 
 419:Generated_Source\PSoC5/CAN_Tx_INT.c ****         /* `#END` */
 420:Generated_Source\PSoC5/CAN_Tx_INT.c **** 
 421:Generated_Source\PSoC5/CAN_Tx_INT.c ****         #ifdef CAN_Tx_MSG_RX_ISR_CALLBACK
 422:Generated_Source\PSoC5/CAN_Tx_INT.c ****             CAN_Tx_MsgRXIsr_Callback();
 423:Generated_Source\PSoC5/CAN_Tx_INT.c ****         #endif /* CAN_Tx_MSG_RX_ISR_CALLBACK */
 424:Generated_Source\PSoC5/CAN_Tx_INT.c **** 
 425:Generated_Source\PSoC5/CAN_Tx_INT.c ****         for (mailboxNumber = 0u; mailboxNumber < CAN_Tx_NUMBER_OF_RX_MAILBOXES; mailboxNumber++)
 105              		.loc 1 425 0
 106 000a 0024     		movs	r4, #0
 107 000c 1DE0     		b	.L9
 108              	.LVL4:
 109              	.L14:
 426:Generated_Source\PSoC5/CAN_Tx_INT.c ****         {
 427:Generated_Source\PSoC5/CAN_Tx_INT.c ****             if ((CY_GET_REG16((reg16 *) &CAN_Tx_BUF_SR_REG.byte[0u]) & shift) != 0u)
 110              		.loc 1 427 0
 111 000e 114B     		ldr	r3, .L16+4
 112 0010 1B88     		ldrh	r3, [r3]
 113 0012 1D42     		tst	r5, r3
 114 0014 15D0     		beq	.L10
 428:Generated_Source\PSoC5/CAN_Tx_INT.c ****             {
 429:Generated_Source\PSoC5/CAN_Tx_INT.c ****                 if ((CAN_Tx_RX[mailboxNumber].rxcmd.byte[0u] & CAN_Tx_RX_INT_ENABLE_MASK) != 0u)
 115              		.loc 1 429 0
 116 0016 6301     		lsls	r3, r4, #5
 117 0018 0F4A     		ldr	r2, .L16+8
 118 001a 9B5C     		ldrb	r3, [r3, r2]	@ zero_extendqisi2
 119 001c 13F0200F 		tst	r3, #32
 120 0020 0FD0     		beq	.L10
 430:Generated_Source\PSoC5/CAN_Tx_INT.c ****                 {
 431:Generated_Source\PSoC5/CAN_Tx_INT.c ****                     if ((CAN_Tx_RX_MAILBOX_TYPE & shift) != 0u)
 121              		.loc 1 431 0
 122 0022 15F0030F 		tst	r5, #3
 123 0026 09D0     		beq	.L11
 432:Generated_Source\PSoC5/CAN_Tx_INT.c ****                     {
 433:Generated_Source\PSoC5/CAN_Tx_INT.c ****                         /* RX Full mailboxes handler */
 434:Generated_Source\PSoC5/CAN_Tx_INT.c ****                         switch(mailboxNumber)
 124              		.loc 1 434 0
 125 0028 14B1     		cbz	r4, .L12
 126 002a 012C     		cmp	r4, #1
 127 002c 03D0     		beq	.L13
 128 002e 08E0     		b	.L10
 129              	.L12:
 435:Generated_Source\PSoC5/CAN_Tx_INT.c ****                         {
 436:Generated_Source\PSoC5/CAN_Tx_INT.c ****                             case 0u : CAN_Tx_ReceiveMsg0();
 130              		.loc 1 436 0
 131 0030 FFF7FEFF 		bl	CAN_Tx_ReceiveMsg0
 132              	.LVL5:
 437:Generated_Source\PSoC5/CAN_Tx_INT.c ****                             break;
ARM GAS  C:\Users\Reza\AppData\Local\Temp\cckPBuH8.s 			page 11


 133              		.loc 1 437 0
 134 0034 05E0     		b	.L10
 135              	.L13:
 438:Generated_Source\PSoC5/CAN_Tx_INT.c ****                             case 1u : CAN_Tx_ReceiveMsgRx_message();
 136              		.loc 1 438 0
 137 0036 FFF7FEFF 		bl	CAN_Tx_ReceiveMsgRx_message
 138              	.LVL6:
 439:Generated_Source\PSoC5/CAN_Tx_INT.c ****                             break;
 139              		.loc 1 439 0
 140 003a 02E0     		b	.L10
 141              	.L11:
 440:Generated_Source\PSoC5/CAN_Tx_INT.c ****                             default:
 441:Generated_Source\PSoC5/CAN_Tx_INT.c ****                             break;
 442:Generated_Source\PSoC5/CAN_Tx_INT.c ****                         }
 443:Generated_Source\PSoC5/CAN_Tx_INT.c ****                     }
 444:Generated_Source\PSoC5/CAN_Tx_INT.c ****                     else
 445:Generated_Source\PSoC5/CAN_Tx_INT.c ****                     {
 446:Generated_Source\PSoC5/CAN_Tx_INT.c ****                         /* RX Basic mailbox handler */
 447:Generated_Source\PSoC5/CAN_Tx_INT.c ****                         CAN_Tx_ReceiveMsg(mailboxNumber);
 142              		.loc 1 447 0
 143 003c 2046     		mov	r0, r4
 144 003e FFF7FEFF 		bl	CAN_Tx_ReceiveMsg
 145              	.LVL7:
 146              	.L10:
 448:Generated_Source\PSoC5/CAN_Tx_INT.c ****                     }
 449:Generated_Source\PSoC5/CAN_Tx_INT.c ****                 }
 450:Generated_Source\PSoC5/CAN_Tx_INT.c ****             }
 451:Generated_Source\PSoC5/CAN_Tx_INT.c ****             shift <<= 1u;
 147              		.loc 1 451 0 discriminator 2
 148 0042 6D00     		lsls	r5, r5, #1
 149              	.LVL8:
 150 0044 ADB2     		uxth	r5, r5
 151              	.LVL9:
 425:Generated_Source\PSoC5/CAN_Tx_INT.c ****         {
 152              		.loc 1 425 0 discriminator 2
 153 0046 0134     		adds	r4, r4, #1
 154              	.LVL10:
 155 0048 E4B2     		uxtb	r4, r4
 156              	.LVL11:
 157              	.L9:
 425:Generated_Source\PSoC5/CAN_Tx_INT.c ****         {
 158              		.loc 1 425 0 is_stmt 0 discriminator 1
 159 004a 0F2C     		cmp	r4, #15
 160 004c DFD9     		bls	.L14
 452:Generated_Source\PSoC5/CAN_Tx_INT.c ****         }
 453:Generated_Source\PSoC5/CAN_Tx_INT.c ****     }
 161              		.loc 1 453 0 is_stmt 1
 162 004e 38BD     		pop	{r3, r4, r5, pc}
 163              	.LVL12:
 164              	.L17:
 165              		.align	2
 166              	.L16:
 167 0050 00A00040 		.word	1073782784
 168 0054 08A00040 		.word	1073782792
 169 0058 A0A00040 		.word	1073782944
 170              		.cfi_endproc
 171              	.LFE70:
ARM GAS  C:\Users\Reza\AppData\Local\Temp\cckPBuH8.s 			page 12


 172              		.size	CAN_Tx_MsgRXIsr, .-CAN_Tx_MsgRXIsr
 173              		.section	.text.CAN_Tx_ISR,"ax",%progbits
 174              		.align	2
 175              		.global	CAN_Tx_ISR
 176              		.thumb
 177              		.thumb_func
 178              		.type	CAN_Tx_ISR, %function
 179              	CAN_Tx_ISR:
 180              	.LFB71:
 454:Generated_Source\PSoC5/CAN_Tx_INT.c **** #endif /* CAN_Tx_RX_MESSAGE */
 455:Generated_Source\PSoC5/CAN_Tx_INT.c **** 
 456:Generated_Source\PSoC5/CAN_Tx_INT.c **** 
 457:Generated_Source\PSoC5/CAN_Tx_INT.c **** /*******************************************************************************
 458:Generated_Source\PSoC5/CAN_Tx_INT.c **** * Function Name: CAN_Tx_ISR
 459:Generated_Source\PSoC5/CAN_Tx_INT.c **** ********************************************************************************
 460:Generated_Source\PSoC5/CAN_Tx_INT.c **** *
 461:Generated_Source\PSoC5/CAN_Tx_INT.c **** * Summary:
 462:Generated_Source\PSoC5/CAN_Tx_INT.c **** *  This ISR is executed when CAN Core generates and interrupt on one of events:
 463:Generated_Source\PSoC5/CAN_Tx_INT.c **** *  Arb_lost, Overload, Bit_err, Stuff_err, Ack_err, Form_err, Crc_err,
 464:Generated_Source\PSoC5/CAN_Tx_INT.c **** *  Buss_off, Rx_msg_lost, Tx_msg or Rx_msg. The interrupt sources depends
 465:Generated_Source\PSoC5/CAN_Tx_INT.c **** *  on the Customizer inputs.
 466:Generated_Source\PSoC5/CAN_Tx_INT.c **** *
 467:Generated_Source\PSoC5/CAN_Tx_INT.c **** * Parameters:
 468:Generated_Source\PSoC5/CAN_Tx_INT.c **** *  None.
 469:Generated_Source\PSoC5/CAN_Tx_INT.c **** *
 470:Generated_Source\PSoC5/CAN_Tx_INT.c **** * Return:
 471:Generated_Source\PSoC5/CAN_Tx_INT.c **** *  None.
 472:Generated_Source\PSoC5/CAN_Tx_INT.c **** *
 473:Generated_Source\PSoC5/CAN_Tx_INT.c **** *******************************************************************************/
 474:Generated_Source\PSoC5/CAN_Tx_INT.c **** CY_ISR(CAN_Tx_ISR)
 475:Generated_Source\PSoC5/CAN_Tx_INT.c **** {
 181              		.loc 1 475 0
 182              		.cfi_startproc
 183              		@ args = 0, pretend = 0, frame = 0
 184              		@ frame_needed = 0, uses_anonymous_args = 0
 185 0000 08B5     		push	{r3, lr}
 186              		.cfi_def_cfa_offset 8
 187              		.cfi_offset 3, -8
 188              		.cfi_offset 14, -4
 476:Generated_Source\PSoC5/CAN_Tx_INT.c ****     #ifdef CAN_Tx_ISR_INTERRUPT_CALLBACK
 477:Generated_Source\PSoC5/CAN_Tx_INT.c ****         CAN_Tx_ISR_InterruptCallback();
 478:Generated_Source\PSoC5/CAN_Tx_INT.c ****     #endif /* CAN_Tx_ISR_INTERRUPT_CALLBACK */
 479:Generated_Source\PSoC5/CAN_Tx_INT.c ****     
 480:Generated_Source\PSoC5/CAN_Tx_INT.c ****     /* Place your Interrupt code here. */
 481:Generated_Source\PSoC5/CAN_Tx_INT.c ****     /* `#START CAN_ISR` */
 482:Generated_Source\PSoC5/CAN_Tx_INT.c ****     
 483:Generated_Source\PSoC5/CAN_Tx_INT.c **** 
 484:Generated_Source\PSoC5/CAN_Tx_INT.c ****     /* `#END` */
 485:Generated_Source\PSoC5/CAN_Tx_INT.c ****     
 486:Generated_Source\PSoC5/CAN_Tx_INT.c ****     /* Arbitration */
 487:Generated_Source\PSoC5/CAN_Tx_INT.c ****     #if (CAN_Tx_ARB_LOST && (CAN_Tx_ARB_LOST_USE_HELPER || \
 488:Generated_Source\PSoC5/CAN_Tx_INT.c ****         (!CAN_Tx_ADVANCED_INTERRUPT_CFG)))
 489:Generated_Source\PSoC5/CAN_Tx_INT.c ****         if ((CAN_Tx_INT_SR_REG.byte[0u] & CAN_Tx_ARBITRATION_LOST_MASK) != 0u)
 490:Generated_Source\PSoC5/CAN_Tx_INT.c ****         {
 491:Generated_Source\PSoC5/CAN_Tx_INT.c ****             CAN_Tx_ArbLostIsr();
 492:Generated_Source\PSoC5/CAN_Tx_INT.c ****         }
 493:Generated_Source\PSoC5/CAN_Tx_INT.c ****     #endif /* CAN_Tx_ARB_LOST && CAN_Tx_ARB_LOST_USE_HELPER */
ARM GAS  C:\Users\Reza\AppData\Local\Temp\cckPBuH8.s 			page 13


 494:Generated_Source\PSoC5/CAN_Tx_INT.c **** 
 495:Generated_Source\PSoC5/CAN_Tx_INT.c ****     /* Overload Error */
 496:Generated_Source\PSoC5/CAN_Tx_INT.c ****     #if (CAN_Tx_OVERLOAD && (CAN_Tx_OVERLOAD_USE_HELPER || \
 497:Generated_Source\PSoC5/CAN_Tx_INT.c ****         (!CAN_Tx_ADVANCED_INTERRUPT_CFG)))
 498:Generated_Source\PSoC5/CAN_Tx_INT.c ****         if ((CAN_Tx_INT_SR_REG.byte[0u] & CAN_Tx_OVERLOAD_ERROR_MASK) != 0u)
 499:Generated_Source\PSoC5/CAN_Tx_INT.c ****         {
 500:Generated_Source\PSoC5/CAN_Tx_INT.c ****             CAN_Tx_OvrLdErrorIsr();
 501:Generated_Source\PSoC5/CAN_Tx_INT.c ****         }
 502:Generated_Source\PSoC5/CAN_Tx_INT.c ****     #endif /* CAN_Tx_OVERLOAD && CAN_Tx_OVERLOAD_USE_HELPER */
 503:Generated_Source\PSoC5/CAN_Tx_INT.c **** 
 504:Generated_Source\PSoC5/CAN_Tx_INT.c ****     /* Bit Error */
 505:Generated_Source\PSoC5/CAN_Tx_INT.c ****     #if (CAN_Tx_BIT_ERR && (CAN_Tx_BIT_ERR_USE_HELPER || \
 506:Generated_Source\PSoC5/CAN_Tx_INT.c ****         (!CAN_Tx_ADVANCED_INTERRUPT_CFG)))
 507:Generated_Source\PSoC5/CAN_Tx_INT.c ****         if ((CAN_Tx_INT_SR_REG.byte[0u] & CAN_Tx_BIT_ERROR_MASK) != 0u)
 508:Generated_Source\PSoC5/CAN_Tx_INT.c ****         {
 509:Generated_Source\PSoC5/CAN_Tx_INT.c ****             CAN_Tx_BitErrorIsr();
 510:Generated_Source\PSoC5/CAN_Tx_INT.c ****         }
 511:Generated_Source\PSoC5/CAN_Tx_INT.c ****     #endif /* CAN_Tx_BIT_ERR && CAN_Tx_BIT_ERR_USE_HELPER */
 512:Generated_Source\PSoC5/CAN_Tx_INT.c **** 
 513:Generated_Source\PSoC5/CAN_Tx_INT.c ****     /* Bit Staff Error */
 514:Generated_Source\PSoC5/CAN_Tx_INT.c ****     #if (CAN_Tx_STUFF_ERR && (CAN_Tx_STUFF_ERR_USE_HELPER || \
 515:Generated_Source\PSoC5/CAN_Tx_INT.c ****         (!CAN_Tx_ADVANCED_INTERRUPT_CFG)))
 516:Generated_Source\PSoC5/CAN_Tx_INT.c ****         if ((CAN_Tx_INT_SR_REG.byte[0u] & CAN_Tx_STUFF_ERROR_MASK) != 0u)
 517:Generated_Source\PSoC5/CAN_Tx_INT.c ****         {
 518:Generated_Source\PSoC5/CAN_Tx_INT.c ****             CAN_Tx_BitStuffErrorIsr();
 519:Generated_Source\PSoC5/CAN_Tx_INT.c ****         }
 520:Generated_Source\PSoC5/CAN_Tx_INT.c ****     #endif /* CAN_Tx_STUFF_ERR && CAN_Tx_STUFF_ERR_USE_HELPER */
 521:Generated_Source\PSoC5/CAN_Tx_INT.c **** 
 522:Generated_Source\PSoC5/CAN_Tx_INT.c ****     /* ACK Error */
 523:Generated_Source\PSoC5/CAN_Tx_INT.c ****     #if (CAN_Tx_ACK_ERR && (CAN_Tx_ACK_ERR_USE_HELPER || \
 524:Generated_Source\PSoC5/CAN_Tx_INT.c ****         (!CAN_Tx_ADVANCED_INTERRUPT_CFG)))
 525:Generated_Source\PSoC5/CAN_Tx_INT.c ****         if ((CAN_Tx_INT_SR_REG.byte[0u] & CAN_Tx_ACK_ERROR_MASK) != 0u)
 526:Generated_Source\PSoC5/CAN_Tx_INT.c ****         {
 527:Generated_Source\PSoC5/CAN_Tx_INT.c ****             CAN_Tx_AckErrorIsr();
 528:Generated_Source\PSoC5/CAN_Tx_INT.c ****         }
 529:Generated_Source\PSoC5/CAN_Tx_INT.c ****     #endif /* CAN_Tx_ACK_ERR && CAN_Tx_ACK_ERR_USE_HELPER */
 530:Generated_Source\PSoC5/CAN_Tx_INT.c **** 
 531:Generated_Source\PSoC5/CAN_Tx_INT.c ****     /* Form(msg) Error */
 532:Generated_Source\PSoC5/CAN_Tx_INT.c ****     #if (CAN_Tx_FORM_ERR && (CAN_Tx_FORM_ERR_USE_HELPER || \
 533:Generated_Source\PSoC5/CAN_Tx_INT.c ****         (!CAN_Tx_ADVANCED_INTERRUPT_CFG)))
 534:Generated_Source\PSoC5/CAN_Tx_INT.c ****         if ((CAN_Tx_INT_SR_REG.byte[0u] & CAN_Tx_FORM_ERROR_MASK) != 0u)
 535:Generated_Source\PSoC5/CAN_Tx_INT.c ****         {
 536:Generated_Source\PSoC5/CAN_Tx_INT.c ****             CAN_Tx_MsgErrorIsr();
 537:Generated_Source\PSoC5/CAN_Tx_INT.c ****         }
 538:Generated_Source\PSoC5/CAN_Tx_INT.c ****     #endif /* CAN_Tx_FORM_ERR && CAN_Tx_FORM_ERR_USE_HELPER */
 539:Generated_Source\PSoC5/CAN_Tx_INT.c **** 
 540:Generated_Source\PSoC5/CAN_Tx_INT.c ****     /* CRC Error */
 541:Generated_Source\PSoC5/CAN_Tx_INT.c ****     #if (CAN_Tx_CRC_ERR && (CAN_Tx_CRC_ERR_USE_HELPER || \
 542:Generated_Source\PSoC5/CAN_Tx_INT.c ****         (!CAN_Tx_ADVANCED_INTERRUPT_CFG)))
 543:Generated_Source\PSoC5/CAN_Tx_INT.c ****         if ((CAN_Tx_INT_SR_REG.byte[1u] & CAN_Tx_CRC_ERROR_MASK) != 0u)
 544:Generated_Source\PSoC5/CAN_Tx_INT.c ****         {
 545:Generated_Source\PSoC5/CAN_Tx_INT.c ****             CAN_Tx_CrcErrorIsr();
 546:Generated_Source\PSoC5/CAN_Tx_INT.c ****         }
 547:Generated_Source\PSoC5/CAN_Tx_INT.c ****     #endif /* CAN_Tx_CRC_ERR && CAN_Tx_CRC_ERR_USE_HELPER */
 548:Generated_Source\PSoC5/CAN_Tx_INT.c **** 
 549:Generated_Source\PSoC5/CAN_Tx_INT.c ****     /* Bus Off state */
 550:Generated_Source\PSoC5/CAN_Tx_INT.c ****     #if (CAN_Tx_BUS_OFF && (CAN_Tx_BUS_OFF_USE_HELPER || \
ARM GAS  C:\Users\Reza\AppData\Local\Temp\cckPBuH8.s 			page 14


 551:Generated_Source\PSoC5/CAN_Tx_INT.c ****         (!CAN_Tx_ADVANCED_INTERRUPT_CFG)))
 552:Generated_Source\PSoC5/CAN_Tx_INT.c ****         if ((CAN_Tx_INT_SR_REG.byte[1u] & CAN_Tx_BUS_OFF_MASK) != 0u)
 189              		.loc 1 552 0
 190 0002 0B4B     		ldr	r3, .L23
 191 0004 5B78     		ldrb	r3, [r3, #1]	@ zero_extendqisi2
 192 0006 13F0020F 		tst	r3, #2
 193 000a 01D0     		beq	.L19
 553:Generated_Source\PSoC5/CAN_Tx_INT.c ****         {
 554:Generated_Source\PSoC5/CAN_Tx_INT.c ****             CAN_Tx_BusOffIsr();
 194              		.loc 1 554 0
 195 000c FFF7FEFF 		bl	CAN_Tx_BusOffIsr
 196              	.LVL13:
 197              	.L19:
 555:Generated_Source\PSoC5/CAN_Tx_INT.c ****         }
 556:Generated_Source\PSoC5/CAN_Tx_INT.c ****     #endif /* CAN_Tx_BUS_OFF && CAN_Tx_BUS_OFF_USE_HELPER */
 557:Generated_Source\PSoC5/CAN_Tx_INT.c **** 
 558:Generated_Source\PSoC5/CAN_Tx_INT.c ****     /* Message Lost */
 559:Generated_Source\PSoC5/CAN_Tx_INT.c ****     #if (CAN_Tx_RX_MSG_LOST && (CAN_Tx_RX_MSG_LOST_USE_HELPER || \
 560:Generated_Source\PSoC5/CAN_Tx_INT.c ****         (!CAN_Tx_ADVANCED_INTERRUPT_CFG)))
 561:Generated_Source\PSoC5/CAN_Tx_INT.c ****         if ((CAN_Tx_INT_SR_REG.byte[1u] & CAN_Tx_RX_MSG_LOST_MASK) != 0u)
 562:Generated_Source\PSoC5/CAN_Tx_INT.c ****         {
 563:Generated_Source\PSoC5/CAN_Tx_INT.c ****             CAN_Tx_MsgLostIsr();
 564:Generated_Source\PSoC5/CAN_Tx_INT.c ****         }
 565:Generated_Source\PSoC5/CAN_Tx_INT.c ****     #endif /* CAN_Tx_RX_MSG_LOST && CAN_Tx_RX_MSG_LOST_USE_HELPER */
 566:Generated_Source\PSoC5/CAN_Tx_INT.c **** 
 567:Generated_Source\PSoC5/CAN_Tx_INT.c ****     /* TX Message Send */
 568:Generated_Source\PSoC5/CAN_Tx_INT.c ****     #if (CAN_Tx_TX_MESSAGE && (CAN_Tx_TX_MESSAGE_USE_HELPER || \
 569:Generated_Source\PSoC5/CAN_Tx_INT.c ****         (!CAN_Tx_ADVANCED_INTERRUPT_CFG)))
 570:Generated_Source\PSoC5/CAN_Tx_INT.c ****         if ((CAN_Tx_INT_SR_REG.byte[1u] & CAN_Tx_TX_MESSAGE_MASK) != 0u)
 198              		.loc 1 570 0
 199 0010 074B     		ldr	r3, .L23
 200 0012 5B78     		ldrb	r3, [r3, #1]	@ zero_extendqisi2
 201 0014 13F0080F 		tst	r3, #8
 202 0018 01D0     		beq	.L20
 571:Generated_Source\PSoC5/CAN_Tx_INT.c ****         {
 572:Generated_Source\PSoC5/CAN_Tx_INT.c ****             CAN_Tx_MsgTXIsr();
 203              		.loc 1 572 0
 204 001a FFF7FEFF 		bl	CAN_Tx_MsgTXIsr
 205              	.LVL14:
 206              	.L20:
 573:Generated_Source\PSoC5/CAN_Tx_INT.c ****         }
 574:Generated_Source\PSoC5/CAN_Tx_INT.c ****     #endif /* CAN_Tx_TX_MESSAGE && CAN_Tx_TX_MESSAGE_USE_HELPER */
 575:Generated_Source\PSoC5/CAN_Tx_INT.c **** 
 576:Generated_Source\PSoC5/CAN_Tx_INT.c ****     /* RX Message Available */
 577:Generated_Source\PSoC5/CAN_Tx_INT.c ****     #if (CAN_Tx_RX_MESSAGE && (CAN_Tx_RX_MESSAGE_USE_HELPER || \
 578:Generated_Source\PSoC5/CAN_Tx_INT.c ****         (!CAN_Tx_ADVANCED_INTERRUPT_CFG)))
 579:Generated_Source\PSoC5/CAN_Tx_INT.c ****         if ((CAN_Tx_INT_SR_REG.byte[1u] & CAN_Tx_RX_MESSAGE_MASK) != 0u)
 207              		.loc 1 579 0
 208 001e 044B     		ldr	r3, .L23
 209 0020 5B78     		ldrb	r3, [r3, #1]	@ zero_extendqisi2
 210 0022 13F0100F 		tst	r3, #16
 211 0026 01D0     		beq	.L18
 580:Generated_Source\PSoC5/CAN_Tx_INT.c ****         {
 581:Generated_Source\PSoC5/CAN_Tx_INT.c ****             CAN_Tx_MsgRXIsr();
 212              		.loc 1 581 0
 213 0028 FFF7FEFF 		bl	CAN_Tx_MsgRXIsr
 214              	.LVL15:
ARM GAS  C:\Users\Reza\AppData\Local\Temp\cckPBuH8.s 			page 15


 215              	.L18:
 216 002c 08BD     		pop	{r3, pc}
 217              	.L24:
 218 002e 00BF     		.align	2
 219              	.L23:
 220 0030 00A00040 		.word	1073782784
 221              		.cfi_endproc
 222              	.LFE71:
 223              		.size	CAN_Tx_ISR, .-CAN_Tx_ISR
 224              		.text
 225              	.Letext0:
 226              		.file 2 "c:\\program files (x86)\\cypress\\psoc creator\\4.2\\psoc creator\\import\\gnu\\arm\\5.4.
 227              		.file 3 "c:\\program files (x86)\\cypress\\psoc creator\\4.2\\psoc creator\\import\\gnu\\arm\\5.4.
 228              		.file 4 "Generated_Source\\PSoC5\\cytypes.h"
 229              		.file 5 "Generated_Source\\PSoC5\\CAN_Tx.h"
 230              		.file 6 "Generated_Source\\PSoC5/core_cm3.h"
 231              		.section	.debug_info,"",%progbits
 232              	.Ldebug_info0:
 233 0000 BE020000 		.4byte	0x2be
 234 0004 0400     		.2byte	0x4
 235 0006 00000000 		.4byte	.Ldebug_abbrev0
 236 000a 04       		.byte	0x4
 237 000b 01       		.uleb128 0x1
 238 000c 84000000 		.4byte	.LASF41
 239 0010 0C       		.byte	0xc
 240 0011 D1020000 		.4byte	.LASF42
 241 0015 14020000 		.4byte	.LASF43
 242 0019 00000000 		.4byte	.Ldebug_ranges0+0
 243 001d 00000000 		.4byte	0
 244 0021 00000000 		.4byte	.Ldebug_line0
 245 0025 02       		.uleb128 0x2
 246 0026 01       		.byte	0x1
 247 0027 06       		.byte	0x6
 248 0028 6A000000 		.4byte	.LASF0
 249 002c 02       		.uleb128 0x2
 250 002d 01       		.byte	0x1
 251 002e 08       		.byte	0x8
 252 002f 76000000 		.4byte	.LASF1
 253 0033 02       		.uleb128 0x2
 254 0034 02       		.byte	0x2
 255 0035 05       		.byte	0x5
 256 0036 7B020000 		.4byte	.LASF2
 257 003a 02       		.uleb128 0x2
 258 003b 02       		.byte	0x2
 259 003c 07       		.byte	0x7
 260 003d 41010000 		.4byte	.LASF3
 261 0041 03       		.uleb128 0x3
 262 0042 1F000000 		.4byte	.LASF9
 263 0046 02       		.byte	0x2
 264 0047 3F       		.byte	0x3f
 265 0048 4C000000 		.4byte	0x4c
 266 004c 02       		.uleb128 0x2
 267 004d 04       		.byte	0x4
 268 004e 05       		.byte	0x5
 269 004f 9E020000 		.4byte	.LASF4
 270 0053 02       		.uleb128 0x2
 271 0054 04       		.byte	0x4
ARM GAS  C:\Users\Reza\AppData\Local\Temp\cckPBuH8.s 			page 16


 272 0055 07       		.byte	0x7
 273 0056 17010000 		.4byte	.LASF5
 274 005a 02       		.uleb128 0x2
 275 005b 08       		.byte	0x8
 276 005c 05       		.byte	0x5
 277 005d 01020000 		.4byte	.LASF6
 278 0061 02       		.uleb128 0x2
 279 0062 08       		.byte	0x8
 280 0063 07       		.byte	0x7
 281 0064 CC010000 		.4byte	.LASF7
 282 0068 04       		.uleb128 0x4
 283 0069 04       		.byte	0x4
 284 006a 05       		.byte	0x5
 285 006b 696E7400 		.ascii	"int\000"
 286 006f 02       		.uleb128 0x2
 287 0070 04       		.byte	0x4
 288 0071 07       		.byte	0x7
 289 0072 BF010000 		.4byte	.LASF8
 290 0076 03       		.uleb128 0x3
 291 0077 E9010000 		.4byte	.LASF10
 292 007b 03       		.byte	0x3
 293 007c 2C       		.byte	0x2c
 294 007d 41000000 		.4byte	0x41
 295 0081 05       		.uleb128 0x5
 296 0082 91020000 		.4byte	.LASF11
 297 0086 04       		.byte	0x4
 298 0087 E401     		.2byte	0x1e4
 299 0089 2C000000 		.4byte	0x2c
 300 008d 05       		.uleb128 0x5
 301 008e A2010000 		.4byte	.LASF12
 302 0092 04       		.byte	0x4
 303 0093 E501     		.2byte	0x1e5
 304 0095 3A000000 		.4byte	0x3a
 305 0099 02       		.uleb128 0x2
 306 009a 04       		.byte	0x4
 307 009b 04       		.byte	0x4
 308 009c 64000000 		.4byte	.LASF13
 309 00a0 02       		.uleb128 0x2
 310 00a1 08       		.byte	0x8
 311 00a2 04       		.byte	0x4
 312 00a3 9B010000 		.4byte	.LASF14
 313 00a7 02       		.uleb128 0x2
 314 00a8 01       		.byte	0x1
 315 00a9 08       		.byte	0x8
 316 00aa 0F020000 		.4byte	.LASF15
 317 00ae 05       		.uleb128 0x5
 318 00af 12010000 		.4byte	.LASF16
 319 00b3 04       		.byte	0x4
 320 00b4 8E02     		.2byte	0x28e
 321 00b6 BA000000 		.4byte	0xba
 322 00ba 06       		.uleb128 0x6
 323 00bb 81000000 		.4byte	0x81
 324 00bf 05       		.uleb128 0x5
 325 00c0 8B020000 		.4byte	.LASF17
 326 00c4 04       		.byte	0x4
 327 00c5 8F02     		.2byte	0x28f
 328 00c7 CB000000 		.4byte	0xcb
ARM GAS  C:\Users\Reza\AppData\Local\Temp\cckPBuH8.s 			page 17


 329 00cb 06       		.uleb128 0x6
 330 00cc 8D000000 		.4byte	0x8d
 331 00d0 02       		.uleb128 0x2
 332 00d1 08       		.byte	0x8
 333 00d2 04       		.byte	0x4
 334 00d3 A7020000 		.4byte	.LASF18
 335 00d7 02       		.uleb128 0x2
 336 00d8 04       		.byte	0x4
 337 00d9 07       		.byte	0x7
 338 00da F1010000 		.4byte	.LASF19
 339 00de 07       		.uleb128 0x7
 340 00df 08       		.byte	0x8
 341 00e0 05       		.byte	0x5
 342 00e1 75       		.byte	0x75
 343 00e2 F3000000 		.4byte	0xf3
 344 00e6 08       		.uleb128 0x8
 345 00e7 37000000 		.4byte	.LASF21
 346 00eb 05       		.byte	0x5
 347 00ec 77       		.byte	0x77
 348 00ed 03010000 		.4byte	0x103
 349 00f1 00       		.byte	0
 350 00f2 00       		.byte	0
 351 00f3 09       		.uleb128 0x9
 352 00f4 AE000000 		.4byte	0xae
 353 00f8 03010000 		.4byte	0x103
 354 00fc 0A       		.uleb128 0xa
 355 00fd D7000000 		.4byte	0xd7
 356 0101 07       		.byte	0x7
 357 0102 00       		.byte	0
 358 0103 06       		.uleb128 0x6
 359 0104 F3000000 		.4byte	0xf3
 360 0108 03       		.uleb128 0x3
 361 0109 5E020000 		.4byte	.LASF20
 362 010d 05       		.byte	0x5
 363 010e 78       		.byte	0x78
 364 010f DE000000 		.4byte	0xde
 365 0113 07       		.uleb128 0x7
 366 0114 04       		.byte	0x4
 367 0115 05       		.byte	0x5
 368 0116 7B       		.byte	0x7b
 369 0117 28010000 		.4byte	0x128
 370 011b 08       		.uleb128 0x8
 371 011c 37000000 		.4byte	.LASF21
 372 0120 05       		.byte	0x5
 373 0121 7D       		.byte	0x7d
 374 0122 38010000 		.4byte	0x138
 375 0126 00       		.byte	0
 376 0127 00       		.byte	0
 377 0128 09       		.uleb128 0x9
 378 0129 AE000000 		.4byte	0xae
 379 012d 38010000 		.4byte	0x138
 380 0131 0A       		.uleb128 0xa
 381 0132 D7000000 		.4byte	0xd7
 382 0136 03       		.byte	0x3
 383 0137 00       		.byte	0
 384 0138 06       		.uleb128 0x6
 385 0139 28010000 		.4byte	0x128
ARM GAS  C:\Users\Reza\AppData\Local\Temp\cckPBuH8.s 			page 18


 386 013d 03       		.uleb128 0x3
 387 013e C3020000 		.4byte	.LASF22
 388 0142 05       		.byte	0x5
 389 0143 7E       		.byte	0x7e
 390 0144 13010000 		.4byte	0x113
 391 0148 07       		.uleb128 0x7
 392 0149 20       		.byte	0x20
 393 014a 05       		.byte	0x5
 394 014b A0       		.byte	0xa0
 395 014c A5010000 		.4byte	0x1a5
 396 0150 08       		.uleb128 0x8
 397 0151 E3010000 		.4byte	.LASF23
 398 0155 05       		.byte	0x5
 399 0156 A2       		.byte	0xa2
 400 0157 3D010000 		.4byte	0x13d
 401 015b 00       		.byte	0
 402 015c 08       		.uleb128 0x8
 403 015d A9010000 		.4byte	.LASF24
 404 0161 05       		.byte	0x5
 405 0162 A3       		.byte	0xa3
 406 0163 3D010000 		.4byte	0x13d
 407 0167 04       		.byte	0x4
 408 0168 08       		.uleb128 0x8
 409 0169 65010000 		.4byte	.LASF25
 410 016d 05       		.byte	0x5
 411 016e A4       		.byte	0xa4
 412 016f 08010000 		.4byte	0x108
 413 0173 08       		.byte	0x8
 414 0174 08       		.uleb128 0x8
 415 0175 19000000 		.4byte	.LASF26
 416 0179 05       		.byte	0x5
 417 017a A5       		.byte	0xa5
 418 017b 3D010000 		.4byte	0x13d
 419 017f 10       		.byte	0x10
 420 0180 08       		.uleb128 0x8
 421 0181 85020000 		.4byte	.LASF27
 422 0185 05       		.byte	0x5
 423 0186 A6       		.byte	0xa6
 424 0187 3D010000 		.4byte	0x13d
 425 018b 14       		.byte	0x14
 426 018c 08       		.uleb128 0x8
 427 018d FA010000 		.4byte	.LASF28
 428 0191 05       		.byte	0x5
 429 0192 A7       		.byte	0xa7
 430 0193 3D010000 		.4byte	0x13d
 431 0197 18       		.byte	0x18
 432 0198 08       		.uleb128 0x8
 433 0199 97020000 		.4byte	.LASF29
 434 019d 05       		.byte	0x5
 435 019e A8       		.byte	0xa8
 436 019f 3D010000 		.4byte	0x13d
 437 01a3 1C       		.byte	0x1c
 438 01a4 00       		.byte	0
 439 01a5 03       		.uleb128 0x3
 440 01a6 AE010000 		.4byte	.LASF30
 441 01aa 05       		.byte	0x5
 442 01ab A9       		.byte	0xa9
ARM GAS  C:\Users\Reza\AppData\Local\Temp\cckPBuH8.s 			page 19


 443 01ac 48010000 		.4byte	0x148
 444 01b0 0B       		.uleb128 0xb
 445 01b1 54010000 		.4byte	.LASF31
 446 01b5 01       		.byte	0x1
 447 01b6 2D01     		.2byte	0x12d
 448 01b8 00000000 		.4byte	.LFB68
 449 01bc 18000000 		.4byte	.LFE68-.LFB68
 450 01c0 01       		.uleb128 0x1
 451 01c1 9C       		.byte	0x9c
 452 01c2 D9010000 		.4byte	0x1d9
 453 01c6 0C       		.uleb128 0xc
 454 01c7 0C000000 		.4byte	.LVL0
 455 01cb 87020000 		.4byte	0x287
 456 01cf 0C       		.uleb128 0xc
 457 01d0 10000000 		.4byte	.LVL1
 458 01d4 92020000 		.4byte	0x292
 459 01d8 00       		.byte	0
 460 01d9 0D       		.uleb128 0xd
 461 01da B3020000 		.4byte	.LASF44
 462 01de 01       		.byte	0x1
 463 01df 7701     		.2byte	0x177
 464 01e1 00000000 		.4byte	.LFB69
 465 01e5 0C000000 		.4byte	.LFE69-.LFB69
 466 01e9 01       		.uleb128 0x1
 467 01ea 9C       		.byte	0x9c
 468 01eb 0B       		.uleb128 0xb
 469 01ec 8B010000 		.4byte	.LASF32
 470 01f0 01       		.byte	0x1
 471 01f1 9901     		.2byte	0x199
 472 01f3 00000000 		.4byte	.LFB70
 473 01f7 5C000000 		.4byte	.LFE70-.LFB70
 474 01fb 01       		.uleb128 0x1
 475 01fc 9C       		.byte	0x9c
 476 01fd 44020000 		.4byte	0x244
 477 0201 0E       		.uleb128 0xe
 478 0202 29000000 		.4byte	.LASF33
 479 0206 01       		.byte	0x1
 480 0207 9B01     		.2byte	0x19b
 481 0209 81000000 		.4byte	0x81
 482 020d 00000000 		.4byte	.LLST0
 483 0211 0E       		.uleb128 0xe
 484 0212 13000000 		.4byte	.LASF34
 485 0216 01       		.byte	0x1
 486 0217 9C01     		.2byte	0x19c
 487 0219 8D000000 		.4byte	0x8d
 488 021d 2A000000 		.4byte	.LLST1
 489 0221 0C       		.uleb128 0xc
 490 0222 34000000 		.4byte	.LVL5
 491 0226 9D020000 		.4byte	0x29d
 492 022a 0C       		.uleb128 0xc
 493 022b 3A000000 		.4byte	.LVL6
 494 022f A9020000 		.4byte	0x2a9
 495 0233 0F       		.uleb128 0xf
 496 0234 42000000 		.4byte	.LVL7
 497 0238 B5020000 		.4byte	0x2b5
 498 023c 10       		.uleb128 0x10
 499 023d 01       		.uleb128 0x1
ARM GAS  C:\Users\Reza\AppData\Local\Temp\cckPBuH8.s 			page 20


 500 023e 50       		.byte	0x50
 501 023f 02       		.uleb128 0x2
 502 0240 74       		.byte	0x74
 503 0241 00       		.sleb128 0
 504 0242 00       		.byte	0
 505 0243 00       		.byte	0
 506 0244 0B       		.uleb128 0xb
 507 0245 70020000 		.4byte	.LASF35
 508 0249 01       		.byte	0x1
 509 024a DA01     		.2byte	0x1da
 510 024c 00000000 		.4byte	.LFB71
 511 0250 34000000 		.4byte	.LFE71-.LFB71
 512 0254 01       		.uleb128 0x1
 513 0255 9C       		.byte	0x9c
 514 0256 76020000 		.4byte	0x276
 515 025a 0C       		.uleb128 0xc
 516 025b 10000000 		.4byte	.LVL13
 517 025f B0010000 		.4byte	0x1b0
 518 0263 0C       		.uleb128 0xc
 519 0264 1E000000 		.4byte	.LVL14
 520 0268 D9010000 		.4byte	0x1d9
 521 026c 0C       		.uleb128 0xc
 522 026d 2C000000 		.4byte	.LVL15
 523 0271 EB010000 		.4byte	0x1eb
 524 0275 00       		.byte	0
 525 0276 11       		.uleb128 0x11
 526 0277 7E010000 		.4byte	.LASF45
 527 027b 06       		.byte	0x6
 528 027c 1207     		.2byte	0x712
 529 027e 82020000 		.4byte	0x282
 530 0282 06       		.uleb128 0x6
 531 0283 76000000 		.4byte	0x76
 532 0287 12       		.uleb128 0x12
 533 0288 29010000 		.4byte	.LASF36
 534 028c 29010000 		.4byte	.LASF36
 535 0290 05       		.byte	0x5
 536 0291 C9       		.byte	0xc9
 537 0292 12       		.uleb128 0x12
 538 0293 3C000000 		.4byte	.LASF37
 539 0297 3C000000 		.4byte	.LASF37
 540 029b 05       		.byte	0x5
 541 029c C6       		.byte	0xc6
 542 029d 13       		.uleb128 0x13
 543 029e 00000000 		.4byte	.LASF38
 544 02a2 00000000 		.4byte	.LASF38
 545 02a6 05       		.byte	0x5
 546 02a7 3501     		.2byte	0x135
 547 02a9 13       		.uleb128 0x13
 548 02aa 48000000 		.4byte	.LASF39
 549 02ae 48000000 		.4byte	.LASF39
 550 02b2 05       		.byte	0x5
 551 02b3 3801     		.2byte	0x138
 552 02b5 13       		.uleb128 0x13
 553 02b6 6C010000 		.4byte	.LASF40
 554 02ba 6C010000 		.4byte	.LASF40
 555 02be 05       		.byte	0x5
 556 02bf 1A01     		.2byte	0x11a
ARM GAS  C:\Users\Reza\AppData\Local\Temp\cckPBuH8.s 			page 21


 557 02c1 00       		.byte	0
 558              		.section	.debug_abbrev,"",%progbits
 559              	.Ldebug_abbrev0:
 560 0000 01       		.uleb128 0x1
 561 0001 11       		.uleb128 0x11
 562 0002 01       		.byte	0x1
 563 0003 25       		.uleb128 0x25
 564 0004 0E       		.uleb128 0xe
 565 0005 13       		.uleb128 0x13
 566 0006 0B       		.uleb128 0xb
 567 0007 03       		.uleb128 0x3
 568 0008 0E       		.uleb128 0xe
 569 0009 1B       		.uleb128 0x1b
 570 000a 0E       		.uleb128 0xe
 571 000b 55       		.uleb128 0x55
 572 000c 17       		.uleb128 0x17
 573 000d 11       		.uleb128 0x11
 574 000e 01       		.uleb128 0x1
 575 000f 10       		.uleb128 0x10
 576 0010 17       		.uleb128 0x17
 577 0011 00       		.byte	0
 578 0012 00       		.byte	0
 579 0013 02       		.uleb128 0x2
 580 0014 24       		.uleb128 0x24
 581 0015 00       		.byte	0
 582 0016 0B       		.uleb128 0xb
 583 0017 0B       		.uleb128 0xb
 584 0018 3E       		.uleb128 0x3e
 585 0019 0B       		.uleb128 0xb
 586 001a 03       		.uleb128 0x3
 587 001b 0E       		.uleb128 0xe
 588 001c 00       		.byte	0
 589 001d 00       		.byte	0
 590 001e 03       		.uleb128 0x3
 591 001f 16       		.uleb128 0x16
 592 0020 00       		.byte	0
 593 0021 03       		.uleb128 0x3
 594 0022 0E       		.uleb128 0xe
 595 0023 3A       		.uleb128 0x3a
 596 0024 0B       		.uleb128 0xb
 597 0025 3B       		.uleb128 0x3b
 598 0026 0B       		.uleb128 0xb
 599 0027 49       		.uleb128 0x49
 600 0028 13       		.uleb128 0x13
 601 0029 00       		.byte	0
 602 002a 00       		.byte	0
 603 002b 04       		.uleb128 0x4
 604 002c 24       		.uleb128 0x24
 605 002d 00       		.byte	0
 606 002e 0B       		.uleb128 0xb
 607 002f 0B       		.uleb128 0xb
 608 0030 3E       		.uleb128 0x3e
 609 0031 0B       		.uleb128 0xb
 610 0032 03       		.uleb128 0x3
 611 0033 08       		.uleb128 0x8
 612 0034 00       		.byte	0
 613 0035 00       		.byte	0
ARM GAS  C:\Users\Reza\AppData\Local\Temp\cckPBuH8.s 			page 22


 614 0036 05       		.uleb128 0x5
 615 0037 16       		.uleb128 0x16
 616 0038 00       		.byte	0
 617 0039 03       		.uleb128 0x3
 618 003a 0E       		.uleb128 0xe
 619 003b 3A       		.uleb128 0x3a
 620 003c 0B       		.uleb128 0xb
 621 003d 3B       		.uleb128 0x3b
 622 003e 05       		.uleb128 0x5
 623 003f 49       		.uleb128 0x49
 624 0040 13       		.uleb128 0x13
 625 0041 00       		.byte	0
 626 0042 00       		.byte	0
 627 0043 06       		.uleb128 0x6
 628 0044 35       		.uleb128 0x35
 629 0045 00       		.byte	0
 630 0046 49       		.uleb128 0x49
 631 0047 13       		.uleb128 0x13
 632 0048 00       		.byte	0
 633 0049 00       		.byte	0
 634 004a 07       		.uleb128 0x7
 635 004b 13       		.uleb128 0x13
 636 004c 01       		.byte	0x1
 637 004d 0B       		.uleb128 0xb
 638 004e 0B       		.uleb128 0xb
 639 004f 3A       		.uleb128 0x3a
 640 0050 0B       		.uleb128 0xb
 641 0051 3B       		.uleb128 0x3b
 642 0052 0B       		.uleb128 0xb
 643 0053 01       		.uleb128 0x1
 644 0054 13       		.uleb128 0x13
 645 0055 00       		.byte	0
 646 0056 00       		.byte	0
 647 0057 08       		.uleb128 0x8
 648 0058 0D       		.uleb128 0xd
 649 0059 00       		.byte	0
 650 005a 03       		.uleb128 0x3
 651 005b 0E       		.uleb128 0xe
 652 005c 3A       		.uleb128 0x3a
 653 005d 0B       		.uleb128 0xb
 654 005e 3B       		.uleb128 0x3b
 655 005f 0B       		.uleb128 0xb
 656 0060 49       		.uleb128 0x49
 657 0061 13       		.uleb128 0x13
 658 0062 38       		.uleb128 0x38
 659 0063 0B       		.uleb128 0xb
 660 0064 00       		.byte	0
 661 0065 00       		.byte	0
 662 0066 09       		.uleb128 0x9
 663 0067 01       		.uleb128 0x1
 664 0068 01       		.byte	0x1
 665 0069 49       		.uleb128 0x49
 666 006a 13       		.uleb128 0x13
 667 006b 01       		.uleb128 0x1
 668 006c 13       		.uleb128 0x13
 669 006d 00       		.byte	0
 670 006e 00       		.byte	0
ARM GAS  C:\Users\Reza\AppData\Local\Temp\cckPBuH8.s 			page 23


 671 006f 0A       		.uleb128 0xa
 672 0070 21       		.uleb128 0x21
 673 0071 00       		.byte	0
 674 0072 49       		.uleb128 0x49
 675 0073 13       		.uleb128 0x13
 676 0074 2F       		.uleb128 0x2f
 677 0075 0B       		.uleb128 0xb
 678 0076 00       		.byte	0
 679 0077 00       		.byte	0
 680 0078 0B       		.uleb128 0xb
 681 0079 2E       		.uleb128 0x2e
 682 007a 01       		.byte	0x1
 683 007b 3F       		.uleb128 0x3f
 684 007c 19       		.uleb128 0x19
 685 007d 03       		.uleb128 0x3
 686 007e 0E       		.uleb128 0xe
 687 007f 3A       		.uleb128 0x3a
 688 0080 0B       		.uleb128 0xb
 689 0081 3B       		.uleb128 0x3b
 690 0082 05       		.uleb128 0x5
 691 0083 27       		.uleb128 0x27
 692 0084 19       		.uleb128 0x19
 693 0085 11       		.uleb128 0x11
 694 0086 01       		.uleb128 0x1
 695 0087 12       		.uleb128 0x12
 696 0088 06       		.uleb128 0x6
 697 0089 40       		.uleb128 0x40
 698 008a 18       		.uleb128 0x18
 699 008b 9742     		.uleb128 0x2117
 700 008d 19       		.uleb128 0x19
 701 008e 01       		.uleb128 0x1
 702 008f 13       		.uleb128 0x13
 703 0090 00       		.byte	0
 704 0091 00       		.byte	0
 705 0092 0C       		.uleb128 0xc
 706 0093 898201   		.uleb128 0x4109
 707 0096 00       		.byte	0
 708 0097 11       		.uleb128 0x11
 709 0098 01       		.uleb128 0x1
 710 0099 31       		.uleb128 0x31
 711 009a 13       		.uleb128 0x13
 712 009b 00       		.byte	0
 713 009c 00       		.byte	0
 714 009d 0D       		.uleb128 0xd
 715 009e 2E       		.uleb128 0x2e
 716 009f 00       		.byte	0
 717 00a0 3F       		.uleb128 0x3f
 718 00a1 19       		.uleb128 0x19
 719 00a2 03       		.uleb128 0x3
 720 00a3 0E       		.uleb128 0xe
 721 00a4 3A       		.uleb128 0x3a
 722 00a5 0B       		.uleb128 0xb
 723 00a6 3B       		.uleb128 0x3b
 724 00a7 05       		.uleb128 0x5
 725 00a8 27       		.uleb128 0x27
 726 00a9 19       		.uleb128 0x19
 727 00aa 11       		.uleb128 0x11
ARM GAS  C:\Users\Reza\AppData\Local\Temp\cckPBuH8.s 			page 24


 728 00ab 01       		.uleb128 0x1
 729 00ac 12       		.uleb128 0x12
 730 00ad 06       		.uleb128 0x6
 731 00ae 40       		.uleb128 0x40
 732 00af 18       		.uleb128 0x18
 733 00b0 9742     		.uleb128 0x2117
 734 00b2 19       		.uleb128 0x19
 735 00b3 00       		.byte	0
 736 00b4 00       		.byte	0
 737 00b5 0E       		.uleb128 0xe
 738 00b6 34       		.uleb128 0x34
 739 00b7 00       		.byte	0
 740 00b8 03       		.uleb128 0x3
 741 00b9 0E       		.uleb128 0xe
 742 00ba 3A       		.uleb128 0x3a
 743 00bb 0B       		.uleb128 0xb
 744 00bc 3B       		.uleb128 0x3b
 745 00bd 05       		.uleb128 0x5
 746 00be 49       		.uleb128 0x49
 747 00bf 13       		.uleb128 0x13
 748 00c0 02       		.uleb128 0x2
 749 00c1 17       		.uleb128 0x17
 750 00c2 00       		.byte	0
 751 00c3 00       		.byte	0
 752 00c4 0F       		.uleb128 0xf
 753 00c5 898201   		.uleb128 0x4109
 754 00c8 01       		.byte	0x1
 755 00c9 11       		.uleb128 0x11
 756 00ca 01       		.uleb128 0x1
 757 00cb 31       		.uleb128 0x31
 758 00cc 13       		.uleb128 0x13
 759 00cd 00       		.byte	0
 760 00ce 00       		.byte	0
 761 00cf 10       		.uleb128 0x10
 762 00d0 8A8201   		.uleb128 0x410a
 763 00d3 00       		.byte	0
 764 00d4 02       		.uleb128 0x2
 765 00d5 18       		.uleb128 0x18
 766 00d6 9142     		.uleb128 0x2111
 767 00d8 18       		.uleb128 0x18
 768 00d9 00       		.byte	0
 769 00da 00       		.byte	0
 770 00db 11       		.uleb128 0x11
 771 00dc 34       		.uleb128 0x34
 772 00dd 00       		.byte	0
 773 00de 03       		.uleb128 0x3
 774 00df 0E       		.uleb128 0xe
 775 00e0 3A       		.uleb128 0x3a
 776 00e1 0B       		.uleb128 0xb
 777 00e2 3B       		.uleb128 0x3b
 778 00e3 05       		.uleb128 0x5
 779 00e4 49       		.uleb128 0x49
 780 00e5 13       		.uleb128 0x13
 781 00e6 3F       		.uleb128 0x3f
 782 00e7 19       		.uleb128 0x19
 783 00e8 3C       		.uleb128 0x3c
 784 00e9 19       		.uleb128 0x19
ARM GAS  C:\Users\Reza\AppData\Local\Temp\cckPBuH8.s 			page 25


 785 00ea 00       		.byte	0
 786 00eb 00       		.byte	0
 787 00ec 12       		.uleb128 0x12
 788 00ed 2E       		.uleb128 0x2e
 789 00ee 00       		.byte	0
 790 00ef 3F       		.uleb128 0x3f
 791 00f0 19       		.uleb128 0x19
 792 00f1 3C       		.uleb128 0x3c
 793 00f2 19       		.uleb128 0x19
 794 00f3 6E       		.uleb128 0x6e
 795 00f4 0E       		.uleb128 0xe
 796 00f5 03       		.uleb128 0x3
 797 00f6 0E       		.uleb128 0xe
 798 00f7 3A       		.uleb128 0x3a
 799 00f8 0B       		.uleb128 0xb
 800 00f9 3B       		.uleb128 0x3b
 801 00fa 0B       		.uleb128 0xb
 802 00fb 00       		.byte	0
 803 00fc 00       		.byte	0
 804 00fd 13       		.uleb128 0x13
 805 00fe 2E       		.uleb128 0x2e
 806 00ff 00       		.byte	0
 807 0100 3F       		.uleb128 0x3f
 808 0101 19       		.uleb128 0x19
 809 0102 3C       		.uleb128 0x3c
 810 0103 19       		.uleb128 0x19
 811 0104 6E       		.uleb128 0x6e
 812 0105 0E       		.uleb128 0xe
 813 0106 03       		.uleb128 0x3
 814 0107 0E       		.uleb128 0xe
 815 0108 3A       		.uleb128 0x3a
 816 0109 0B       		.uleb128 0xb
 817 010a 3B       		.uleb128 0x3b
 818 010b 05       		.uleb128 0x5
 819 010c 00       		.byte	0
 820 010d 00       		.byte	0
 821 010e 00       		.byte	0
 822              		.section	.debug_loc,"",%progbits
 823              	.Ldebug_loc0:
 824              	.LLST0:
 825 0000 08000000 		.4byte	.LVL3
 826 0004 0E000000 		.4byte	.LVL4
 827 0008 0200     		.2byte	0x2
 828 000a 30       		.byte	0x30
 829 000b 9F       		.byte	0x9f
 830 000c 0E000000 		.4byte	.LVL4
 831 0010 48000000 		.4byte	.LVL10
 832 0014 0100     		.2byte	0x1
 833 0016 54       		.byte	0x54
 834 0017 4A000000 		.4byte	.LVL11
 835 001b 50000000 		.4byte	.LVL12
 836 001f 0100     		.2byte	0x1
 837 0021 54       		.byte	0x54
 838 0022 00000000 		.4byte	0
 839 0026 00000000 		.4byte	0
 840              	.LLST1:
 841 002a 02000000 		.4byte	.LVL2
ARM GAS  C:\Users\Reza\AppData\Local\Temp\cckPBuH8.s 			page 26


 842 002e 0E000000 		.4byte	.LVL4
 843 0032 0200     		.2byte	0x2
 844 0034 31       		.byte	0x31
 845 0035 9F       		.byte	0x9f
 846 0036 0E000000 		.4byte	.LVL4
 847 003a 44000000 		.4byte	.LVL8
 848 003e 0100     		.2byte	0x1
 849 0040 55       		.byte	0x55
 850 0041 46000000 		.4byte	.LVL9
 851 0045 50000000 		.4byte	.LVL12
 852 0049 0100     		.2byte	0x1
 853 004b 55       		.byte	0x55
 854 004c 00000000 		.4byte	0
 855 0050 00000000 		.4byte	0
 856              		.section	.debug_aranges,"",%progbits
 857 0000 34000000 		.4byte	0x34
 858 0004 0200     		.2byte	0x2
 859 0006 00000000 		.4byte	.Ldebug_info0
 860 000a 04       		.byte	0x4
 861 000b 00       		.byte	0
 862 000c 0000     		.2byte	0
 863 000e 0000     		.2byte	0
 864 0010 00000000 		.4byte	.LFB68
 865 0014 18000000 		.4byte	.LFE68-.LFB68
 866 0018 00000000 		.4byte	.LFB69
 867 001c 0C000000 		.4byte	.LFE69-.LFB69
 868 0020 00000000 		.4byte	.LFB70
 869 0024 5C000000 		.4byte	.LFE70-.LFB70
 870 0028 00000000 		.4byte	.LFB71
 871 002c 34000000 		.4byte	.LFE71-.LFB71
 872 0030 00000000 		.4byte	0
 873 0034 00000000 		.4byte	0
 874              		.section	.debug_ranges,"",%progbits
 875              	.Ldebug_ranges0:
 876 0000 00000000 		.4byte	.LFB68
 877 0004 18000000 		.4byte	.LFE68
 878 0008 00000000 		.4byte	.LFB69
 879 000c 0C000000 		.4byte	.LFE69
 880 0010 00000000 		.4byte	.LFB70
 881 0014 5C000000 		.4byte	.LFE70
 882 0018 00000000 		.4byte	.LFB71
 883 001c 34000000 		.4byte	.LFE71
 884 0020 00000000 		.4byte	0
 885 0024 00000000 		.4byte	0
 886              		.section	.debug_line,"",%progbits
 887              	.Ldebug_line0:
 888 0000 D9010000 		.section	.debug_str,"MS",%progbits,1
 888      02005E01 
 888      00000201 
 888      FB0E0D00 
 888      01010101 
 889              	.LASF38:
 890 0000 43414E5F 		.ascii	"CAN_Tx_ReceiveMsg0\000"
 890      54785F52 
 890      65636569 
 890      76654D73 
 890      673000
ARM GAS  C:\Users\Reza\AppData\Local\Temp\cckPBuH8.s 			page 27


 891              	.LASF34:
 892 0013 73686966 		.ascii	"shift\000"
 892      7400
 893              	.LASF26:
 894 0019 7278616D 		.ascii	"rxamr\000"
 894      7200
 895              	.LASF9:
 896 001f 5F5F696E 		.ascii	"__int32_t\000"
 896      7433325F 
 896      7400
 897              	.LASF33:
 898 0029 6D61696C 		.ascii	"mailboxNumber\000"
 898      626F784E 
 898      756D6265 
 898      7200
 899              	.LASF21:
 900 0037 62797465 		.ascii	"byte\000"
 900      00
 901              	.LASF37:
 902 003c 43414E5F 		.ascii	"CAN_Tx_Stop\000"
 902      54785F53 
 902      746F7000 
 903              	.LASF39:
 904 0048 43414E5F 		.ascii	"CAN_Tx_ReceiveMsgRx_message\000"
 904      54785F52 
 904      65636569 
 904      76654D73 
 904      6752785F 
 905              	.LASF13:
 906 0064 666C6F61 		.ascii	"float\000"
 906      7400
 907              	.LASF0:
 908 006a 7369676E 		.ascii	"signed char\000"
 908      65642063 
 908      68617200 
 909              	.LASF1:
 910 0076 756E7369 		.ascii	"unsigned char\000"
 910      676E6564 
 910      20636861 
 910      7200
 911              	.LASF41:
 912 0084 474E5520 		.ascii	"GNU C11 5.4.1 20160609 (release) [ARM/embedded-5-br"
 912      43313120 
 912      352E342E 
 912      31203230 
 912      31363036 
 913 00b7 616E6368 		.ascii	"anch revision 237715] -mcpu=cortex-m3 -mthumb -g -O"
 913      20726576 
 913      6973696F 
 913      6E203233 
 913      37373135 
 914 00ea 67202D66 		.ascii	"g -ffunction-sections -ffat-lto-objects\000"
 914      66756E63 
 914      74696F6E 
 914      2D736563 
 914      74696F6E 
 915              	.LASF16:
ARM GAS  C:\Users\Reza\AppData\Local\Temp\cckPBuH8.s 			page 28


 916 0112 72656738 		.ascii	"reg8\000"
 916      00
 917              	.LASF5:
 918 0117 6C6F6E67 		.ascii	"long unsigned int\000"
 918      20756E73 
 918      69676E65 
 918      6420696E 
 918      7400
 919              	.LASF36:
 920 0129 43414E5F 		.ascii	"CAN_Tx_GlobalIntDisable\000"
 920      54785F47 
 920      6C6F6261 
 920      6C496E74 
 920      44697361 
 921              	.LASF3:
 922 0141 73686F72 		.ascii	"short unsigned int\000"
 922      7420756E 
 922      7369676E 
 922      65642069 
 922      6E7400
 923              	.LASF31:
 924 0154 43414E5F 		.ascii	"CAN_Tx_BusOffIsr\000"
 924      54785F42 
 924      75734F66 
 924      66497372 
 924      00
 925              	.LASF25:
 926 0165 72786461 		.ascii	"rxdata\000"
 926      746100
 927              	.LASF40:
 928 016c 43414E5F 		.ascii	"CAN_Tx_ReceiveMsg\000"
 928      54785F52 
 928      65636569 
 928      76654D73 
 928      6700
 929              	.LASF45:
 930 017e 49544D5F 		.ascii	"ITM_RxBuffer\000"
 930      52784275 
 930      66666572 
 930      00
 931              	.LASF32:
 932 018b 43414E5F 		.ascii	"CAN_Tx_MsgRXIsr\000"
 932      54785F4D 
 932      73675258 
 932      49737200 
 933              	.LASF14:
 934 019b 646F7562 		.ascii	"double\000"
 934      6C6500
 935              	.LASF12:
 936 01a2 75696E74 		.ascii	"uint16\000"
 936      313600
 937              	.LASF24:
 938 01a9 72786964 		.ascii	"rxid\000"
 938      00
 939              	.LASF30:
 940 01ae 43414E5F 		.ascii	"CAN_Tx_RX_STRUCT\000"
 940      54785F52 
ARM GAS  C:\Users\Reza\AppData\Local\Temp\cckPBuH8.s 			page 29


 940      585F5354 
 940      52554354 
 940      00
 941              	.LASF8:
 942 01bf 756E7369 		.ascii	"unsigned int\000"
 942      676E6564 
 942      20696E74 
 942      00
 943              	.LASF7:
 944 01cc 6C6F6E67 		.ascii	"long long unsigned int\000"
 944      206C6F6E 
 944      6720756E 
 944      7369676E 
 944      65642069 
 945              	.LASF23:
 946 01e3 7278636D 		.ascii	"rxcmd\000"
 946      6400
 947              	.LASF10:
 948 01e9 696E7433 		.ascii	"int32_t\000"
 948      325F7400 
 949              	.LASF19:
 950 01f1 73697A65 		.ascii	"sizetype\000"
 950      74797065 
 950      00
 951              	.LASF28:
 952 01fa 7278616D 		.ascii	"rxamrd\000"
 952      726400
 953              	.LASF6:
 954 0201 6C6F6E67 		.ascii	"long long int\000"
 954      206C6F6E 
 954      6720696E 
 954      7400
 955              	.LASF15:
 956 020f 63686172 		.ascii	"char\000"
 956      00
 957              	.LASF43:
 958 0214 433A5C55 		.ascii	"C:\\Users\\Reza\\Documents\\PSoC Creator\\CAN_Appli"
 958      73657273 
 958      5C52657A 
 958      615C446F 
 958      63756D65 
 959 0242 63617469 		.ascii	"cation_01\\Design01_Tx.cydsn\000"
 959      6F6E5F30 
 959      315C4465 
 959      7369676E 
 959      30315F54 
 960              	.LASF20:
 961 025e 43414E5F 		.ascii	"CAN_Tx_DATA_BYTES\000"
 961      54785F44 
 961      4154415F 
 961      42595445 
 961      5300
 962              	.LASF35:
 963 0270 43414E5F 		.ascii	"CAN_Tx_ISR\000"
 963      54785F49 
 963      535200
 964              	.LASF2:
ARM GAS  C:\Users\Reza\AppData\Local\Temp\cckPBuH8.s 			page 30


 965 027b 73686F72 		.ascii	"short int\000"
 965      7420696E 
 965      7400
 966              	.LASF27:
 967 0285 72786163 		.ascii	"rxacr\000"
 967      7200
 968              	.LASF17:
 969 028b 72656731 		.ascii	"reg16\000"
 969      3600
 970              	.LASF11:
 971 0291 75696E74 		.ascii	"uint8\000"
 971      3800
 972              	.LASF29:
 973 0297 72786163 		.ascii	"rxacrd\000"
 973      726400
 974              	.LASF4:
 975 029e 6C6F6E67 		.ascii	"long int\000"
 975      20696E74 
 975      00
 976              	.LASF18:
 977 02a7 6C6F6E67 		.ascii	"long double\000"
 977      20646F75 
 977      626C6500 
 978              	.LASF44:
 979 02b3 43414E5F 		.ascii	"CAN_Tx_MsgTXIsr\000"
 979      54785F4D 
 979      73675458 
 979      49737200 
 980              	.LASF22:
 981 02c3 43414E5F 		.ascii	"CAN_Tx_REG_32\000"
 981      54785F52 
 981      45475F33 
 981      3200
 982              	.LASF42:
 983 02d1 47656E65 		.ascii	"Generated_Source\\PSoC5\\CAN_Tx_INT.c\000"
 983      72617465 
 983      645F536F 
 983      75726365 
 983      5C50536F 
 984              		.ident	"GCC: (GNU Tools for ARM Embedded Processors) 5.4.1 20160609 (release) [ARM/embedded-5-bran
