Archive member included to satisfy reference by file (symbol)

.\CortexM3\ARM_GCC_541\Debug\Design01_Tx.a(UART_LOG.o)
                              .\CortexM3\ARM_GCC_541\Debug\main.o (UART_LOG_Start)
.\CortexM3\ARM_GCC_541\Debug\Design01_Tx.a(UART_LOG_IntClock.o)
                              .\CortexM3\ARM_GCC_541\Debug\Design01_Tx.a(UART_LOG.o) (UART_LOG_IntClock_Start)
.\CortexM3\ARM_GCC_541\Debug\Design01_Tx.a(CyLib.o)
                              .\CortexM3\ARM_GCC_541\Debug\Cm3Start.o (CyHalt)
.\CortexM3\ARM_GCC_541\Debug\Design01_Tx.a(cyPm.o)
                              .\CortexM3\ARM_GCC_541\Debug\Design01_Tx.a(CyLib.o) (CyPmReadStatus)
.\CortexM3\ARM_GCC_541\Debug\Design01_Tx.a(CAN_Tx.o)
                              .\CortexM3\ARM_GCC_541\Debug\main.o (CAN_Tx_Init)
.\CortexM3\ARM_GCC_541\Debug\Design01_Tx.a(CAN_Tx_INT.o)
                              .\CortexM3\ARM_GCC_541\Debug\Design01_Tx.a(CAN_Tx.o) (CAN_Tx_ISR)
.\CortexM3\ARM_GCC_541\Debug\Design01_Tx.a(CAN_Tx_TX_RX_func.o)
                              .\CortexM3\ARM_GCC_541\Debug\main.o (CAN_Tx_SendMsg)
.\CortexM3\ARM_GCC_541\Debug\Design01_Tx.a(CyBootAsmGnu.o)
                              .\CortexM3\ARM_GCC_541\Debug\cyfitter_cfg.o (CyDelayCycles)
.\CortexM3\ARM_GCC_541\Debug\Design01_Tx.a(CyFlash.o)
                              .\CortexM3\ARM_GCC_541\Debug\Design01_Tx.a(cyPm.o) (CyFlash_SetWaitCycles)
.\CortexM3\ARM_GCC_541\Debug\Design01_Tx.a(CySpc.o)
                              .\CortexM3\ARM_GCC_541\Debug\Design01_Tx.a(CyFlash.o) (CySpcStart)
c:/program files (x86)/cypress/psoc creator/4.2/psoc creator/import/gnu/arm/5.4.1/bin/../lib/gcc/arm-none-eabi/5.4.1/../../../../arm-none-eabi/lib/armv7-m\libg_nano.a(lib_a-errno.o)
                              .\CortexM3\ARM_GCC_541\Debug\Cm3Start.o (__errno)
c:/program files (x86)/cypress/psoc creator/4.2/psoc creator/import/gnu/arm/5.4.1/bin/../lib/gcc/arm-none-eabi/5.4.1/../../../../arm-none-eabi/lib/armv7-m\libg_nano.a(lib_a-exit.o)
                              c:/program files (x86)/cypress/psoc creator/4.2/psoc creator/import/gnu/arm/5.4.1/bin/../lib/gcc/arm-none-eabi/5.4.1/../../../../arm-none-eabi/lib/armv7-m/crt0.o (exit)
c:/program files (x86)/cypress/psoc creator/4.2/psoc creator/import/gnu/arm/5.4.1/bin/../lib/gcc/arm-none-eabi/5.4.1/../../../../arm-none-eabi/lib/armv7-m\libg_nano.a(lib_a-impure.o)
                              c:/program files (x86)/cypress/psoc creator/4.2/psoc creator/import/gnu/arm/5.4.1/bin/../lib/gcc/arm-none-eabi/5.4.1/../../../../arm-none-eabi/lib/armv7-m\libg_nano.a(lib_a-exit.o) (_global_impure_ptr)
c:/program files (x86)/cypress/psoc creator/4.2/psoc creator/import/gnu/arm/5.4.1/bin/../lib/gcc/arm-none-eabi/5.4.1/../../../../arm-none-eabi/lib/armv7-m\libg_nano.a(lib_a-init.o)
                              c:/program files (x86)/cypress/psoc creator/4.2/psoc creator/import/gnu/arm/5.4.1/bin/../lib/gcc/arm-none-eabi/5.4.1/../../../../arm-none-eabi/lib/armv7-m/crt0.o (__libc_init_array)
c:/program files (x86)/cypress/psoc creator/4.2/psoc creator/import/gnu/arm/5.4.1/bin/../lib/gcc/arm-none-eabi/5.4.1/../../../../arm-none-eabi/lib/armv7-m\libg_nano.a(lib_a-memcpy-stub.o)
                              .\CortexM3\ARM_GCC_541\Debug\queue.o (memcpy)
c:/program files (x86)/cypress/psoc creator/4.2/psoc creator/import/gnu/arm/5.4.1/bin/../lib/gcc/arm-none-eabi/5.4.1/../../../../arm-none-eabi/lib/armv7-m\libg_nano.a(lib_a-memset.o)
                              c:/program files (x86)/cypress/psoc creator/4.2/psoc creator/import/gnu/arm/5.4.1/bin/../lib/gcc/arm-none-eabi/5.4.1/../../../../arm-none-eabi/lib/armv7-m/crt0.o (memset)

Allocating common symbols
Common symbol       size              file

startEnd            0x1               .\CortexM3\ARM_GCC_541\Debug\main.o
packet              0x10              .\CortexM3\ARM_GCC_541\Debug\main.o
xQueueRegistry      0x50              .\CortexM3\ARM_GCC_541\Debug\queue.o
Msg_Ptr             0xc               .\CortexM3\ARM_GCC_541\Debug\main.o
Lidar_data1         0x200             .\CortexM3\ARM_GCC_541\Debug\main.o
Lidar_data3         0x200             .\CortexM3\ARM_GCC_541\Debug\main.o
bRTRreceive0        0x1               .\CortexM3\ARM_GCC_541\Debug\main.o
Data                0x8               .\CortexM3\ARM_GCC_541\Debug\main.o
gui7735             0x64              .\CortexM3\ARM_GCC_541\Debug\main.o
Lidar_data2         0x200             .\CortexM3\ARM_GCC_541\Debug\main.o
dieTemperature      0x2               .\CortexM3\ARM_GCC_541\Debug\Design01_Tx.a(CyFlash.o)

Discarded input sections

 .text          0x00000000        0x0 c:/program files (x86)/cypress/psoc creator/4.2/psoc creator/import/gnu/arm/5.4.1/bin/../lib/gcc/arm-none-eabi/5.4.1/armv7-m/crti.o
 .data          0x00000000        0x0 c:/program files (x86)/cypress/psoc creator/4.2/psoc creator/import/gnu/arm/5.4.1/bin/../lib/gcc/arm-none-eabi/5.4.1/armv7-m/crti.o
[...]
Memory Configuration

Name             Origin             Length             Attributes
rom              0x00000000         0x00040000         xr
ram              0x1fff8000         0x00010000         xrw
*default*        0x00000000         0xffffffff

Linker script and memory map

LOAD c:/program files (x86)/cypress/psoc creator/4.2/psoc creator/import/gnu/arm/5.4.1/bin/../lib/gcc/arm-none-eabi/5.4.1/armv7-m/crti.o
LOAD c:/program files (x86)/cypress/psoc creator/4.2/psoc creator/import/gnu/arm/5.4.1/bin/../lib/gcc/arm-none-eabi/5.4.1/armv7-m/crtbegin.o
LOAD c:/program files (x86)/cypress/psoc creator/4.2/psoc creator/import/gnu/arm/5.4.1/bin/../lib/gcc/arm-none-eabi/5.4.1/../../../../arm-none-eabi/lib/armv7-m/crt0.o
START GROUP
LOAD .\CortexM3\ARM_GCC_541\Debug\seven.o
LOAD .\CortexM3\ARM_GCC_541\Debug\main.o
LOAD .\CortexM3\ARM_GCC_541\Debug\ugui_st7735.o
LOAD .\CortexM3\ARM_GCC_541\Debug\ugui.o
LOAD .\CortexM3\ARM_GCC_541\Debug\croutine.o
LOAD .\CortexM3\ARM_GCC_541\Debug\event_groups.o
LOAD .\CortexM3\ARM_GCC_541\Debug\heap_1.o
LOAD .\CortexM3\ARM_GCC_541\Debug\list.o
LOAD .\CortexM3\ARM_GCC_541\Debug\mpu_wrappers.o
LOAD .\CortexM3\ARM_GCC_541\Debug\port.o
LOAD .\CortexM3\ARM_GCC_541\Debug\queue.o
LOAD .\CortexM3\ARM_GCC_541\Debug\stream_buffer.o
LOAD .\CortexM3\ARM_GCC_541\Debug\tasks.o
LOAD .\CortexM3\ARM_GCC_541\Debug\timers.o
LOAD .\CortexM3\ARM_GCC_541\Debug\cyfitter_cfg.o
LOAD .\CortexM3\ARM_GCC_541\Debug\cymetadata.o
LOAD .\CortexM3\ARM_GCC_541\Debug\Cm3Start.o
LOAD .\CortexM3\ARM_GCC_541\Debug\Design01_Tx.a
LOAD C:\Program Files (x86)\Cypress\PSoC Creator\4.2\PSoC Creator\psoc\content\cycomponentlibrary\CyComponentLibrary.cylib\CortexM3\ARM_GCC_541\Debug\CyComponentLibrary.a
END GROUP
START GROUP
LOAD c:/program files (x86)/cypress/psoc creator/4.2/psoc creator/import/gnu/arm/5.4.1/bin/../lib/gcc/arm-none-eabi/5.4.1/armv7-m\libgcc.a
LOAD c:/program files (x86)/cypress/psoc creator/4.2/psoc creator/import/gnu/arm/5.4.1/bin/../lib/gcc/arm-none-eabi/5.4.1/../../../../arm-none-eabi/lib/armv7-m\libg_nano.a
LOAD c:/program files (x86)/cypress/psoc creator/4.2/psoc creator/import/gnu/arm/5.4.1/bin/../lib/gcc/arm-none-eabi/5.4.1/../../../../arm-none-eabi/lib/armv7-m\libc_nano.a
END GROUP
START GROUP
LOAD c:/program files (x86)/cypress/psoc creator/4.2/psoc creator/import/gnu/arm/5.4.1/bin/../lib/gcc/arm-none-eabi/5.4.1/armv7-m\libgcc.a
LOAD c:/program files (x86)/cypress/psoc creator/4.2/psoc creator/import/gnu/arm/5.4.1/bin/../lib/gcc/arm-none-eabi/5.4.1/../../../../arm-none-eabi/lib/armv7-m\libc_nano.a
END GROUP
LOAD c:/program files (x86)/cypress/psoc creator/4.2/psoc creator/import/gnu/arm/5.4.1/bin/../lib/gcc/arm-none-eabi/5.4.1/armv7-m/crtend.o
LOAD c:/program files (x86)/cypress/psoc creator/4.2/psoc creator/import/gnu/arm/5.4.1/bin/../lib/gcc/arm-none-eabi/5.4.1/armv7-m/crtn.o
START GROUP
LOAD c:/program files (x86)/cypress/psoc creator/4.2/psoc creator/import/gnu/arm/5.4.1/bin/../lib/gcc/arm-none-eabi/5.4.1/armv7-m\libgcc.a
LOAD c:/program files (x86)/cypress/psoc creator/4.2/psoc creator/import/gnu/arm/5.4.1/bin/../lib/gcc/arm-none-eabi/5.4.1/../../../../arm-none-eabi/lib/armv7-m\libc.a
LOAD c:/program files (x86)/cypress/psoc creator/4.2/psoc creator/import/gnu/arm/5.4.1/bin/../lib/gcc/arm-none-eabi/5.4.1/../../../../arm-none-eabi/lib/armv7-m\libnosys.a
END GROUP
                0x00000000                CY_APPL_ORIGIN = 0x0
                0x00000100                CY_FLASH_ROW_SIZE = 0x100
                0x00000020                CY_ECC_ROW_SIZE = 0x20
                0x00000000                CY_EE_IN_BTLDR = 0x0
                0x00000000                CY_APPL_LOADABLE = 0x0
                0x00000800                CY_EE_SIZE = 0x800
                0x00000001                CY_APPL_NUM = 0x1
                0x00000001                CY_APPL_MAX = 0x1
                0x00000040                CY_METADATA_SIZE = 0x40
                0x00000000                CY_APPL_LOADABLE = 0x0
                0x00000000                CY_CHECKSUM_EXCLUDE_SIZE = ALIGN (0x0, CY_FLASH_ROW_SIZE)
                [!provide]                PROVIDE (__cy_heap_start, _end)
                0x00000001                PROVIDE (__cy_region_num, ((__cy_regions_end - __cy_regions) / 0x10))
                0x20008000                PROVIDE (__cy_stack, (ORIGIN (ram) + LENGTH (ram)))
                [!provide]                PROVIDE (__cy_heap_end, (__cy_stack - 0x800))

.cybootloader   0x00000000        0x0
 *(.cybootloader)
                0x00000000                appl1_start = CY_APPL_ORIGIN?CY_APPL_ORIGIN:ALIGN (CY_FLASH_ROW_SIZE)
                0x0001ff00                appl2_start = (appl1_start + ALIGN ((((LENGTH (rom) - appl1_start) - (0x2 * CY_FLASH_ROW_SIZE)) / 0x2), CY_FLASH_ROW_SIZE))
                0x00000000                appl_start = (CY_APPL_NUM == 0x1)?appl1_start:appl2_start
                0x00000000                ecc_offset = ((appl_start / CY_FLASH_ROW_SIZE) * CY_ECC_ROW_SIZE)
                0x00000000                ee_offset = (CY_APPL_LOADABLE && ! (CY_EE_IN_BTLDR))?((CY_EE_SIZE / CY_APPL_MAX) * (CY_APPL_NUM - 0x1)):0x0
                0x00000800                ee_size = (CY_APPL_LOADABLE && ! (CY_EE_IN_BTLDR))?(CY_EE_SIZE / CY_APPL_MAX):CY_EE_SIZE
                [!provide]                PROVIDE (CY_ECC_OFFSET, ecc_offset)

.text           0x00000000     0x167e
 CREATE_OBJECT_SYMBOLS
                0x00000000                PROVIDE (__cy_interrupt_vector, RomVectors)
 *(.romvectors)
 .romvectors    0x00000000       0x10 .\CortexM3\ARM_GCC_541\Debug\Cm3Start.o
                0x00000000                RomVectors
                0x00000001                ASSERT ((. != __cy_interrupt_vector), No interrupt vector)
                0x00000001                ASSERT (CY_APPL_ORIGIN?(SIZEOF (.cybootloader) <= CY_APPL_ORIGIN):0x1, Wrong image location)
                0x00000010                PROVIDE (__cy_reset, Reset)
 *(.text.Reset)
 .text.Reset    0x00000010       0x18 .\CortexM3\ARM_GCC_541\Debug\Cm3Start.o
                0x00000010                Reset
                0x00000001                ASSERT ((. != __cy_reset), No reset code)
 *(.dma_init)
                0x00000001                ASSERT ((((appl_start + .) <= 0x10000) || 0x1), DMA Init must be within the first 64k of flash)
 *(.text .text.* .gnu.linkonce.t.*)
 .text          0x00000028       0x5c c:/program files (x86)/cypress/psoc creator/4.2/psoc creator/import/gnu/arm/5.4.1/bin/../lib/gcc/arm-none-eabi/5.4.1/armv7-m/crtbegin.o
 .text.prvHardwareSetup
                0x00000084       0x20 .\CortexM3\ARM_GCC_541\Debug\main.o
                0x00000084                prvHardwareSetup
 .text.main     0x000000a4       0x50 .\CortexM3\ARM_GCC_541\Debug\main.o
                0x000000a4                main
 .text.vApplicationStackOverflowHook
                0x000000f4       0x14 .\CortexM3\ARM_GCC_541\Debug\main.o
                0x000000f4                vApplicationStackOverflowHook
 .text.vApplicationMallocFailedHook
                0x00000108       0x14 .\CortexM3\ARM_GCC_541\Debug\main.o
                0x00000108                vApplicationMallocFailedHook
 .text.packet_fill
                0x0000011c       0x18 .\CortexM3\ARM_GCC_541\Debug\main.o
                0x0000011c                packet_fill
 .text.CAN_Tx_tsk
                0x00000134       0x40 .\CortexM3\ARM_GCC_541\Debug\main.o
                0x00000134                CAN_Tx_tsk
 .text.pvPortMalloc
                0x00000174       0x64 .\CortexM3\ARM_GCC_541\Debug\heap_1.o
                0x00000174                pvPortMalloc
 .text.vPortFree
                0x000001d8        0x4 .\CortexM3\ARM_GCC_541\Debug\heap_1.o
                0x000001d8                vPortFree
 .text.vListInitialise
                0x000001dc       0x18 .\CortexM3\ARM_GCC_541\Debug\list.o
                0x000001dc                vListInitialise
 .text.vListInitialiseItem
                0x000001f4        0x8 .\CortexM3\ARM_GCC_541\Debug\list.o
                0x000001f4                vListInitialiseItem
 .text.vListInsertEnd
                0x000001fc       0x18 .\CortexM3\ARM_GCC_541\Debug\list.o
                0x000001fc                vListInsertEnd
 .text.vListInsert
                0x00000214       0x34 .\CortexM3\ARM_GCC_541\Debug\list.o
                0x00000214                vListInsert
 .text.uxListRemove
                0x00000248       0x28 .\CortexM3\ARM_GCC_541\Debug\list.o
                0x00000248                uxListRemove
 .text.prvTaskExitError
                0x00000270       0x20 .\CortexM3\ARM_GCC_541\Debug\port.o
 .text.prvPortStartFirstTask
                0x00000290       0x20 .\CortexM3\ARM_GCC_541\Debug\port.o
 .text.pxPortInitialiseStack
                0x000002b0       0x24 .\CortexM3\ARM_GCC_541\Debug\port.o
                0x000002b0                pxPortInitialiseStack
 *fill*         0x000002d4        0xc 
 .text.vPortSVCHandler
                0x000002e0       0x24 .\CortexM3\ARM_GCC_541\Debug\port.o
                0x000002e0                vPortSVCHandler
 .text.vPortEnterCritical
                0x00000304       0x20 .\CortexM3\ARM_GCC_541\Debug\port.o
                0x00000304                vPortEnterCritical
 .text.vPortExitCritical
                0x00000324       0x14 .\CortexM3\ARM_GCC_541\Debug\port.o
                0x00000324                vPortExitCritical
 *fill*         0x00000338        0x8 
 .text.xPortPendSVHandler
                0x00000340       0x44 .\CortexM3\ARM_GCC_541\Debug\port.o
                0x00000340                xPortPendSVHandler
 .text.xPortSysTickHandler
                0x00000384       0x2c .\CortexM3\ARM_GCC_541\Debug\port.o
                0x00000384                xPortSysTickHandler
 .text.vPortSetupTimerInterrupt
                0x000003b0       0x24 .\CortexM3\ARM_GCC_541\Debug\port.o
                0x000003b0                vPortSetupTimerInterrupt
 .text.xPortStartScheduler
                0x000003d4       0x38 .\CortexM3\ARM_GCC_541\Debug\port.o
                0x000003d4                xPortStartScheduler
 .text.xQueueGenericReset
                0x0000040c       0x6c .\CortexM3\ARM_GCC_541\Debug\queue.o
                0x0000040c                xQueueGenericReset
 .text.prvInitialiseNewQueue
                0x00000478       0x1c .\CortexM3\ARM_GCC_541\Debug\queue.o
 .text.xQueueGenericCreate
                0x00000494       0x30 .\CortexM3\ARM_GCC_541\Debug\queue.o
                0x00000494                xQueueGenericCreate
 .text.prvResetNextTaskUnblockTime
                0x000004c4       0x24 .\CortexM3\ARM_GCC_541\Debug\tasks.o
 .text.prvDeleteTCB
                0x000004e8       0x14 .\CortexM3\ARM_GCC_541\Debug\tasks.o
 .text.prvInitialiseNewTask
                0x000004fc       0x9c .\CortexM3\ARM_GCC_541\Debug\tasks.o
 .text.prvInitialiseTaskLists
                0x00000598       0x58 .\CortexM3\ARM_GCC_541\Debug\tasks.o
 .text.prvAddNewTaskToReadyList
                0x000005f0       0xac .\CortexM3\ARM_GCC_541\Debug\tasks.o
 .text.prvCheckTasksWaitingTermination
                0x0000069c       0x44 .\CortexM3\ARM_GCC_541\Debug\tasks.o
 .text.prvIdleTask
                0x000006e0        0x8 .\CortexM3\ARM_GCC_541\Debug\tasks.o
 .text.prvAddCurrentTaskToDelayedList
                0x000006e8       0x84 .\CortexM3\ARM_GCC_541\Debug\tasks.o
 .text.xTaskCreate
                0x0000076c       0x64 .\CortexM3\ARM_GCC_541\Debug\tasks.o
                0x0000076c                xTaskCreate
 .text.vTaskStartScheduler
                0x000007d0       0x58 .\CortexM3\ARM_GCC_541\Debug\tasks.o
                0x000007d0                vTaskStartScheduler
 .text.vTaskSuspendAll
                0x00000828       0x14 .\CortexM3\ARM_GCC_541\Debug\tasks.o
                0x00000828                vTaskSuspendAll
 .text.xTaskIncrementTick
                0x0000083c      0x100 .\CortexM3\ARM_GCC_541\Debug\tasks.o
                0x0000083c                xTaskIncrementTick
 .text.xTaskResumeAll
                0x0000093c       0xd8 .\CortexM3\ARM_GCC_541\Debug\tasks.o
                0x0000093c                xTaskResumeAll
 .text.vTaskDelay
                0x00000a14       0x34 .\CortexM3\ARM_GCC_541\Debug\tasks.o
                0x00000a14                vTaskDelay
 .text.vTaskSwitchContext
                0x00000a48       0xa8 .\CortexM3\ARM_GCC_541\Debug\tasks.o
                0x00000a48                vTaskSwitchContext
 .text.xTaskRemoveFromEventList
                0x00000af0       0x74 .\CortexM3\ARM_GCC_541\Debug\tasks.o
                0x00000af0                xTaskRemoveFromEventList
 .text.CyClockStartupError
                0x00000b64        0x4 .\CortexM3\ARM_GCC_541\Debug\cyfitter_cfg.o
 .text.cfg_write_bytes32
                0x00000b68       0x34 .\CortexM3\ARM_GCC_541\Debug\cyfitter_cfg.o
 .text.AnalogSetDefault
                0x00000b9c       0x28 .\CortexM3\ARM_GCC_541\Debug\cyfitter_cfg.o
 .text.CYMEMZERO
                0x00000bc4        0xc .\CortexM3\ARM_GCC_541\Debug\cyfitter_cfg.o
 .text.ClockSetup
                0x00000bd0       0xb4 .\CortexM3\ARM_GCC_541\Debug\cyfitter_cfg.o
 .text.CYCONFIGCPY
                0x00000c84        0x8 .\CortexM3\ARM_GCC_541\Debug\cyfitter_cfg.o
 .text.cyfitter_cfg
                0x00000c8c      0x110 .\CortexM3\ARM_GCC_541\Debug\cyfitter_cfg.o
                0x00000c8c                cyfitter_cfg
 .text.IntDefaultHandler
                0x00000d9c       0x10 .\CortexM3\ARM_GCC_541\Debug\Cm3Start.o
                0x00000d9c                IntDefaultHandler
 .text.Start_c  0x00000dac       0x4c .\CortexM3\ARM_GCC_541\Debug\Cm3Start.o
                0x00000dac                Start_c
 .text.initialize_psoc
                0x00000df8       0x68 .\CortexM3\ARM_GCC_541\Debug\Cm3Start.o
                0x00000df8                initialize_psoc
 .text.UART_LOG_Init
                0x00000e60       0x24 .\CortexM3\ARM_GCC_541\Debug\Design01_Tx.a(UART_LOG.o)
                0x00000e60                UART_LOG_Init
 .text.UART_LOG_Enable
                0x00000e84       0x38 .\CortexM3\ARM_GCC_541\Debug\Design01_Tx.a(UART_LOG.o)
                0x00000e84                UART_LOG_Enable
 .text.UART_LOG_Start
                0x00000ebc       0x1c .\CortexM3\ARM_GCC_541\Debug\Design01_Tx.a(UART_LOG.o)
                0x00000ebc                UART_LOG_Start
 .text.UART_LOG_IntClock_Start
                0x00000ed8       0x1c .\CortexM3\ARM_GCC_541\Debug\Design01_Tx.a(UART_LOG_IntClock.o)
                0x00000ed8                UART_LOG_IntClock_Start
 .text.CyHalt   0x00000ef4        0x4 .\CortexM3\ARM_GCC_541\Debug\Design01_Tx.a(CyLib.o)
                0x00000ef4                CyHalt
 .text.CyIntSetVector
                0x00000ef8       0x28 .\CortexM3\ARM_GCC_541\Debug\Design01_Tx.a(CyLib.o)
                0x00000ef8                CyIntSetVector
 .text.CyIntSetPriority
                0x00000f20       0x30 .\CortexM3\ARM_GCC_541\Debug\Design01_Tx.a(CyLib.o)
                0x00000f20                CyIntSetPriority
 .text.CAN_Tx_Stop
                0x00000f50       0x5c .\CortexM3\ARM_GCC_541\Debug\Design01_Tx.a(CAN_Tx.o)
                0x00000f50                CAN_Tx_Stop
 .text.CAN_Tx_GlobalIntEnable
                0x00000fac       0x20 .\CortexM3\ARM_GCC_541\Debug\Design01_Tx.a(CAN_Tx.o)
                0x00000fac                CAN_Tx_GlobalIntEnable
 .text.CAN_Tx_Enable
                0x00000fcc       0x6c .\CortexM3\ARM_GCC_541\Debug\Design01_Tx.a(CAN_Tx.o)
                0x00000fcc                CAN_Tx_Enable
 .text.CAN_Tx_GlobalIntDisable
                0x00001038       0x20 .\CortexM3\ARM_GCC_541\Debug\Design01_Tx.a(CAN_Tx.o)
                0x00001038                CAN_Tx_GlobalIntDisable
 .text.CAN_Tx_SetPreScaler
                0x00001058       0x24 .\CortexM3\ARM_GCC_541\Debug\Design01_Tx.a(CAN_Tx.o)
                0x00001058                CAN_Tx_SetPreScaler
 .text.CAN_Tx_SetArbiter
                0x0000107c       0x3c .\CortexM3\ARM_GCC_541\Debug\Design01_Tx.a(CAN_Tx.o)
                0x0000107c                CAN_Tx_SetArbiter
 .text.CAN_Tx_SetTsegSample
                0x000010b8       0x84 .\CortexM3\ARM_GCC_541\Debug\Design01_Tx.a(CAN_Tx.o)
                0x000010b8                CAN_Tx_SetTsegSample
 .text.CAN_Tx_SetRestartType
                0x0000113c       0x3c .\CortexM3\ARM_GCC_541\Debug\Design01_Tx.a(CAN_Tx.o)
                0x0000113c                CAN_Tx_SetRestartType
 .text.CAN_Tx_SetEdgeMode
                0x00001178       0x3c .\CortexM3\ARM_GCC_541\Debug\Design01_Tx.a(CAN_Tx.o)
                0x00001178                CAN_Tx_SetEdgeMode
 .text.CAN_Tx_SetIrqMask
                0x000011b4       0x18 .\CortexM3\ARM_GCC_541\Debug\Design01_Tx.a(CAN_Tx.o)
                0x000011b4                CAN_Tx_SetIrqMask
 .text.CAN_Tx_RxBufConfig
                0x000011cc       0x90 .\CortexM3\ARM_GCC_541\Debug\Design01_Tx.a(CAN_Tx.o)
                0x000011cc                CAN_Tx_RxBufConfig
 .text.CAN_Tx_TxBufConfig
                0x0000125c       0x54 .\CortexM3\ARM_GCC_541\Debug\Design01_Tx.a(CAN_Tx.o)
                0x0000125c                CAN_Tx_TxBufConfig
 .text.CAN_Tx_RxTxBuffersConfig
                0x000012b0       0x50 .\CortexM3\ARM_GCC_541\Debug\Design01_Tx.a(CAN_Tx.o)
                0x000012b0                CAN_Tx_RxTxBuffersConfig
 .text.CAN_Tx_Init
                0x00001300       0xe0 .\CortexM3\ARM_GCC_541\Debug\Design01_Tx.a(CAN_Tx.o)
                0x00001300                CAN_Tx_Init
 .text.CAN_Tx_Start
                0x000013e0       0x24 .\CortexM3\ARM_GCC_541\Debug\Design01_Tx.a(CAN_Tx.o)
                0x000013e0                CAN_Tx_Start
 .text.CAN_Tx_BusOffIsr
                0x00001404       0x18 .\CortexM3\ARM_GCC_541\Debug\Design01_Tx.a(CAN_Tx_INT.o)
                0x00001404                CAN_Tx_BusOffIsr
 .text.CAN_Tx_MsgTXIsr
                0x0000141c        0xc .\CortexM3\ARM_GCC_541\Debug\Design01_Tx.a(CAN_Tx_INT.o)
                0x0000141c                CAN_Tx_MsgTXIsr
 .text.CAN_Tx_MsgRXIsr
                0x00001428       0x5c .\CortexM3\ARM_GCC_541\Debug\Design01_Tx.a(CAN_Tx_INT.o)
                0x00001428                CAN_Tx_MsgRXIsr
 .text.CAN_Tx_ISR
                0x00001484       0x34 .\CortexM3\ARM_GCC_541\Debug\Design01_Tx.a(CAN_Tx_INT.o)
                0x00001484                CAN_Tx_ISR
 .text.CAN_Tx_SendMsg
                0x000014b8       0xdc .\CortexM3\ARM_GCC_541\Debug\Design01_Tx.a(CAN_Tx_TX_RX_func.o)
                0x000014b8                CAN_Tx_SendMsg
 .text.CAN_Tx_ReceiveMsg
                0x00001594       0x1c .\CortexM3\ARM_GCC_541\Debug\Design01_Tx.a(CAN_Tx_TX_RX_func.o)
                0x00001594                CAN_Tx_ReceiveMsg
 .text.CAN_Tx_ReceiveMsg0
                0x000015b0       0x1c .\CortexM3\ARM_GCC_541\Debug\Design01_Tx.a(CAN_Tx_TX_RX_func.o)
                0x000015b0                CAN_Tx_ReceiveMsg0
 .text.CAN_Tx_ReceiveMsgRx_message
                0x000015cc       0x10 .\CortexM3\ARM_GCC_541\Debug\Design01_Tx.a(CAN_Tx_TX_RX_func.o)
                0x000015cc                CAN_Tx_ReceiveMsgRx_message
 *fill*         0x000015dc        0x4 
 .text          0x000015e0       0x20 .\CortexM3\ARM_GCC_541\Debug\Design01_Tx.a(CyBootAsmGnu.o)
                0x000015e0                CyDelayCycles
                0x000015f0                CyEnterCriticalSection
                0x000015f8                CyExitCriticalSection
 .text.__errno  0x00001600        0xc c:/program files (x86)/cypress/psoc creator/4.2/psoc creator/import/gnu/arm/5.4.1/bin/../lib/gcc/arm-none-eabi/5.4.1/../../../../arm-none-eabi/lib/armv7-m\libg_nano.a(lib_a-errno.o)
                0x00001600                __errno
 .text.__libc_init_array
                0x0000160c       0x4c c:/program files (x86)/cypress/psoc creator/4.2/psoc creator/import/gnu/arm/5.4.1/bin/../lib/gcc/arm-none-eabi/5.4.1/../../../../arm-none-eabi/lib/armv7-m\libg_nano.a(lib_a-init.o)
                0x0000160c                __libc_init_array
 .text.memcpy   0x00001658       0x16 c:/program files (x86)/cypress/psoc creator/4.2/psoc creator/import/gnu/arm/5.4.1/bin/../lib/gcc/arm-none-eabi/5.4.1/../../../../arm-none-eabi/lib/armv7-m\libg_nano.a(lib_a-memcpy-stub.o)
                0x00001658                memcpy
 .text.memset   0x0000166e       0x10 c:/program files (x86)/cypress/psoc creator/4.2/psoc creator/import/gnu/arm/5.4.1/bin/../lib/gcc/arm-none-eabi/5.4.1/../../../../arm-none-eabi/lib/armv7-m\libg_nano.a(lib_a-memset.o)
                0x0000166e                memset
 *(.plt)
 *(.gnu.warning)
 *(.glue_7t)
 .glue_7t       0x0000167e        0x0 linker stubs
 *(.glue_7)
 .glue_7        0x0000167e        0x0 linker stubs
 *(.vfp11_veneer)
 .vfp11_veneer  0x0000167e        0x0 linker stubs
 *(.bootloader)
 *(.ARM.extab* .gnu.linkonce.armextab.*)
 *(.gcc_except_table)

.v4_bx          0x00001680        0x0
 .v4_bx         0x00001680        0x0 linker stubs

.iplt           0x00001680        0x0
 .iplt          0x00001680        0x0 c:/program files (x86)/cypress/psoc creator/4.2/psoc creator/import/gnu/arm/5.4.1/bin/../lib/gcc/arm-none-eabi/5.4.1/armv7-m/crtbegin.o

.eh_frame_hdr
 *(.eh_frame_hdr)

.eh_frame       0x00001680        0x4
 *(.eh_frame)
 .eh_frame      0x00001680        0x0 c:/program files (x86)/cypress/psoc creator/4.2/psoc creator/import/gnu/arm/5.4.1/bin/../lib/gcc/arm-none-eabi/5.4.1/armv7-m/crtbegin.o
 .eh_frame      0x00001680        0x4 c:/program files (x86)/cypress/psoc creator/4.2/psoc creator/import/gnu/arm/5.4.1/bin/../lib/gcc/arm-none-eabi/5.4.1/armv7-m/crtend.o
                [!provide]                PROVIDE (__exidx_start, .)

.ARM.exidx
 *(.ARM.exidx* .gnu.linkonce.armexidx.*)
                0x00001684                __exidx_end = .

.rodata         0x00001684      0x1f4
 *(.rodata .rodata.* .gnu.linkonce.r.*)
 .rodata.str1.4
                0x00001684        0xb .\CortexM3\ARM_GCC_541\Debug\main.o
 *fill*         0x0000168f        0x1 
 .rodata.str1.4
                0x00001690        0x8 .\CortexM3\ARM_GCC_541\Debug\tasks.o
                                  0x5 (size before relaxing)
 .rodata        0x00001698       0x44 .\CortexM3\ARM_GCC_541\Debug\cyfitter_cfg.o
 .rodata        0x000016dc      0x160 .\CortexM3\ARM_GCC_541\Debug\Design01_Tx.a(CAN_Tx.o)
 .rodata.str1.1
                0x0000183c        0x2 c:/program files (x86)/cypress/psoc creator/4.2/psoc creator/import/gnu/arm/5.4.1/bin/../lib/gcc/arm-none-eabi/5.4.1/../../../../arm-none-eabi/lib/armv7-m\libg_nano.a(lib_a-impure.o)
                0x00001840                . = ALIGN (0x4)
 *fill*         0x0000183e        0x2 
 *(.init)
 .init          0x00001840        0x4 c:/program files (x86)/cypress/psoc creator/4.2/psoc creator/import/gnu/arm/5.4.1/bin/../lib/gcc/arm-none-eabi/5.4.1/armv7-m/crti.o
                0x00001840                _init
 .init          0x00001844        0x8 c:/program files (x86)/cypress/psoc creator/4.2/psoc creator/import/gnu/arm/5.4.1/bin/../lib/gcc/arm-none-eabi/5.4.1/armv7-m/crtn.o
                0x0000184c                . = ALIGN (0x4)
                0x0000184c                __preinit_array_start = .
 *(.preinit_array)
                0x0000184c                __preinit_array_end = .
                0x0000184c                . = ALIGN (0x4)
                0x0000184c                __init_array_start = .
 *(SORT(.init_array.*))
 *(.init_array)
 .init_array    0x0000184c        0x4 c:/program files (x86)/cypress/psoc creator/4.2/psoc creator/import/gnu/arm/5.4.1/bin/../lib/gcc/arm-none-eabi/5.4.1/armv7-m/crtbegin.o
 .init_array    0x00001850        0x4 .\CortexM3\ARM_GCC_541\Debug\Cm3Start.o
                0x00001854                __init_array_end = .
                0x00001854                . = ALIGN (0x4)
 *(.fini)
 .fini          0x00001854        0x4 c:/program files (x86)/cypress/psoc creator/4.2/psoc creator/import/gnu/arm/5.4.1/bin/../lib/gcc/arm-none-eabi/5.4.1/armv7-m/crti.o
                0x00001854                _fini
 .fini          0x00001858        0x8 c:/program files (x86)/cypress/psoc creator/4.2/psoc creator/import/gnu/arm/5.4.1/bin/../lib/gcc/arm-none-eabi/5.4.1/armv7-m/crtn.o
                0x00001860                . = ALIGN (0x4)
                0x00001860                __fini_array_start = .
 *(.fini_array)
 .fini_array    0x00001860        0x4 c:/program files (x86)/cypress/psoc creator/4.2/psoc creator/import/gnu/arm/5.4.1/bin/../lib/gcc/arm-none-eabi/5.4.1/armv7-m/crtbegin.o
 *(SORT(.fini_array.*))
                0x00001864                __fini_array_end = .
                0x00001864                . = ALIGN (0x4)
 *crtbegin.o(.ctors)
 *(EXCLUDE_FILE(*crtend.o) .ctors)
 *(SORT(.ctors.*))
 *crtend.o(.ctors)
                0x00001864                . = ALIGN (0x4)
 *crtbegin.o(.dtors)
 *(EXCLUDE_FILE(*crtend.o) .dtors)
 *(SORT(.dtors.*))
 *crtend.o(.dtors)
                0x00001864                . = ALIGN (0x4)
                0x00001864                __cy_regions = .
                0x00001864        0x4 LONG 0x1878 __cy_region_init_ram
                0x00001868        0x4 LONG 0x1fff80c8 __cy_region_start_data
                0x0000186c        0x4 LONG 0x70 __cy_region_init_size_ram
                0x00001870        0x4 LONG 0x8148 __cy_region_zero_size_ram
                0x00001874                __cy_regions_end = .
                0x00001878                . = ALIGN (0x8)
 *fill*         0x00001874        0x4 
                0x00001878                _etext = .

.cy_checksum_exclude
                0x00001878        0x0
 *(.cy_checksum_exclude)

.ramvectors     0x1fff8000       0xc0
                0x1fff8000                __cy_region_start_ram = .
 *(.ramvectors)
 .ramvectors    0x1fff8000       0xc0 .\CortexM3\ARM_GCC_541\Debug\Cm3Start.o
                0x1fff8000                CyRamVectors

.noinit         0x1fff80c0        0x1
 *(.noinit)
 .noinit        0x1fff80c0        0x1 .\CortexM3\ARM_GCC_541\Debug\Design01_Tx.a(CyLib.o)
                0x1fff80c0                CyResetStatus

.data           0x1fff80c8       0x70 load address 0x00001878
                0x1fff80c8                __cy_region_start_data = .
 *(.jcr)
 .jcr           0x1fff80c8        0x0 c:/program files (x86)/cypress/psoc creator/4.2/psoc creator/import/gnu/arm/5.4.1/bin/../lib/gcc/arm-none-eabi/5.4.1/armv7-m/crtbegin.o
 .jcr           0x1fff80c8        0x4 c:/program files (x86)/cypress/psoc creator/4.2/psoc creator/import/gnu/arm/5.4.1/bin/../lib/gcc/arm-none-eabi/5.4.1/armv7-m/crtend.o
 *(.got.plt)
 *(.got)
 *(.shdata)
 *(.data .data.* .gnu.linkonce.d.*)
 .data          0x1fff80cc        0x4 .\CortexM3\ARM_GCC_541\Debug\port.o
 .data.impure_data
                0x1fff80d0       0x60 c:/program files (x86)/cypress/psoc creator/4.2/psoc creator/import/gnu/arm/5.4.1/bin/../lib/gcc/arm-none-eabi/5.4.1/../../../../arm-none-eabi/lib/armv7-m\libg_nano.a(lib_a-impure.o)
 .data._impure_ptr
                0x1fff8130        0x4 c:/program files (x86)/cypress/psoc creator/4.2/psoc creator/import/gnu/arm/5.4.1/bin/../lib/gcc/arm-none-eabi/5.4.1/../../../../arm-none-eabi/lib/armv7-m\libg_nano.a(lib_a-impure.o)
                0x1fff8130                _impure_ptr
                0x1fff8138                . = ALIGN (0x8)
 *fill*         0x1fff8134        0x4 
 *(.ram)
                0x1fff8138                _edata = .

.igot.plt       0x1fff8138        0x0 load address 0x000018e8
 .igot.plt      0x1fff8138        0x0 c:/program files (x86)/cypress/psoc creator/4.2/psoc creator/import/gnu/arm/5.4.1/bin/../lib/gcc/arm-none-eabi/5.4.1/armv7-m/crtbegin.o

.bss            0x1fff8138     0x8148 load address 0x000018e8
                0x1fff8138                PROVIDE (__bss_start__, .)
 *(.shbss)
 *(.bss .bss.* .gnu.linkonce.b.*)
 .bss           0x1fff8138       0x1c c:/program files (x86)/cypress/psoc creator/4.2/psoc creator/import/gnu/arm/5.4.1/bin/../lib/gcc/arm-none-eabi/5.4.1/armv7-m/crtbegin.o
 .bss           0x1fff8154       0x15 .\CortexM3\ARM_GCC_541\Debug\main.o
                0x1fff8154                TxGiver
                0x1fff8158                CANTxTASKHandler
                0x1fff815c                indx
                0x1fff8160                CANRemoteTxTASKHanler
                0x1fff8164                CANRxTASKHandler
                0x1fff8168                CAN_Data
 *fill*         0x1fff8169        0x3 
 .bss           0x1fff816c     0x8008 .\CortexM3\ARM_GCC_541\Debug\heap_1.o
 .bss           0x20000174      0x104 .\CortexM3\ARM_GCC_541\Debug\tasks.o
                0x2000024c                pxCurrentTCB
 .bss           0x20000278        0x2 .\CortexM3\ARM_GCC_541\Debug\Design01_Tx.a(UART_LOG.o)
                0x20000278                UART_LOG_initVar
 .bss           0x2000027a        0x1 .\CortexM3\ARM_GCC_541\Debug\Design01_Tx.a(CAN_Tx.o)
                0x2000027a                CAN_Tx_initVar
 *(COMMON)
                0x20000280                . = ALIGN (0x8)
 *fill*         0x2000027b        0x5 
 *(.ram.b)
                0x20000280                _end = .
                0x20000280                __end = .
                0x20000280                PROVIDE (end, .)
                0x20000280                PROVIDE (__bss_end__, .)
                0x00001878                __cy_region_init_ram = LOADADDR (.data)
                0x00000070                __cy_region_init_size_ram = (_edata - ADDR (.data))
                0x00008148                __cy_region_zero_size_ram = (_end - _edata)

.heap           0x20000280       0x80 load address 0x000018e8
                0x20000280                . = _end
                0x20000300                . = (. + 0x80)
 *fill*         0x20000280       0x80 
                0x20000300                __cy_heap_limit = .

.stack          0x20007800      0x800
                0x20007800                __cy_stack_limit = .
                0x20008000                . = (. + 0x800)
 *fill*         0x20007800      0x800 
                0x00000001                ASSERT ((__cy_stack_limit >= __cy_heap_limit), region RAM overflowed with stack)
                0x00000000                cy_checksum_exclude_size = (CY_APPL_LOADABLE == 0x1)?SIZEOF (.cy_checksum_exclude):0x0
                0x00000001                ASSERT ((cy_checksum_exclude_size <= CY_CHECKSUM_EXCLUDE_SIZE), CY_BOOT: Section .cy_checksum_exclude size exceedes specified limit.)

.cyloadermeta
 *(.cyloadermeta)

.cyloadablemeta
 *(.cyloadablemeta)

.cyconfigecc    0x80000000      0x318
 *(.cyconfigecc)
 .cyconfigecc   0x80000000      0x318 .\CortexM3\ARM_GCC_541\Debug\cymetadata.o
                0x80000000                cy_meta_configecc

.cycustnvl      0x90000000        0x4
 *(.cycustnvl)
 .cycustnvl     0x90000000        0x4 .\CortexM3\ARM_GCC_541\Debug\cymetadata.o
                0x90000000                cy_meta_custnvl

.cywolatch      0x90100000        0x4
 *(.cywolatch)
 .cywolatch     0x90100000        0x4 .\CortexM3\ARM_GCC_541\Debug\cymetadata.o
                0x90100000                cy_meta_wonvl

.cyeeprom       0x90200000        0x0
 *(.cyeeprom)
                0x00000001                ASSERT ((. <= ((0x90200000 + ee_offset) + ee_size)), .cyeeprom data will not fit in EEPROM)

.cyflashprotect
                0x90400000      0x100
 *(.cyflashprotect)
 .cyflashprotect
                0x90400000      0x100 .\CortexM3\ARM_GCC_541\Debug\cymetadata.o
                0x90400000                cy_meta_flashprotect

.cymeta         0x90500000        0xc
 *(.cymeta)
 .cymeta        0x90500000        0xc .\CortexM3\ARM_GCC_541\Debug\cymetadata.o
                0x90500000                cy_metadata

.rel.dyn        0x000018e8        0x0 load address 0x9050000c
 .rel.iplt      0x000018e8        0x0 c:/program files (x86)/cypress/psoc creator/4.2/psoc creator/import/gnu/arm/5.4.1/bin/../lib/gcc/arm-none-eabi/5.4.1/armv7-m/crtbegin.o

.stab
 *(.stab)

.stabstr
 *(.stabstr)

.debug
 *(.debug)

.line
 *(.line)

.debug_srcinfo
 *(.debug_srcinfo)

.debug_sfnames
 *(.debug_sfnames)

.debug_aranges  0x00000000     0x1550
 *(.debug_aranges)
 .debug_aranges
                0x00000000       0x48 .\CortexM3\ARM_GCC_541\Debug\seven.o
 .debug_aranges
                0x00000048       0x60 .\CortexM3\ARM_GCC_541\Debug\main.o
 .debug_aranges
                0x000000a8       0x50 .\CortexM3\ARM_GCC_541\Debug\ugui_st7735.o
 .debug_aranges
                0x000000f8      0x560 .\CortexM3\ARM_GCC_541\Debug\ugui.o
 .debug_aranges
                0x00000658       0x18 .\CortexM3\ARM_GCC_541\Debug\croutine.o
 .debug_aranges
                0x00000670       0x68 .\CortexM3\ARM_GCC_541\Debug\event_groups.o
 .debug_aranges
                0x000006d8       0x38 .\CortexM3\ARM_GCC_541\Debug\heap_1.o
 .debug_aranges
                0x00000710       0x40 .\CortexM3\ARM_GCC_541\Debug\list.o
 .debug_aranges
                0x00000750      0x218 .\CortexM3\ARM_GCC_541\Debug\mpu_wrappers.o
 .debug_aranges
                0x00000968       0x70 .\CortexM3\ARM_GCC_541\Debug\port.o
 .debug_aranges
                0x000009d8      0x110 .\CortexM3\ARM_GCC_541\Debug\queue.o
 .debug_aranges
                0x00000ae8       0xc0 .\CortexM3\ARM_GCC_541\Debug\stream_buffer.o
 .debug_aranges
                0x00000ba8      0x1c8 .\CortexM3\ARM_GCC_541\Debug\tasks.o
 .debug_aranges
                0x00000d70       0x18 .\CortexM3\ARM_GCC_541\Debug\timers.o
 .debug_aranges
                0x00000d88       0x58 .\CortexM3\ARM_GCC_541\Debug\cyfitter_cfg.o
 .debug_aranges
                0x00000de0       0x18 .\CortexM3\ARM_GCC_541\Debug\cymetadata.o
 .debug_aranges
                0x00000df8       0x48 .\CortexM3\ARM_GCC_541\Debug\Cm3Start.o
 .debug_aranges
                0x00000e40       0xf0 .\CortexM3\ARM_GCC_541\Debug\Design01_Tx.a(UART_LOG.o)
 .debug_aranges
                0x00000f30       0x70 .\CortexM3\ARM_GCC_541\Debug\Design01_Tx.a(UART_LOG_IntClock.o)
 .debug_aranges
                0x00000fa0      0x2a0 .\CortexM3\ARM_GCC_541\Debug\Design01_Tx.a(CyLib.o)
 .debug_aranges
                0x00001240       0x98 .\CortexM3\ARM_GCC_541\Debug\Design01_Tx.a(cyPm.o)
 .debug_aranges
                0x000012d8       0xc8 .\CortexM3\ARM_GCC_541\Debug\Design01_Tx.a(CAN_Tx.o)
 .debug_aranges
                0x000013a0       0x38 .\CortexM3\ARM_GCC_541\Debug\Design01_Tx.a(CAN_Tx_INT.o)
 .debug_aranges
                0x000013d8       0x50 .\CortexM3\ARM_GCC_541\Debug\Design01_Tx.a(CAN_Tx_TX_RX_func.o)
 .debug_aranges
                0x00001428       0x20 .\CortexM3\ARM_GCC_541\Debug\Design01_Tx.a(CyBootAsmGnu.o)
 .debug_aranges
                0x00001448       0x88 .\CortexM3\ARM_GCC_541\Debug\Design01_Tx.a(CyFlash.o)
 .debug_aranges
                0x000014d0       0x80 .\CortexM3\ARM_GCC_541\Debug\Design01_Tx.a(CySpc.o)

.debug_pubnames
 *(.debug_pubnames)

.debug_info     0x00000000    0x14c98
 *(.debug_info .gnu.linkonce.wi.*)
 .debug_info    0x00000000      0x4b0 .\CortexM3\ARM_GCC_541\Debug\seven.o
 .debug_info    0x000004b0      0xd3f .\CortexM3\ARM_GCC_541\Debug\main.o
 .debug_info    0x000011ef      0xc31 .\CortexM3\ARM_GCC_541\Debug\ugui_st7735.o
 .debug_info    0x00001e20     0x5b89 .\CortexM3\ARM_GCC_541\Debug\ugui.o
 .debug_info    0x000079a9       0xae .\CortexM3\ARM_GCC_541\Debug\croutine.o
 .debug_info    0x00007a57      0x926 .\CortexM3\ARM_GCC_541\Debug\event_groups.o
 .debug_info    0x0000837d      0x20c .\CortexM3\ARM_GCC_541\Debug\heap_1.o
 .debug_info    0x00008589      0x2e5 .\CortexM3\ARM_GCC_541\Debug\list.o
 .debug_info    0x0000886e     0x2691 .\CortexM3\ARM_GCC_541\Debug\mpu_wrappers.o
 .debug_info    0x0000aeff      0x363 .\CortexM3\ARM_GCC_541\Debug\port.o
 .debug_info    0x0000b262     0x1976 .\CortexM3\ARM_GCC_541\Debug\queue.o
 .debug_info    0x0000cbd8     0x1274 .\CortexM3\ARM_GCC_541\Debug\stream_buffer.o
 .debug_info    0x0000de4c     0x20fb .\CortexM3\ARM_GCC_541\Debug\tasks.o
 .debug_info    0x0000ff47       0xae .\CortexM3\ARM_GCC_541\Debug\timers.o
 .debug_info    0x0000fff5      0x5a8 .\CortexM3\ARM_GCC_541\Debug\cyfitter_cfg.o
 .debug_info    0x0001059d      0x135 .\CortexM3\ARM_GCC_541\Debug\cymetadata.o
 .debug_info    0x000106d2      0x3bb .\CortexM3\ARM_GCC_541\Debug\Cm3Start.o
 .debug_info    0x00010a8d      0x60c .\CortexM3\ARM_GCC_541\Debug\Design01_Tx.a(UART_LOG.o)
 .debug_info    0x00011099      0x283 .\CortexM3\ARM_GCC_541\Debug\Design01_Tx.a(UART_LOG_IntClock.o)
 .debug_info    0x0001131c     0x1374 .\CortexM3\ARM_GCC_541\Debug\Design01_Tx.a(CyLib.o)
 .debug_info    0x00012690      0xa2a .\CortexM3\ARM_GCC_541\Debug\Design01_Tx.a(cyPm.o)
 .debug_info    0x000130ba      0x8fb .\CortexM3\ARM_GCC_541\Debug\Design01_Tx.a(CAN_Tx.o)
 .debug_info    0x000139b5      0x2c2 .\CortexM3\ARM_GCC_541\Debug\Design01_Tx.a(CAN_Tx_INT.o)
 .debug_info    0x00013c77      0x3e4 .\CortexM3\ARM_GCC_541\Debug\Design01_Tx.a(CAN_Tx_TX_RX_func.o)
 .debug_info    0x0001405b       0xa0 .\CortexM3\ARM_GCC_541\Debug\Design01_Tx.a(CyBootAsmGnu.o)
 .debug_info    0x000140fb      0x64d .\CortexM3\ARM_GCC_541\Debug\Design01_Tx.a(CyFlash.o)
 .debug_info    0x00014748      0x550 .\CortexM3\ARM_GCC_541\Debug\Design01_Tx.a(CySpc.o)

.debug_abbrev   0x00000000     0x2d1c
 *(.debug_abbrev)
 .debug_abbrev  0x00000000      0x16d .\CortexM3\ARM_GCC_541\Debug\seven.o
 .debug_abbrev  0x0000016d      0x2f7 .\CortexM3\ARM_GCC_541\Debug\main.o
 .debug_abbrev  0x00000464      0x241 .\CortexM3\ARM_GCC_541\Debug\ugui_st7735.o
 .debug_abbrev  0x000006a5      0x29c .\CortexM3\ARM_GCC_541\Debug\ugui.o
 .debug_abbrev  0x00000941       0x4b .\CortexM3\ARM_GCC_541\Debug\croutine.o
 .debug_abbrev  0x0000098c      0x226 .\CortexM3\ARM_GCC_541\Debug\event_groups.o
 .debug_abbrev  0x00000bb2      0x15e .\CortexM3\ARM_GCC_541\Debug\heap_1.o
 .debug_abbrev  0x00000d10       0xf6 .\CortexM3\ARM_GCC_541\Debug\list.o
 .debug_abbrev  0x00000e06      0x22d .\CortexM3\ARM_GCC_541\Debug\mpu_wrappers.o
 .debug_abbrev  0x00001033      0x1db .\CortexM3\ARM_GCC_541\Debug\port.o
 .debug_abbrev  0x0000120e      0x2c8 .\CortexM3\ARM_GCC_541\Debug\queue.o
 .debug_abbrev  0x000014d6      0x275 .\CortexM3\ARM_GCC_541\Debug\stream_buffer.o
 .debug_abbrev  0x0000174b      0x302 .\CortexM3\ARM_GCC_541\Debug\tasks.o
 .debug_abbrev  0x00001a4d       0x4b .\CortexM3\ARM_GCC_541\Debug\timers.o
 .debug_abbrev  0x00001a98      0x20d .\CortexM3\ARM_GCC_541\Debug\cyfitter_cfg.o
 .debug_abbrev  0x00001ca5       0x66 .\CortexM3\ARM_GCC_541\Debug\cymetadata.o
 .debug_abbrev  0x00001d0b      0x1e8 .\CortexM3\ARM_GCC_541\Debug\Cm3Start.o
 .debug_abbrev  0x00001ef3      0x175 .\CortexM3\ARM_GCC_541\Debug\Design01_Tx.a(UART_LOG.o)
 .debug_abbrev  0x00002068      0x139 .\CortexM3\ARM_GCC_541\Debug\Design01_Tx.a(UART_LOG_IntClock.o)
 .debug_abbrev  0x000021a1      0x254 .\CortexM3\ARM_GCC_541\Debug\Design01_Tx.a(CyLib.o)
 .debug_abbrev  0x000023f5      0x1ab .\CortexM3\ARM_GCC_541\Debug\Design01_Tx.a(cyPm.o)
 .debug_abbrev  0x000025a0      0x195 .\CortexM3\ARM_GCC_541\Debug\Design01_Tx.a(CAN_Tx.o)
 .debug_abbrev  0x00002735      0x10f .\CortexM3\ARM_GCC_541\Debug\Design01_Tx.a(CAN_Tx_INT.o)
 .debug_abbrev  0x00002844      0x189 .\CortexM3\ARM_GCC_541\Debug\Design01_Tx.a(CAN_Tx_TX_RX_func.o)
 .debug_abbrev  0x000029cd       0x14 .\CortexM3\ARM_GCC_541\Debug\Design01_Tx.a(CyBootAsmGnu.o)
 .debug_abbrev  0x000029e1      0x1a7 .\CortexM3\ARM_GCC_541\Debug\Design01_Tx.a(CyFlash.o)
 .debug_abbrev  0x00002b88      0x194 .\CortexM3\ARM_GCC_541\Debug\Design01_Tx.a(CySpc.o)

.debug_line     0x00000000     0x6e38
 *(.debug_line)
 .debug_line    0x00000000      0x1f1 .\CortexM3\ARM_GCC_541\Debug\seven.o
 .debug_line    0x000001f1      0x318 .\CortexM3\ARM_GCC_541\Debug\main.o
 .debug_line    0x00000509      0x2f3 .\CortexM3\ARM_GCC_541\Debug\ugui_st7735.o
 .debug_line    0x000007fc     0x194e .\CortexM3\ARM_GCC_541\Debug\ugui.o
 .debug_line    0x0000214a      0x13f .\CortexM3\ARM_GCC_541\Debug\croutine.o
 .debug_line    0x00002289      0x330 .\CortexM3\ARM_GCC_541\Debug\event_groups.o
 .debug_line    0x000025b9      0x268 .\CortexM3\ARM_GCC_541\Debug\heap_1.o
 .debug_line    0x00002821      0x214 .\CortexM3\ARM_GCC_541\Debug\list.o
 .debug_line    0x00002a35      0x75c .\CortexM3\ARM_GCC_541\Debug\mpu_wrappers.o
 .debug_line    0x00003191      0x2ad .\CortexM3\ARM_GCC_541\Debug\port.o
 .debug_line    0x0000343e      0x6e8 .\CortexM3\ARM_GCC_541\Debug\queue.o
 .debug_line    0x00003b26      0x520 .\CortexM3\ARM_GCC_541\Debug\stream_buffer.o
 .debug_line    0x00004046      0xaeb .\CortexM3\ARM_GCC_541\Debug\tasks.o
 .debug_line    0x00004b31      0x13f .\CortexM3\ARM_GCC_541\Debug\timers.o
 .debug_line    0x00004c70      0x1f3 .\CortexM3\ARM_GCC_541\Debug\cyfitter_cfg.o
 .debug_line    0x00004e63      0x141 .\CortexM3\ARM_GCC_541\Debug\cymetadata.o
 .debug_line    0x00004fa4      0x234 .\CortexM3\ARM_GCC_541\Debug\Cm3Start.o
 .debug_line    0x000051d8      0x2c4 .\CortexM3\ARM_GCC_541\Debug\Design01_Tx.a(UART_LOG.o)
 .debug_line    0x0000549c      0x180 .\CortexM3\ARM_GCC_541\Debug\Design01_Tx.a(UART_LOG_IntClock.o)
 .debug_line    0x0000561c      0x816 .\CortexM3\ARM_GCC_541\Debug\Design01_Tx.a(CyLib.o)
 .debug_line    0x00005e32      0x367 .\CortexM3\ARM_GCC_541\Debug\Design01_Tx.a(cyPm.o)
 .debug_line    0x00006199      0x384 .\CortexM3\ARM_GCC_541\Debug\Design01_Tx.a(CAN_Tx.o)
 .debug_line    0x0000651d      0x1dd .\CortexM3\ARM_GCC_541\Debug\Design01_Tx.a(CAN_Tx_INT.o)
 .debug_line    0x000066fa      0x25e .\CortexM3\ARM_GCC_541\Debug\Design01_Tx.a(CAN_Tx_TX_RX_func.o)
 .debug_line    0x00006958       0x66 .\CortexM3\ARM_GCC_541\Debug\Design01_Tx.a(CyBootAsmGnu.o)
 .debug_line    0x000069be      0x21a .\CortexM3\ARM_GCC_541\Debug\Design01_Tx.a(CyFlash.o)
 .debug_line    0x00006bd8      0x260 .\CortexM3\ARM_GCC_541\Debug\Design01_Tx.a(CySpc.o)

.debug_frame    0x00000000     0x4358
 *(.debug_frame)
 .debug_frame   0x00000000       0xcc .\CortexM3\ARM_GCC_541\Debug\seven.o
 .debug_frame   0x000000cc       0xd0 .\CortexM3\ARM_GCC_541\Debug\main.o
 .debug_frame   0x0000019c      0x124 .\CortexM3\ARM_GCC_541\Debug\ugui_st7735.o
 .debug_frame   0x000002c0     0x139c .\CortexM3\ARM_GCC_541\Debug\ugui.o
 .debug_frame   0x0000165c      0x13c .\CortexM3\ARM_GCC_541\Debug\event_groups.o
 .debug_frame   0x00001798       0x60 .\CortexM3\ARM_GCC_541\Debug\heap_1.o
 .debug_frame   0x000017f8       0x70 .\CortexM3\ARM_GCC_541\Debug\list.o
 .debug_frame   0x00001868      0x86c .\CortexM3\ARM_GCC_541\Debug\mpu_wrappers.o
 .debug_frame   0x000020d4       0xe0 .\CortexM3\ARM_GCC_541\Debug\port.o
 .debug_frame   0x000021b4      0x3a0 .\CortexM3\ARM_GCC_541\Debug\queue.o
 .debug_frame   0x00002554      0x2f0 .\CortexM3\ARM_GCC_541\Debug\stream_buffer.o
 .debug_frame   0x00002844      0x670 .\CortexM3\ARM_GCC_541\Debug\tasks.o
 .debug_frame   0x00002eb4       0xe4 .\CortexM3\ARM_GCC_541\Debug\cyfitter_cfg.o
 .debug_frame   0x00002f98       0xb8 .\CortexM3\ARM_GCC_541\Debug\Cm3Start.o
 .debug_frame   0x00003050      0x250 .\CortexM3\ARM_GCC_541\Debug\Design01_Tx.a(UART_LOG.o)
 .debug_frame   0x000032a0       0xe0 .\CortexM3\ARM_GCC_541\Debug\Design01_Tx.a(UART_LOG_IntClock.o)
 .debug_frame   0x00003380      0x738 .\CortexM3\ARM_GCC_541\Debug\Design01_Tx.a(CyLib.o)
 .debug_frame   0x00003ab8      0x1f8 .\CortexM3\ARM_GCC_541\Debug\Design01_Tx.a(cyPm.o)
 .debug_frame   0x00003cb0      0x1cc .\CortexM3\ARM_GCC_541\Debug\Design01_Tx.a(CAN_Tx.o)
 .debug_frame   0x00003e7c       0x78 .\CortexM3\ARM_GCC_541\Debug\Design01_Tx.a(CAN_Tx_INT.o)
 .debug_frame   0x00003ef4       0x94 .\CortexM3\ARM_GCC_541\Debug\Design01_Tx.a(CAN_Tx_TX_RX_func.o)
 .debug_frame   0x00003f88      0x194 .\CortexM3\ARM_GCC_541\Debug\Design01_Tx.a(CyFlash.o)
 .debug_frame   0x0000411c      0x180 .\CortexM3\ARM_GCC_541\Debug\Design01_Tx.a(CySpc.o)
 .debug_frame   0x0000429c       0x20 c:/program files (x86)/cypress/psoc creator/4.2/psoc creator/import/gnu/arm/5.4.1/bin/../lib/gcc/arm-none-eabi/5.4.1/../../../../arm-none-eabi/lib/armv7-m\libg_nano.a(lib_a-errno.o)
 .debug_frame   0x000042bc       0x28 c:/program files (x86)/cypress/psoc creator/4.2/psoc creator/import/gnu/arm/5.4.1/bin/../lib/gcc/arm-none-eabi/5.4.1/../../../../arm-none-eabi/lib/armv7-m\libg_nano.a(lib_a-exit.o)
 .debug_frame   0x000042e4       0x2c c:/program files (x86)/cypress/psoc creator/4.2/psoc creator/import/gnu/arm/5.4.1/bin/../lib/gcc/arm-none-eabi/5.4.1/../../../../arm-none-eabi/lib/armv7-m\libg_nano.a(lib_a-init.o)
 .debug_frame   0x00004310       0x28 c:/program files (x86)/cypress/psoc creator/4.2/psoc creator/import/gnu/arm/5.4.1/bin/../lib/gcc/arm-none-eabi/5.4.1/../../../../arm-none-eabi/lib/armv7-m\libg_nano.a(lib_a-memcpy-stub.o)
 .debug_frame   0x00004338       0x20 c:/program files (x86)/cypress/psoc creator/4.2/psoc creator/import/gnu/arm/5.4.1/bin/../lib/gcc/arm-none-eabi/5.4.1/../../../../arm-none-eabi/lib/armv7-m\libg_nano.a(lib_a-memset.o)

.debug_str      0x00000000     0x5057
 *(.debug_str)
 .debug_str     0x00000000      0x407 .\CortexM3\ARM_GCC_541\Debug\seven.o
                                0x465 (size before relaxing)
 .debug_str     0x00000407      0x51a .\CortexM3\ARM_GCC_541\Debug\main.o
                                0x783 (size before relaxing)
 .debug_str     0x00000921      0x126 .\CortexM3\ARM_GCC_541\Debug\ugui_st7735.o
                                0x540 (size before relaxing)
 .debug_str     0x00000a47      0xe69 .\CortexM3\ARM_GCC_541\Debug\ugui.o
                               0x12b7 (size before relaxing)
 .debug_str     0x000018b0       0x23 .\CortexM3\ARM_GCC_541\Debug\croutine.o
                                0x1c5 (size before relaxing)
 .debug_str     0x000018d3      0x385 .\CortexM3\ARM_GCC_541\Debug\event_groups.o
                                0x646 (size before relaxing)
 .debug_str     0x00001c58       0x61 .\CortexM3\ARM_GCC_541\Debug\heap_1.o
                                0x2a7 (size before relaxing)
 .debug_str     0x00001cb9       0x9c .\CortexM3\ARM_GCC_541\Debug\list.o
                                0x314 (size before relaxing)
 .debug_str     0x00001d55      0xa61 .\CortexM3\ARM_GCC_541\Debug\mpu_wrappers.o
                               0x1254 (size before relaxing)
 .debug_str     0x000027b6       0xef .\CortexM3\ARM_GCC_541\Debug\port.o
                                0x389 (size before relaxing)
 .debug_str     0x000028a5      0x4c1 .\CortexM3\ARM_GCC_541\Debug\queue.o
                                0xaa2 (size before relaxing)
 .debug_str     0x00002d66      0x28d .\CortexM3\ARM_GCC_541\Debug\stream_buffer.o
                                0x87a (size before relaxing)
 .debug_str     0x00002ff3      0x58b .\CortexM3\ARM_GCC_541\Debug\tasks.o
                               0x100d (size before relaxing)
 .debug_str     0x0000357e       0x21 .\CortexM3\ARM_GCC_541\Debug\timers.o
                                0x1c3 (size before relaxing)
 .debug_str     0x0000359f      0x1e6 .\CortexM3\ARM_GCC_541\Debug\cyfitter_cfg.o
                                0x354 (size before relaxing)
 .debug_str     0x00003785       0x75 .\CortexM3\ARM_GCC_541\Debug\cymetadata.o
                                0x1f4 (size before relaxing)
 .debug_str     0x000037fa      0x12a .\CortexM3\ARM_GCC_541\Debug\Cm3Start.o
                                0x31a (size before relaxing)
 .debug_str     0x00003924      0x341 .\CortexM3\ARM_GCC_541\Debug\Design01_Tx.a(UART_LOG.o)
                                0x501 (size before relaxing)
 .debug_str     0x00003c65      0x1ab .\CortexM3\ARM_GCC_541\Debug\Design01_Tx.a(UART_LOG_IntClock.o)
                                0x376 (size before relaxing)
 .debug_str     0x00003e10      0x819 .\CortexM3\ARM_GCC_541\Debug\Design01_Tx.a(CyLib.o)
                                0xa57 (size before relaxing)
 .debug_str     0x00004629      0x365 .\CortexM3\ARM_GCC_541\Debug\Design01_Tx.a(cyPm.o)
                                0x743 (size before relaxing)
 .debug_str     0x0000498e      0x312 .\CortexM3\ARM_GCC_541\Debug\Design01_Tx.a(CAN_Tx.o)
                                0x549 (size before relaxing)
 .debug_str     0x00004ca0       0xb5 .\CortexM3\ARM_GCC_541\Debug\Design01_Tx.a(CAN_Tx_INT.o)
                                0x2f5 (size before relaxing)
 .debug_str     0x00004d55       0x9b .\CortexM3\ARM_GCC_541\Debug\Design01_Tx.a(CAN_Tx_TX_RX_func.o)
                                0x363 (size before relaxing)
 .debug_str     0x00004df0      0x1bb .\CortexM3\ARM_GCC_541\Debug\Design01_Tx.a(CyFlash.o)
                                0x3d0 (size before relaxing)
 .debug_str     0x00004fab       0xac .\CortexM3\ARM_GCC_541\Debug\Design01_Tx.a(CySpc.o)
                                0x348 (size before relaxing)

.debug_loc      0x00000000     0xfe8d
 *(.debug_loc)
 .debug_loc     0x00000000      0x18a .\CortexM3\ARM_GCC_541\Debug\seven.o
 .debug_loc     0x0000018a       0xaf .\CortexM3\ARM_GCC_541\Debug\main.o
 .debug_loc     0x00000239      0x496 .\CortexM3\ARM_GCC_541\Debug\ugui_st7735.o
 .debug_loc     0x000006cf     0x6f34 .\CortexM3\ARM_GCC_541\Debug\ugui.o
 .debug_loc     0x00007603      0x6e0 .\CortexM3\ARM_GCC_541\Debug\event_groups.o
 .debug_loc     0x00007ce3       0x5f .\CortexM3\ARM_GCC_541\Debug\heap_1.o
 .debug_loc     0x00007d42       0x65 .\CortexM3\ARM_GCC_541\Debug\list.o
 .debug_loc     0x00007da7     0x1b04 .\CortexM3\ARM_GCC_541\Debug\mpu_wrappers.o
 .debug_loc     0x000098ab       0xa8 .\CortexM3\ARM_GCC_541\Debug\port.o
 .debug_loc     0x00009953     0x13e3 .\CortexM3\ARM_GCC_541\Debug\queue.o
 .debug_loc     0x0000ad36     0x10b5 .\CortexM3\ARM_GCC_541\Debug\stream_buffer.o
 .debug_loc     0x0000bdeb     0x1720 .\CortexM3\ARM_GCC_541\Debug\tasks.o
 .debug_loc     0x0000d50b      0x288 .\CortexM3\ARM_GCC_541\Debug\cyfitter_cfg.o
 .debug_loc     0x0000d793      0x144 .\CortexM3\ARM_GCC_541\Debug\Cm3Start.o
 .debug_loc     0x0000d8d7      0x258 .\CortexM3\ARM_GCC_541\Debug\Design01_Tx.a(UART_LOG.o)
 .debug_loc     0x0000db2f      0x12c .\CortexM3\ARM_GCC_541\Debug\Design01_Tx.a(UART_LOG_IntClock.o)
 .debug_loc     0x0000dc5b      0xa11 .\CortexM3\ARM_GCC_541\Debug\Design01_Tx.a(CyLib.o)
 .debug_loc     0x0000e66c      0x1e4 .\CortexM3\ARM_GCC_541\Debug\Design01_Tx.a(cyPm.o)
 .debug_loc     0x0000e850      0x980 .\CortexM3\ARM_GCC_541\Debug\Design01_Tx.a(CAN_Tx.o)
 .debug_loc     0x0000f1d0       0x54 .\CortexM3\ARM_GCC_541\Debug\Design01_Tx.a(CAN_Tx_INT.o)
 .debug_loc     0x0000f224      0x1b2 .\CortexM3\ARM_GCC_541\Debug\Design01_Tx.a(CAN_Tx_TX_RX_func.o)
 .debug_loc     0x0000f3d6      0x3b2 .\CortexM3\ARM_GCC_541\Debug\Design01_Tx.a(CyFlash.o)
 .debug_loc     0x0000f788      0x705 .\CortexM3\ARM_GCC_541\Debug\Design01_Tx.a(CySpc.o)

.debug_macinfo
 *(.debug_macinfo)

.debug_ranges   0x00000000     0x1418
 *(.debug_ranges)
 .debug_ranges  0x00000000       0x38 .\CortexM3\ARM_GCC_541\Debug\seven.o
 .debug_ranges  0x00000038       0x50 .\CortexM3\ARM_GCC_541\Debug\main.o
 .debug_ranges  0x00000088       0x40 .\CortexM3\ARM_GCC_541\Debug\ugui_st7735.o
 .debug_ranges  0x000000c8      0x550 .\CortexM3\ARM_GCC_541\Debug\ugui.o
 .debug_ranges  0x00000618       0x70 .\CortexM3\ARM_GCC_541\Debug\event_groups.o
 .debug_ranges  0x00000688       0x28 .\CortexM3\ARM_GCC_541\Debug\heap_1.o
 .debug_ranges  0x000006b0       0x30 .\CortexM3\ARM_GCC_541\Debug\list.o
 .debug_ranges  0x000006e0      0x208 .\CortexM3\ARM_GCC_541\Debug\mpu_wrappers.o
 .debug_ranges  0x000008e8       0x60 .\CortexM3\ARM_GCC_541\Debug\port.o
 .debug_ranges  0x00000948      0x148 .\CortexM3\ARM_GCC_541\Debug\queue.o
 .debug_ranges  0x00000a90       0xb0 .\CortexM3\ARM_GCC_541\Debug\stream_buffer.o
 .debug_ranges  0x00000b40      0x1f8 .\CortexM3\ARM_GCC_541\Debug\tasks.o
 .debug_ranges  0x00000d38       0x48 .\CortexM3\ARM_GCC_541\Debug\cyfitter_cfg.o
 .debug_ranges  0x00000d80       0x38 .\CortexM3\ARM_GCC_541\Debug\Cm3Start.o
 .debug_ranges  0x00000db8       0xe0 .\CortexM3\ARM_GCC_541\Debug\Design01_Tx.a(UART_LOG.o)
 .debug_ranges  0x00000e98       0x60 .\CortexM3\ARM_GCC_541\Debug\Design01_Tx.a(UART_LOG_IntClock.o)
 .debug_ranges  0x00000ef8      0x290 .\CortexM3\ARM_GCC_541\Debug\Design01_Tx.a(CyLib.o)
 .debug_ranges  0x00001188       0x88 .\CortexM3\ARM_GCC_541\Debug\Design01_Tx.a(cyPm.o)
 .debug_ranges  0x00001210       0xb8 .\CortexM3\ARM_GCC_541\Debug\Design01_Tx.a(CAN_Tx.o)
 .debug_ranges  0x000012c8       0x28 .\CortexM3\ARM_GCC_541\Debug\Design01_Tx.a(CAN_Tx_INT.o)
 .debug_ranges  0x000012f0       0x40 .\CortexM3\ARM_GCC_541\Debug\Design01_Tx.a(CAN_Tx_TX_RX_func.o)
 .debug_ranges  0x00001330       0x78 .\CortexM3\ARM_GCC_541\Debug\Design01_Tx.a(CyFlash.o)
 .debug_ranges  0x000013a8       0x70 .\CortexM3\ARM_GCC_541\Debug\Design01_Tx.a(CySpc.o)

.comment        0x00000000       0x6e
 .comment       0x00000000       0x6e .\CortexM3\ARM_GCC_541\Debug\seven.o
                                 0x6f (size before relaxing)
 .comment       0x0000006e       0x6f .\CortexM3\ARM_GCC_541\Debug\main.o
 .comment       0x0000006e       0x6f .\CortexM3\ARM_GCC_541\Debug\ugui_st7735.o
 .comment       0x0000006e       0x6f .\CortexM3\ARM_GCC_541\Debug\ugui.o
 .comment       0x0000006e       0x6f .\CortexM3\ARM_GCC_541\Debug\croutine.o
 .comment       0x0000006e       0x6f .\CortexM3\ARM_GCC_541\Debug\event_groups.o
 .comment       0x0000006e       0x6f .\CortexM3\ARM_GCC_541\Debug\heap_1.o
 .comment       0x0000006e       0x6f .\CortexM3\ARM_GCC_541\Debug\list.o
 .comment       0x0000006e       0x6f .\CortexM3\ARM_GCC_541\Debug\mpu_wrappers.o
 .comment       0x0000006e       0x6f .\CortexM3\ARM_GCC_541\Debug\port.o
 .comment       0x0000006e       0x6f .\CortexM3\ARM_GCC_541\Debug\queue.o
 .comment       0x0000006e       0x6f .\CortexM3\ARM_GCC_541\Debug\stream_buffer.o
 .comment       0x0000006e       0x6f .\CortexM3\ARM_GCC_541\Debug\tasks.o
 .comment       0x0000006e       0x6f .\CortexM3\ARM_GCC_541\Debug\timers.o
 .comment       0x0000006e       0x6f .\CortexM3\ARM_GCC_541\Debug\cyfitter_cfg.o
 .comment       0x0000006e       0x6f .\CortexM3\ARM_GCC_541\Debug\cymetadata.o
 .comment       0x0000006e       0x6f .\CortexM3\ARM_GCC_541\Debug\Cm3Start.o
 .comment       0x0000006e       0x6f .\CortexM3\ARM_GCC_541\Debug\Design01_Tx.a(UART_LOG.o)
 .comment       0x0000006e       0x6f .\CortexM3\ARM_GCC_541\Debug\Design01_Tx.a(UART_LOG_IntClock.o)
 .comment       0x0000006e       0x6f .\CortexM3\ARM_GCC_541\Debug\Design01_Tx.a(CyLib.o)
 .comment       0x0000006e       0x6f .\CortexM3\ARM_GCC_541\Debug\Design01_Tx.a(cyPm.o)
 .comment       0x0000006e       0x6f .\CortexM3\ARM_GCC_541\Debug\Design01_Tx.a(CAN_Tx.o)
 .comment       0x0000006e       0x6f .\CortexM3\ARM_GCC_541\Debug\Design01_Tx.a(CAN_Tx_INT.o)
 .comment       0x0000006e       0x6f .\CortexM3\ARM_GCC_541\Debug\Design01_Tx.a(CAN_Tx_TX_RX_func.o)
 .comment       0x0000006e       0x6f .\CortexM3\ARM_GCC_541\Debug\Design01_Tx.a(CyFlash.o)
 .comment       0x0000006e       0x6f .\CortexM3\ARM_GCC_541\Debug\Design01_Tx.a(CySpc.o)

.debug_weaknames
 *(.debug_weaknames)

.debug_funcnames
 *(.debug_funcnames)

.debug_typenames
 *(.debug_typenames)

.debug_varnames
 *(.debug_varnames)

.note.gnu.arm.ident
 *(.note.gnu.arm.ident)

.ARM.attributes
                0x00000000       0x29
 *(.ARM.attributes)
 .ARM.attributes
                0x00000000       0x1d c:/program files (x86)/cypress/psoc creator/4.2/psoc creator/import/gnu/arm/5.4.1/bin/../lib/gcc/arm-none-eabi/5.4.1/armv7-m/crti.o
 .ARM.attributes
                0x0000001d       0x2d c:/program files (x86)/cypress/psoc creator/4.2/psoc creator/import/gnu/arm/5.4.1/bin/../lib/gcc/arm-none-eabi/5.4.1/armv7-m/crtbegin.o
 .ARM.attributes
                0x0000004a       0x1b c:/program files (x86)/cypress/psoc creator/4.2/psoc creator/import/gnu/arm/5.4.1/bin/../lib/gcc/arm-none-eabi/5.4.1/../../../../arm-none-eabi/lib/armv7-m/crt0.o
 .ARM.attributes
                0x00000065       0x33 .\CortexM3\ARM_GCC_541\Debug\seven.o
 .ARM.attributes
                0x00000098       0x33 .\CortexM3\ARM_GCC_541\Debug\main.o
 .ARM.attributes
                0x000000cb       0x33 .\CortexM3\ARM_GCC_541\Debug\ugui_st7735.o
 .ARM.attributes
                0x000000fe       0x33 .\CortexM3\ARM_GCC_541\Debug\ugui.o
 .ARM.attributes
                0x00000131       0x33 .\CortexM3\ARM_GCC_541\Debug\croutine.o
 .ARM.attributes
                0x00000164       0x33 .\CortexM3\ARM_GCC_541\Debug\event_groups.o
 .ARM.attributes
                0x00000197       0x33 .\CortexM3\ARM_GCC_541\Debug\heap_1.o
 .ARM.attributes
                0x000001ca       0x33 .\CortexM3\ARM_GCC_541\Debug\list.o
 .ARM.attributes
                0x000001fd       0x33 .\CortexM3\ARM_GCC_541\Debug\mpu_wrappers.o
 .ARM.attributes
                0x00000230       0x33 .\CortexM3\ARM_GCC_541\Debug\port.o
 .ARM.attributes
                0x00000263       0x33 .\CortexM3\ARM_GCC_541\Debug\queue.o
 .ARM.attributes
                0x00000296       0x33 .\CortexM3\ARM_GCC_541\Debug\stream_buffer.o
 .ARM.attributes
                0x000002c9       0x33 .\CortexM3\ARM_GCC_541\Debug\tasks.o
 .ARM.attributes
                0x000002fc       0x33 .\CortexM3\ARM_GCC_541\Debug\timers.o
 .ARM.attributes
                0x0000032f       0x33 .\CortexM3\ARM_GCC_541\Debug\cyfitter_cfg.o
 .ARM.attributes
                0x00000362       0x33 .\CortexM3\ARM_GCC_541\Debug\cymetadata.o
 .ARM.attributes
                0x00000395       0x33 .\CortexM3\ARM_GCC_541\Debug\Cm3Start.o
 .ARM.attributes
                0x000003c8       0x33 .\CortexM3\ARM_GCC_541\Debug\Design01_Tx.a(UART_LOG.o)
 .ARM.attributes
                0x000003fb       0x33 .\CortexM3\ARM_GCC_541\Debug\Design01_Tx.a(UART_LOG_IntClock.o)
 .ARM.attributes
                0x0000042e       0x33 .\CortexM3\ARM_GCC_541\Debug\Design01_Tx.a(CyLib.o)
 .ARM.attributes
                0x00000461       0x33 .\CortexM3\ARM_GCC_541\Debug\Design01_Tx.a(cyPm.o)
 .ARM.attributes
                0x00000494       0x33 .\CortexM3\ARM_GCC_541\Debug\Design01_Tx.a(CAN_Tx.o)
 .ARM.attributes
                0x000004c7       0x33 .\CortexM3\ARM_GCC_541\Debug\Design01_Tx.a(CAN_Tx_INT.o)
 .ARM.attributes
                0x000004fa       0x33 .\CortexM3\ARM_GCC_541\Debug\Design01_Tx.a(CAN_Tx_TX_RX_func.o)
 .ARM.attributes
                0x0000052d       0x21 .\CortexM3\ARM_GCC_541\Debug\Design01_Tx.a(CyBootAsmGnu.o)
 .ARM.attributes
                0x0000054e       0x33 .\CortexM3\ARM_GCC_541\Debug\Design01_Tx.a(CyFlash.o)
 .ARM.attributes
                0x00000581       0x33 .\CortexM3\ARM_GCC_541\Debug\Design01_Tx.a(CySpc.o)
 .ARM.attributes
                0x000005b4       0x2d c:/program files (x86)/cypress/psoc creator/4.2/psoc creator/import/gnu/arm/5.4.1/bin/../lib/gcc/arm-none-eabi/5.4.1/../../../../arm-none-eabi/lib/armv7-m\libg_nano.a(lib_a-errno.o)
 .ARM.attributes
                0x000005e1       0x2d c:/program files (x86)/cypress/psoc creator/4.2/psoc creator/import/gnu/arm/5.4.1/bin/../lib/gcc/arm-none-eabi/5.4.1/../../../../arm-none-eabi/lib/armv7-m\libg_nano.a(lib_a-exit.o)
 .ARM.attributes
                0x0000060e       0x2d c:/program files (x86)/cypress/psoc creator/4.2/psoc creator/import/gnu/arm/5.4.1/bin/../lib/gcc/arm-none-eabi/5.4.1/../../../../arm-none-eabi/lib/armv7-m\libg_nano.a(lib_a-impure.o)
 .ARM.attributes
                0x0000063b       0x2d c:/program files (x86)/cypress/psoc creator/4.2/psoc creator/import/gnu/arm/5.4.1/bin/../lib/gcc/arm-none-eabi/5.4.1/../../../../arm-none-eabi/lib/armv7-m\libg_nano.a(lib_a-init.o)
 .ARM.attributes
                0x00000668       0x2d c:/program files (x86)/cypress/psoc creator/4.2/psoc creator/import/gnu/arm/5.4.1/bin/../lib/gcc/arm-none-eabi/5.4.1/../../../../arm-none-eabi/lib/armv7-m\libg_nano.a(lib_a-memcpy-stub.o)
 .ARM.attributes
                0x00000695       0x2d c:/program files (x86)/cypress/psoc creator/4.2/psoc creator/import/gnu/arm/5.4.1/bin/../lib/gcc/arm-none-eabi/5.4.1/../../../../arm-none-eabi/lib/armv7-m\libg_nano.a(lib_a-memset.o)
 .ARM.attributes
                0x000006c2       0x2d c:/program files (x86)/cypress/psoc creator/4.2/psoc creator/import/gnu/arm/5.4.1/bin/../lib/gcc/arm-none-eabi/5.4.1/armv7-m/crtend.o
 .ARM.attributes
                0x000006ef       0x1d c:/program files (x86)/cypress/psoc creator/4.2/psoc creator/import/gnu/arm/5.4.1/bin/../lib/gcc/arm-none-eabi/5.4.1/armv7-m/crtn.o

/DISCARD/
 *(.note.GNU-stack)
OUTPUT(C:\Users\Reza\Documents\PSoC Creator\CAN_Application_01\Design01_Tx.cydsn\CortexM3\ARM_GCC_541\Debug\Design01_Tx.elf elf32-littlearm)
